Archive member included to satisfy reference by file (symbol)

C:/ST/STM32CubeIDE_1.17.0/STM32CubeIDE/plugins/com.st.stm32cube.ide.mcu.externaltools.gnu-tools-for-stm32.12.3.rel1.win32_1.1.0.202410251130/tools/bin/../lib/gcc/arm-none-eabi/12.3.1/../../../../arm-none-eabi/lib/thumb/v7e-m+fp/hard\libc_nano.a(libc_a-exit.o)
                              C:/ST/STM32CubeIDE_1.17.0/STM32CubeIDE/plugins/com.st.stm32cube.ide.mcu.externaltools.gnu-tools-for-stm32.12.3.rel1.win32_1.1.0.202410251130/tools/bin/../lib/gcc/arm-none-eabi/12.3.1/../../../../arm-none-eabi/lib/thumb/v7e-m+fp/hard/crt0.o (exit)
C:/ST/STM32CubeIDE_1.17.0/STM32CubeIDE/plugins/com.st.stm32cube.ide.mcu.externaltools.gnu-tools-for-stm32.12.3.rel1.win32_1.1.0.202410251130/tools/bin/../lib/gcc/arm-none-eabi/12.3.1/../../../../arm-none-eabi/lib/thumb/v7e-m+fp/hard\libc_nano.a(libc_a-findfp.o)
                              C:/ST/STM32CubeIDE_1.17.0/STM32CubeIDE/plugins/com.st.stm32cube.ide.mcu.externaltools.gnu-tools-for-stm32.12.3.rel1.win32_1.1.0.202410251130/tools/bin/../lib/gcc/arm-none-eabi/12.3.1/../../../../arm-none-eabi/lib/thumb/v7e-m+fp/hard\libc_nano.a(libc_a-exit.o) (__stdio_exit_handler)
C:/ST/STM32CubeIDE_1.17.0/STM32CubeIDE/plugins/com.st.stm32cube.ide.mcu.externaltools.gnu-tools-for-stm32.12.3.rel1.win32_1.1.0.202410251130/tools/bin/../lib/gcc/arm-none-eabi/12.3.1/../../../../arm-none-eabi/lib/thumb/v7e-m+fp/hard\libc_nano.a(libc_a-fwalk.o)
                              C:/ST/STM32CubeIDE_1.17.0/STM32CubeIDE/plugins/com.st.stm32cube.ide.mcu.externaltools.gnu-tools-for-stm32.12.3.rel1.win32_1.1.0.202410251130/tools/bin/../lib/gcc/arm-none-eabi/12.3.1/../../../../arm-none-eabi/lib/thumb/v7e-m+fp/hard\libc_nano.a(libc_a-findfp.o) (_fwalk_sglue)
C:/ST/STM32CubeIDE_1.17.0/STM32CubeIDE/plugins/com.st.stm32cube.ide.mcu.externaltools.gnu-tools-for-stm32.12.3.rel1.win32_1.1.0.202410251130/tools/bin/../lib/gcc/arm-none-eabi/12.3.1/../../../../arm-none-eabi/lib/thumb/v7e-m+fp/hard\libc_nano.a(libc_a-snprintf.o)
                              ./Core/Src/LCD.o (snprintf)
C:/ST/STM32CubeIDE_1.17.0/STM32CubeIDE/plugins/com.st.stm32cube.ide.mcu.externaltools.gnu-tools-for-stm32.12.3.rel1.win32_1.1.0.202410251130/tools/bin/../lib/gcc/arm-none-eabi/12.3.1/../../../../arm-none-eabi/lib/thumb/v7e-m+fp/hard\libc_nano.a(libc_a-sprintf.o)
                              ./Core/Src/CAN_Functionalities.o (sprintf)
C:/ST/STM32CubeIDE_1.17.0/STM32CubeIDE/plugins/com.st.stm32cube.ide.mcu.externaltools.gnu-tools-for-stm32.12.3.rel1.win32_1.1.0.202410251130/tools/bin/../lib/gcc/arm-none-eabi/12.3.1/../../../../arm-none-eabi/lib/thumb/v7e-m+fp/hard\libc_nano.a(libc_a-stdio.o)
                              C:/ST/STM32CubeIDE_1.17.0/STM32CubeIDE/plugins/com.st.stm32cube.ide.mcu.externaltools.gnu-tools-for-stm32.12.3.rel1.win32_1.1.0.202410251130/tools/bin/../lib/gcc/arm-none-eabi/12.3.1/../../../../arm-none-eabi/lib/thumb/v7e-m+fp/hard\libc_nano.a(libc_a-findfp.o) (__sread)
C:/ST/STM32CubeIDE_1.17.0/STM32CubeIDE/plugins/com.st.stm32cube.ide.mcu.externaltools.gnu-tools-for-stm32.12.3.rel1.win32_1.1.0.202410251130/tools/bin/../lib/gcc/arm-none-eabi/12.3.1/../../../../arm-none-eabi/lib/thumb/v7e-m+fp/hard\libc_nano.a(libc_a-memset.o)
                              C:/ST/STM32CubeIDE_1.17.0/STM32CubeIDE/plugins/com.st.stm32cube.ide.mcu.externaltools.gnu-tools-for-stm32.12.3.rel1.win32_1.1.0.202410251130/tools/bin/../lib/gcc/arm-none-eabi/12.3.1/../../../../arm-none-eabi/lib/thumb/v7e-m+fp/hard/crt0.o (memset)
C:/ST/STM32CubeIDE_1.17.0/STM32CubeIDE/plugins/com.st.stm32cube.ide.mcu.externaltools.gnu-tools-for-stm32.12.3.rel1.win32_1.1.0.202410251130/tools/bin/../lib/gcc/arm-none-eabi/12.3.1/../../../../arm-none-eabi/lib/thumb/v7e-m+fp/hard\libc_nano.a(libc_a-closer.o)
                              C:/ST/STM32CubeIDE_1.17.0/STM32CubeIDE/plugins/com.st.stm32cube.ide.mcu.externaltools.gnu-tools-for-stm32.12.3.rel1.win32_1.1.0.202410251130/tools/bin/../lib/gcc/arm-none-eabi/12.3.1/../../../../arm-none-eabi/lib/thumb/v7e-m+fp/hard\libc_nano.a(libc_a-stdio.o) (_close_r)
C:/ST/STM32CubeIDE_1.17.0/STM32CubeIDE/plugins/com.st.stm32cube.ide.mcu.externaltools.gnu-tools-for-stm32.12.3.rel1.win32_1.1.0.202410251130/tools/bin/../lib/gcc/arm-none-eabi/12.3.1/../../../../arm-none-eabi/lib/thumb/v7e-m+fp/hard\libc_nano.a(libc_a-reent.o)
                              C:/ST/STM32CubeIDE_1.17.0/STM32CubeIDE/plugins/com.st.stm32cube.ide.mcu.externaltools.gnu-tools-for-stm32.12.3.rel1.win32_1.1.0.202410251130/tools/bin/../lib/gcc/arm-none-eabi/12.3.1/../../../../arm-none-eabi/lib/thumb/v7e-m+fp/hard\libc_nano.a(libc_a-closer.o) (errno)
C:/ST/STM32CubeIDE_1.17.0/STM32CubeIDE/plugins/com.st.stm32cube.ide.mcu.externaltools.gnu-tools-for-stm32.12.3.rel1.win32_1.1.0.202410251130/tools/bin/../lib/gcc/arm-none-eabi/12.3.1/../../../../arm-none-eabi/lib/thumb/v7e-m+fp/hard\libc_nano.a(libc_a-impure.o)
[...]
Memory Configuration

Name             Origin             Length             Attributes
RAM              0x20000000         0x00020000         xrw
FLASH            0x08000000         0x00080000         xr
*default*        0x00000000         0xffffffff

Linker script and memory map

LOAD C:/ST/STM32CubeIDE_1.17.0/STM32CubeIDE/plugins/com.st.stm32cube.ide.mcu.externaltools.gnu-tools-for-stm32.12.3.rel1.win32_1.1.0.202410251130/tools/bin/../lib/gcc/arm-none-eabi/12.3.1/thumb/v7e-m+fp/hard/crti.o
LOAD C:/ST/STM32CubeIDE_1.17.0/STM32CubeIDE/plugins/com.st.stm32cube.ide.mcu.externaltools.gnu-tools-for-stm32.12.3.rel1.win32_1.1.0.202410251130/tools/bin/../lib/gcc/arm-none-eabi/12.3.1/thumb/v7e-m+fp/hard/crtbegin.o
LOAD C:/ST/STM32CubeIDE_1.17.0/STM32CubeIDE/plugins/com.st.stm32cube.ide.mcu.externaltools.gnu-tools-for-stm32.12.3.rel1.win32_1.1.0.202410251130/tools/bin/../lib/gcc/arm-none-eabi/12.3.1/../../../../arm-none-eabi/lib/thumb/v7e-m+fp/hard/crt0.o
LOAD ./Common_RTOS_File/Third_Party/FreeRTOS/croutine.o
LOAD ./Common_RTOS_File/Third_Party/FreeRTOS/event_groups.o
LOAD ./Common_RTOS_File/Third_Party/FreeRTOS/list.o
LOAD ./Common_RTOS_File/Third_Party/FreeRTOS/queue.o
LOAD ./Common_RTOS_File/Third_Party/FreeRTOS/stream_buffer.o
LOAD ./Common_RTOS_File/Third_Party/FreeRTOS/tasks.o
LOAD ./Common_RTOS_File/Third_Party/FreeRTOS/timers.o
LOAD ./Common_RTOS_File/Third_Party/FreeRTOS/portable/GCC/ARM_CM4F/port.o
LOAD ./Common_RTOS_File/Third_Party/FreeRTOS/portable/MemMang/heap_4.o
LOAD ./Core/Src/CAN_Functionalities.o
LOAD ./Core/Src/LCD.o
LOAD ./Core/Src/it.o
LOAD ./Core/Src/main_1.o
LOAD ./Core/Src/msp.o
LOAD ./Core/Src/syscalls.o
LOAD ./Core/Src/sysmem.o
LOAD ./Core/Src/system_stm32f4xx.o
LOAD ./Core/Startup/startup_stm32f446retx.o
LOAD ./Drivers/STM32F4xx_HAL_Driver/Src/stm32f4xx_hal.o
LOAD ./Drivers/STM32F4xx_HAL_Driver/Src/stm32f4xx_hal_can.o
LOAD ./Drivers/STM32F4xx_HAL_Driver/Src/stm32f4xx_hal_cortex.o
LOAD ./Drivers/STM32F4xx_HAL_Driver/Src/stm32f4xx_hal_dma.o
LOAD ./Drivers/STM32F4xx_HAL_Driver/Src/stm32f4xx_hal_dma_ex.o
LOAD ./Drivers/STM32F4xx_HAL_Driver/Src/stm32f4xx_hal_exti.o
LOAD ./Drivers/STM32F4xx_HAL_Driver/Src/stm32f4xx_hal_flash.o
LOAD ./Drivers/STM32F4xx_HAL_Driver/Src/stm32f4xx_hal_flash_ex.o
LOAD ./Drivers/STM32F4xx_HAL_Driver/Src/stm32f4xx_hal_flash_ramfunc.o
LOAD ./Drivers/STM32F4xx_HAL_Driver/Src/stm32f4xx_hal_gpio.o
LOAD ./Drivers/STM32F4xx_HAL_Driver/Src/stm32f4xx_hal_i2c.o
LOAD ./Drivers/STM32F4xx_HAL_Driver/Src/stm32f4xx_hal_i2c_ex.o
LOAD ./Drivers/STM32F4xx_HAL_Driver/Src/stm32f4xx_hal_pwr.o
LOAD ./Drivers/STM32F4xx_HAL_Driver/Src/stm32f4xx_hal_pwr_ex.o
LOAD ./Drivers/STM32F4xx_HAL_Driver/Src/stm32f4xx_hal_rcc.o
LOAD ./Drivers/STM32F4xx_HAL_Driver/Src/stm32f4xx_hal_rcc_ex.o
LOAD ./Drivers/STM32F4xx_HAL_Driver/Src/stm32f4xx_hal_tim.o
LOAD ./Drivers/STM32F4xx_HAL_Driver/Src/stm32f4xx_hal_tim_ex.o
LOAD ./Drivers/STM32F4xx_HAL_Driver/Src/stm32f4xx_hal_uart.o
START GROUP
LOAD C:/ST/STM32CubeIDE_1.17.0/STM32CubeIDE/plugins/com.st.stm32cube.ide.mcu.externaltools.gnu-tools-for-stm32.12.3.rel1.win32_1.1.0.202410251130/tools/bin/../lib/gcc/arm-none-eabi/12.3.1/../../../../arm-none-eabi/lib/thumb/v7e-m+fp/hard\libc_nano.a
LOAD C:/ST/STM32CubeIDE_1.17.0/STM32CubeIDE/plugins/com.st.stm32cube.ide.mcu.externaltools.gnu-tools-for-stm32.12.3.rel1.win32_1.1.0.202410251130/tools/bin/../lib/gcc/arm-none-eabi/12.3.1/../../../../arm-none-eabi/lib/thumb/v7e-m+fp/hard\libm.a
END GROUP
START GROUP
LOAD C:/ST/STM32CubeIDE_1.17.0/STM32CubeIDE/plugins/com.st.stm32cube.ide.mcu.externaltools.gnu-tools-for-stm32.12.3.rel1.win32_1.1.0.202410251130/tools/bin/../lib/gcc/arm-none-eabi/12.3.1/thumb/v7e-m+fp/hard\libgcc.a
LOAD C:/ST/STM32CubeIDE_1.17.0/STM32CubeIDE/plugins/com.st.stm32cube.ide.mcu.externaltools.gnu-tools-for-stm32.12.3.rel1.win32_1.1.0.202410251130/tools/bin/../lib/gcc/arm-none-eabi/12.3.1/../../../../arm-none-eabi/lib/thumb/v7e-m+fp/hard\libc_nano.a
END GROUP
START GROUP
LOAD C:/ST/STM32CubeIDE_1.17.0/STM32CubeIDE/plugins/com.st.stm32cube.ide.mcu.externaltools.gnu-tools-for-stm32.12.3.rel1.win32_1.1.0.202410251130/tools/bin/../lib/gcc/arm-none-eabi/12.3.1/thumb/v7e-m+fp/hard\libgcc.a
LOAD C:/ST/STM32CubeIDE_1.17.0/STM32CubeIDE/plugins/com.st.stm32cube.ide.mcu.externaltools.gnu-tools-for-stm32.12.3.rel1.win32_1.1.0.202410251130/tools/bin/../lib/gcc/arm-none-eabi/12.3.1/../../../../arm-none-eabi/lib/thumb/v7e-m+fp/hard\libc_nano.a
LOAD C:/ST/STM32CubeIDE_1.17.0/STM32CubeIDE/plugins/com.st.stm32cube.ide.mcu.externaltools.gnu-tools-for-stm32.12.3.rel1.win32_1.1.0.202410251130/tools/bin/../lib/gcc/arm-none-eabi/12.3.1/../../../../arm-none-eabi/lib/thumb/v7e-m+fp/hard\libnosys.a
END GROUP
START GROUP
LOAD C:/ST/STM32CubeIDE_1.17.0/STM32CubeIDE/plugins/com.st.stm32cube.ide.mcu.externaltools.gnu-tools-for-stm32.12.3.rel1.win32_1.1.0.202410251130/tools/bin/../lib/gcc/arm-none-eabi/12.3.1/thumb/v7e-m+fp/hard\libgcc.a
LOAD C:/ST/STM32CubeIDE_1.17.0/STM32CubeIDE/plugins/com.st.stm32cube.ide.mcu.externaltools.gnu-tools-for-stm32.12.3.rel1.win32_1.1.0.202410251130/tools/bin/../lib/gcc/arm-none-eabi/12.3.1/../../../../arm-none-eabi/lib/thumb/v7e-m+fp/hard\libc_nano.a
LOAD C:/ST/STM32CubeIDE_1.17.0/STM32CubeIDE/plugins/com.st.stm32cube.ide.mcu.externaltools.gnu-tools-for-stm32.12.3.rel1.win32_1.1.0.202410251130/tools/bin/../lib/gcc/arm-none-eabi/12.3.1/../../../../arm-none-eabi/lib/thumb/v7e-m+fp/hard\libnosys.a
END GROUP
LOAD C:/ST/STM32CubeIDE_1.17.0/STM32CubeIDE/plugins/com.st.stm32cube.ide.mcu.externaltools.gnu-tools-for-stm32.12.3.rel1.win32_1.1.0.202410251130/tools/bin/../lib/gcc/arm-none-eabi/12.3.1/thumb/v7e-m+fp/hard/crtend.o
LOAD C:/ST/STM32CubeIDE_1.17.0/STM32CubeIDE/plugins/com.st.stm32cube.ide.mcu.externaltools.gnu-tools-for-stm32.12.3.rel1.win32_1.1.0.202410251130/tools/bin/../lib/gcc/arm-none-eabi/12.3.1/thumb/v7e-m+fp/hard/crtn.o
                0x20020000                        _estack = (ORIGIN (RAM) + LENGTH (RAM))
                0x00000200                        _Min_Heap_Size = 0x200
                0x00000400                        _Min_Stack_Size = 0x400

.isr_vector     0x08000000      0x1c4
                0x08000000                        . = ALIGN (0x4)
 *(.isr_vector)
 .isr_vector    0x08000000      0x1c4 ./Core/Startup/startup_stm32f446retx.o
                0x08000000                g_pfnVectors
                0x080001c4                        . = ALIGN (0x4)

.text           0x080001d0     0x9980
                0x080001d0                        . = ALIGN (0x4)
 *(.text)
 .text          0x080001d0       0x40 C:/ST/STM32CubeIDE_1.17.0/STM32CubeIDE/plugins/com.st.stm32cube.ide.mcu.externaltools.gnu-tools-for-stm32.12.3.rel1.win32_1.1.0.202410251130/tools/bin/../lib/gcc/arm-none-eabi/12.3.1/thumb/v7e-m+fp/hard/crtbegin.o
 .text          0x08000210       0x10 C:/ST/STM32CubeIDE_1.17.0/STM32CubeIDE/plugins/com.st.stm32cube.ide.mcu.externaltools.gnu-tools-for-stm32.12.3.rel1.win32_1.1.0.202410251130/tools/bin/../lib/gcc/arm-none-eabi/12.3.1/../../../../arm-none-eabi/lib/thumb/v7e-m+fp/hard\libc_nano.a(libc_a-strlen.o)
                0x08000210                strlen
 .text          0x08000220       0xa0 C:/ST/STM32CubeIDE_1.17.0/STM32CubeIDE/plugins/com.st.stm32cube.ide.mcu.externaltools.gnu-tools-for-stm32.12.3.rel1.win32_1.1.0.202410251130/tools/bin/../lib/gcc/arm-none-eabi/12.3.1/../../../../arm-none-eabi/lib/thumb/v7e-m+fp/hard\libc_nano.a(libc_a-memchr.o)
                0x08000220                memchr
 .text          0x080002c0       0x30 C:/ST/STM32CubeIDE_1.17.0/STM32CubeIDE/plugins/com.st.stm32cube.ide.mcu.externaltools.gnu-tools-for-stm32.12.3.rel1.win32_1.1.0.202410251130/tools/bin/../lib/gcc/arm-none-eabi/12.3.1/thumb/v7e-m+fp/hard\libgcc.a(_aeabi_uldivmod.o)
                0x080002c0                __aeabi_uldivmod
 .text          0x080002f0      0x2bc C:/ST/STM32CubeIDE_1.17.0/STM32CubeIDE/plugins/com.st.stm32cube.ide.mcu.externaltools.gnu-tools-for-stm32.12.3.rel1.win32_1.1.0.202410251130/tools/bin/../lib/gcc/arm-none-eabi/12.3.1/thumb/v7e-m+fp/hard\libgcc.a(_udivmoddi4.o)
                0x080002f0                __udivmoddi4
 .text          0x080005ac        0x4 C:/ST/STM32CubeIDE_1.17.0/STM32CubeIDE/plugins/com.st.stm32cube.ide.mcu.externaltools.gnu-tools-for-stm32.12.3.rel1.win32_1.1.0.202410251130/tools/bin/../lib/gcc/arm-none-eabi/12.3.1/thumb/v7e-m+fp/hard\libgcc.a(_dvmd_tls.o)
                0x080005ac                __aeabi_idiv0
                0x080005ac                __aeabi_ldiv0
 *(.text*)
 .text.vListInitialise
                0x080005b0       0x40 ./Common_RTOS_File/Third_Party/FreeRTOS/list.o
                0x080005b0                vListInitialise
 .text.vListInitialiseItem
                0x080005f0       0x1a ./Common_RTOS_File/Third_Party/FreeRTOS/list.o
                0x080005f0                vListInitialiseItem
 .text.vListInsert
                0x0800060a       0x72 ./Common_RTOS_File/Third_Party/FreeRTOS/list.o
                0x0800060a                vListInsert
 .text.uxListRemove
                0x0800067c       0x54 ./Common_RTOS_File/Third_Party/FreeRTOS/list.o
                0x0800067c                uxListRemove
 .text.xQueueGenericReset
                0x080006d0      0x124 ./Common_RTOS_File/Third_Party/FreeRTOS/queue.o
                0x080006d0                xQueueGenericReset
 .text.xQueueGenericCreate
                0x080007f4       0x9e ./Common_RTOS_File/Third_Party/FreeRTOS/queue.o
                0x080007f4                xQueueGenericCreate
 .text.prvInitialiseNewQueue
                0x08000892       0x46 ./Common_RTOS_File/Third_Party/FreeRTOS/queue.o
 .text.xQueueGenericSend
                0x080008d8      0x204 ./Common_RTOS_File/Third_Party/FreeRTOS/queue.o
                0x080008d8                xQueueGenericSend
 .text.xQueueGenericSendFromISR
                0x08000adc      0x16c ./Common_RTOS_File/Third_Party/FreeRTOS/queue.o
                0x08000adc                xQueueGenericSendFromISR
 .text.xQueueGiveFromISR
                0x08000c48      0x150 ./Common_RTOS_File/Third_Party/FreeRTOS/queue.o
                0x08000c48                xQueueGiveFromISR
 .text.xQueueReceive
                0x08000d98      0x1c4 ./Common_RTOS_File/Third_Party/FreeRTOS/queue.o
                0x08000d98                xQueueReceive
 .text.xQueueSemaphoreTake
                0x08000f5c      0x200 ./Common_RTOS_File/Third_Party/FreeRTOS/queue.o
                0x08000f5c                xQueueSemaphoreTake
 .text.prvGetDisinheritPriorityAfterTimeout
                0x0800115c       0x30 ./Common_RTOS_File/Third_Party/FreeRTOS/queue.o
 .text.prvCopyDataToQueue
                0x0800118c       0xd4 ./Common_RTOS_File/Third_Party/FreeRTOS/queue.o
 .text.prvCopyDataFromQueue
                0x08001260       0x4c ./Common_RTOS_File/Third_Party/FreeRTOS/queue.o
 .text.prvUnlockQueue
                0x080012ac       0xa4 ./Common_RTOS_File/Third_Party/FreeRTOS/queue.o
 .text.prvIsQueueEmpty
                0x08001350       0x2c ./Common_RTOS_File/Third_Party/FreeRTOS/queue.o
 .text.prvIsQueueFull
                0x0800137c       0x30 ./Common_RTOS_File/Third_Party/FreeRTOS/queue.o
 .text.vQueueAddToRegistry
                0x080013ac       0xa0 ./Common_RTOS_File/Third_Party/FreeRTOS/queue.o
                0x080013ac                vQueueAddToRegistry
 .text.vQueueWaitForMessageRestricted
                0x0800144c       0x68 ./Common_RTOS_File/Third_Party/FreeRTOS/queue.o
                0x0800144c                vQueueWaitForMessageRestricted
 .text.prvCreateTask
                0x080014b4       0x78 ./Common_RTOS_File/Third_Party/FreeRTOS/tasks.o
 .text.xTaskCreate
                0x0800152c       0x46 ./Common_RTOS_File/Third_Party/FreeRTOS/tasks.o
                0x0800152c                xTaskCreate
 .text.prvInitialiseNewTask
                0x08001572      0x120 ./Common_RTOS_File/Third_Party/FreeRTOS/tasks.o
 *fill*         0x08001692        0x2 
 .text.prvAddNewTaskToReadyList
                0x08001694      0x130 ./Common_RTOS_File/Third_Party/FreeRTOS/tasks.o
 .text.vTaskDelay
                0x080017c4       0x6c ./Common_RTOS_File/Third_Party/FreeRTOS/tasks.o
                0x080017c4                vTaskDelay
 .text.prvCreateIdleTasks
                0x08001830       0x94 ./Common_RTOS_File/Third_Party/FreeRTOS/tasks.o
 .text.vTaskStartScheduler
                0x080018c4       0x88 ./Common_RTOS_File/Third_Party/FreeRTOS/tasks.o
                0x080018c4                vTaskStartScheduler
 .text.vTaskSuspendAll
                0x0800194c       0x1c ./Common_RTOS_File/Third_Party/FreeRTOS/tasks.o
                0x0800194c                vTaskSuspendAll
 .text.xTaskResumeAll
                0x08001968      0x210 ./Common_RTOS_File/Third_Party/FreeRTOS/tasks.o
                0x08001968                xTaskResumeAll
 .text.xTaskGetTickCount
                0x08001b78       0x20 ./Common_RTOS_File/Third_Party/FreeRTOS/tasks.o
                0x08001b78                xTaskGetTickCount
 .text.uxTaskGetNumberOfTasks
                0x08001b98       0x18 ./Common_RTOS_File/Third_Party/FreeRTOS/tasks.o
                0x08001b98                uxTaskGetNumberOfTasks
 .text.xTaskIncrementTick
                0x08001bb0      0x234 ./Common_RTOS_File/Third_Party/FreeRTOS/tasks.o
                0x08001bb0                xTaskIncrementTick
 .text.vTaskSwitchContext
                0x08001de4       0xbc ./Common_RTOS_File/Third_Party/FreeRTOS/tasks.o
                0x08001de4                vTaskSwitchContext
 .text.vTaskPlaceOnEventList
                0x08001ea0       0x4c ./Common_RTOS_File/Third_Party/FreeRTOS/tasks.o
                0x08001ea0                vTaskPlaceOnEventList
 .text.vTaskPlaceOnEventListRestricted
                0x08001eec       0x8c ./Common_RTOS_File/Third_Party/FreeRTOS/tasks.o
                0x08001eec                vTaskPlaceOnEventListRestricted
 .text.xTaskRemoveFromEventList
                0x08001f78      0x1b4 ./Common_RTOS_File/Third_Party/FreeRTOS/tasks.o
                0x08001f78                xTaskRemoveFromEventList
 .text.vTaskInternalSetTimeOutState
                0x0800212c       0x2c ./Common_RTOS_File/Third_Party/FreeRTOS/tasks.o
                0x0800212c                vTaskInternalSetTimeOutState
 .text.xTaskCheckForTimeOut
                0x08002158       0xd0 ./Common_RTOS_File/Third_Party/FreeRTOS/tasks.o
                0x08002158                xTaskCheckForTimeOut
 .text.vTaskMissedYield
                0x08002228       0x18 ./Common_RTOS_File/Third_Party/FreeRTOS/tasks.o
                0x08002228                vTaskMissedYield
 .text.prvIdleTask
                0x08002240       0x30 ./Common_RTOS_File/Third_Party/FreeRTOS/tasks.o
 .text.prvInitialiseTaskLists
                0x08002270       0x80 ./Common_RTOS_File/Third_Party/FreeRTOS/tasks.o
 .text.prvCheckTasksWaitingTermination
                0x080022f0       0x5c ./Common_RTOS_File/Third_Party/FreeRTOS/tasks.o
 .text.prvDeleteTCB
                0x0800234c       0x20 ./Common_RTOS_File/Third_Party/FreeRTOS/tasks.o
 .text.prvResetNextTaskUnblockTime
                0x0800236c       0x38 ./Common_RTOS_File/Third_Party/FreeRTOS/tasks.o
 .text.xTaskGetSchedulerState
                0x080023a4       0x3c ./Common_RTOS_File/Third_Party/FreeRTOS/tasks.o
                0x080023a4                xTaskGetSchedulerState
 .text.xTaskPriorityInherit
                0x080023e0      0x140 ./Common_RTOS_File/Third_Party/FreeRTOS/tasks.o
                0x080023e0                xTaskPriorityInherit
 .text.xTaskPriorityDisinherit
                0x08002520      0x150 ./Common_RTOS_File/Third_Party/FreeRTOS/tasks.o
                0x08002520                xTaskPriorityDisinherit
 .text.vTaskPriorityDisinheritAfterTimeout
                0x08002670      0x178 ./Common_RTOS_File/Third_Party/FreeRTOS/tasks.o
                0x08002670                vTaskPriorityDisinheritAfterTimeout
 .text.pvTaskIncrementMutexHeldCount
                0x080027e8       0x30 ./Common_RTOS_File/Third_Party/FreeRTOS/tasks.o
                0x080027e8                pvTaskIncrementMutexHeldCount
 .text.prvAddCurrentTaskToDelayedList
                0x08002818      0x104 ./Common_RTOS_File/Third_Party/FreeRTOS/tasks.o
 .text.xTimerCreateTimerTask
                0x0800291c       0x68 ./Common_RTOS_File/Third_Party/FreeRTOS/timers.o
                0x0800291c                xTimerCreateTimerTask
 .text.prvReloadTimer
                0x08002984       0x42 ./Common_RTOS_File/Third_Party/FreeRTOS/timers.o
 *fill*         0x080029c6        0x2 
 .text.prvProcessExpiredTimer
                0x080029c8       0x60 ./Common_RTOS_File/Third_Party/FreeRTOS/timers.o
 .text.prvTimerTask
                0x08002a28       0x26 ./Common_RTOS_File/Third_Party/FreeRTOS/timers.o
 *fill*         0x08002a4e        0x2 
 .text.prvProcessTimerOrBlockTask
                0x08002a50       0x9c ./Common_RTOS_File/Third_Party/FreeRTOS/timers.o
 .text.prvGetNextExpireTime
                0x08002aec       0x48 ./Common_RTOS_File/Third_Party/FreeRTOS/timers.o
 .text.prvSampleTimeNow
                0x08002b34       0x40 ./Common_RTOS_File/Third_Party/FreeRTOS/timers.o
 .text.prvInsertTimerInActiveList
                0x08002b74       0x84 ./Common_RTOS_File/Third_Party/FreeRTOS/timers.o
 .text.prvProcessReceivedCommands
                0x08002bf8      0x190 ./Common_RTOS_File/Third_Party/FreeRTOS/timers.o
 .text.prvSwitchTimerLists
                0x08002d88       0x4c ./Common_RTOS_File/Third_Party/FreeRTOS/timers.o
 .text.prvCheckForValidListAndQueue
                0x08002dd4       0x6c ./Common_RTOS_File/Third_Party/FreeRTOS/timers.o
 .text.pxPortInitialiseStack
                0x08002e40       0x68 ./Common_RTOS_File/Third_Party/FreeRTOS/portable/GCC/ARM_CM4F/port.o
                0x08002e40                pxPortInitialiseStack
 .text.prvTaskExitError
                0x08002ea8       0x5c ./Common_RTOS_File/Third_Party/FreeRTOS/portable/GCC/ARM_CM4F/port.o
 *fill*         0x08002f04        0xc 
 .text.SVC_Handler
                0x08002f10       0x28 ./Common_RTOS_File/Third_Party/FreeRTOS/portable/GCC/ARM_CM4F/port.o
                0x08002f10                SVC_Handler
 .text.prvPortStartFirstTask
                0x08002f38       0x2c ./Common_RTOS_File/Third_Party/FreeRTOS/portable/GCC/ARM_CM4F/port.o
 .text.xPortStartScheduler
                0x08002f64      0x1e0 ./Common_RTOS_File/Third_Party/FreeRTOS/portable/GCC/ARM_CM4F/port.o
                0x08002f64                xPortStartScheduler
 .text.vPortEnterCritical
                0x08003144       0x64 ./Common_RTOS_File/Third_Party/FreeRTOS/portable/GCC/ARM_CM4F/port.o
                0x08003144                vPortEnterCritical
 .text.vPortExitCritical
                0x080031a8       0x54 ./Common_RTOS_File/Third_Party/FreeRTOS/portable/GCC/ARM_CM4F/port.o
                0x080031a8                vPortExitCritical
 *fill*         0x080031fc        0x4 
 .text.PendSV_Handler
                0x08003200       0x68 ./Common_RTOS_File/Third_Party/FreeRTOS/portable/GCC/ARM_CM4F/port.o
                0x08003200                PendSV_Handler
 .text.SysTick_Handler
                0x08003268       0x44 ./Common_RTOS_File/Third_Party/FreeRTOS/portable/GCC/ARM_CM4F/port.o
                0x08003268                SysTick_Handler
 .text.vPortSetupTimerInterrupt
                0x080032ac       0x48 ./Common_RTOS_File/Third_Party/FreeRTOS/portable/GCC/ARM_CM4F/port.o
                0x080032ac                vPortSetupTimerInterrupt
 .text.vPortEnableVFP
                0x080032f4       0x18 ./Common_RTOS_File/Third_Party/FreeRTOS/portable/GCC/ARM_CM4F/port.o
 .text.vPortValidateInterruptPriority
                0x0800330c       0x84 ./Common_RTOS_File/Third_Party/FreeRTOS/portable/GCC/ARM_CM4F/port.o
                0x0800330c                vPortValidateInterruptPriority
 .text.pvPortMalloc
                0x08003390      0x264 ./Common_RTOS_File/Third_Party/FreeRTOS/portable/MemMang/heap_4.o
                0x08003390                pvPortMalloc
 .text.vPortFree
                0x080035f4       0xf4 ./Common_RTOS_File/Third_Party/FreeRTOS/portable/MemMang/heap_4.o
                0x080035f4                vPortFree
 .text.prvHeapInit
                0x080036e8       0xb4 ./Common_RTOS_File/Third_Party/FreeRTOS/portable/MemMang/heap_4.o
 .text.prvInsertBlockIntoFreeList
                0x0800379c       0xf4 ./Common_RTOS_File/Third_Party/FreeRTOS/portable/MemMang/heap_4.o
 .text.CAN_Init
                0x08003890       0x6c ./Core/Src/CAN_Functionalities.o
                0x08003890                CAN_Init
 .text.CAN_Tx   0x080038fc       0x50 ./Core/Src/CAN_Functionalities.o
                0x080038fc                CAN_Tx
 .text.CAN_Filter_Config
                0x0800394c       0x50 ./Core/Src/CAN_Functionalities.o
                0x0800394c                CAN_Filter_Config
 .text.HAL_CAN_TxMailbox0CompleteCallback
                0x0800399c       0x14 ./Core/Src/CAN_Functionalities.o
                0x0800399c                HAL_CAN_TxMailbox0CompleteCallback
 .text.HAL_CAN_TxMailbox1CompleteCallback
                0x080039b0       0x1c ./Core/Src/CAN_Functionalities.o
                0x080039b0                HAL_CAN_TxMailbox1CompleteCallback
 .text.HAL_CAN_TxMailbox2CompleteCallback
                0x080039cc       0x1c ./Core/Src/CAN_Functionalities.o
                0x080039cc                HAL_CAN_TxMailbox2CompleteCallback
 .text.HAL_CAN_RxFifo0MsgPendingCallback
                0x080039e8       0x78 ./Core/Src/CAN_Functionalities.o
                0x080039e8                HAL_CAN_RxFifo0MsgPendingCallback
 .text.speed    0x08003a60       0x84 ./Core/Src/CAN_Functionalities.o
                0x08003a60                speed
 .text.Mode     0x08003ae4       0xfc ./Core/Src/CAN_Functionalities.o
                0x08003ae4                Mode
 .text.HAL_CAN_ErrorCallback
                0x08003be0       0x1c ./Core/Src/CAN_Functionalities.o
                0x08003be0                HAL_CAN_ErrorCallback
 .text.LCD_Init
                0x08003bfc       0x58 ./Core/Src/LCD.o
                0x08003bfc                LCD_Init
 .text.LCD_Command
                0x08003c54       0x1c ./Core/Src/LCD.o
                0x08003c54                LCD_Command
 .text.LCD_Data
                0x08003c70       0x1c ./Core/Src/LCD.o
                0x08003c70                LCD_Data
 .text.LCD_Send
                0x08003c8c      0x100 ./Core/Src/LCD.o
                0x08003c8c                LCD_Send
 .text.LCD_Print
                0x08003d8c       0x2a ./Core/Src/LCD.o
                0x08003d8c                LCD_Print
 .text.LCD_SetCursor
                0x08003db6       0x38 ./Core/Src/LCD.o
                0x08003db6                LCD_SetCursor
 .text.LCD_Clear
                0x08003dee       0x20 ./Core/Src/LCD.o
                0x08003dee                LCD_Clear
 *fill*         0x08003e0e        0x2 
 .text.CAN1_TX_IRQHandler
                0x08003e10       0x14 ./Core/Src/it.o
                0x08003e10                CAN1_TX_IRQHandler
 .text.CAN1_RX0_IRQHandler
                0x08003e24       0x14 ./Core/Src/it.o
                0x08003e24                CAN1_RX0_IRQHandler
 .text.CAN1_RX1_IRQHandler
                0x08003e38       0x14 ./Core/Src/it.o
                0x08003e38                CAN1_RX1_IRQHandler
 .text.CAN1_SCE_IRQHandler
                0x08003e4c       0x14 ./Core/Src/it.o
                0x08003e4c                CAN1_SCE_IRQHandler
 .text.I2C1_EV_IRQHandler
                0x08003e60       0x14 ./Core/Src/it.o
                0x08003e60                I2C1_EV_IRQHandler
 .text.I2C1_ER_IRQHandler
                0x08003e74       0x14 ./Core/Src/it.o
                0x08003e74                I2C1_ER_IRQHandler
 .text.TIM6_DAC_IRQHandler
                0x08003e88       0x18 ./Core/Src/it.o
                0x08003e88                TIM6_DAC_IRQHandler
 .text.main     0x08003ea0      0x184 ./Core/Src/main_1.o
                0x08003ea0                main
 .text.UART2_Init
                0x08004024       0x4c ./Core/Src/main_1.o
                0x08004024                UART2_Init
 .text.I2C_Init
                0x08004070       0x80 ./Core/Src/main_1.o
                0x08004070                I2C_Init
 .text.HAL_I2C_MasterTxCpltCallback
                0x080040f0       0x30 ./Core/Src/main_1.o
                0x080040f0                HAL_I2C_MasterTxCpltCallback
 .text.HAL_I2C_ErrorCallback
                0x08004120       0x3c ./Core/Src/main_1.o
                0x08004120                HAL_I2C_ErrorCallback
 .text.SystemClockConfig
                0x0800415c      0x12c ./Core/Src/main_1.o
                0x0800415c                SystemClockConfig
 .text.send_msg
                0x08004288       0x58 ./Core/Src/main_1.o
                0x08004288                send_msg
 .text.error_handler
                0x080042e0       0x14 ./Core/Src/main_1.o
                0x080042e0                error_handler
 .text.LCD_task
                0x080042f4       0xb0 ./Core/Src/main_1.o
                0x080042f4                LCD_task
 .text.CAN_task
                0x080043a4       0x60 ./Core/Src/main_1.o
                0x080043a4                CAN_task
 .text.HAL_InitTick
                0x08004404       0xa4 ./Core/Src/main_1.o
                0x08004404                HAL_InitTick
 .text.HAL_TIM_PeriodElapsedCallback
                0x080044a8       0x24 ./Core/Src/main_1.o
                0x080044a8                HAL_TIM_PeriodElapsedCallback
 .text.HAL_MspInit
                0x080044cc       0x44 ./Core/Src/msp.o
                0x080044cc                HAL_MspInit
 .text.HAL_UART_MspInit
                0x08004510       0x90 ./Core/Src/msp.o
                0x08004510                HAL_UART_MspInit
 .text.HAL_CAN_MspInit
                0x080045a0       0xa8 ./Core/Src/msp.o
                0x080045a0                HAL_CAN_MspInit
 .text.HAL_I2C_MspInit
                0x08004648       0xa0 ./Core/Src/msp.o
                0x08004648                HAL_I2C_MspInit
 .text.HAL_TIM_Base_MspInit
                0x080046e8       0x50 ./Core/Src/msp.o
                0x080046e8                HAL_TIM_Base_MspInit
 .text._sbrk    0x08004738       0x6c ./Core/Src/sysmem.o
                0x08004738                _sbrk
 .text.SystemInit
                0x080047a4       0x24 ./Core/Src/system_stm32f4xx.o
                0x080047a4                SystemInit
 .text.Reset_Handler
                0x080047c8       0x50 ./Core/Startup/startup_stm32f446retx.o
                0x080047c8                Reset_Handler
 .text.Default_Handler
                0x08004818        0x2 ./Core/Startup/startup_stm32f446retx.o
                0x08004818                RTC_Alarm_IRQHandler
                0x08004818                EXTI2_IRQHandler
                0x08004818                TIM8_CC_IRQHandler
                0x08004818                DebugMon_Handler
                0x08004818                FMPI2C1_EV_IRQHandler
                0x08004818                SPI4_IRQHandler
                0x08004818                TIM1_CC_IRQHandler
                0x08004818                DMA2_Stream5_IRQHandler
                0x08004818                HardFault_Handler
                0x08004818                DMA1_Stream5_IRQHandler
                0x08004818                PVD_IRQHandler
                0x08004818                SDIO_IRQHandler
                0x08004818                TAMP_STAMP_IRQHandler
                0x08004818                NMI_Handler
                0x08004818                CAN2_RX1_IRQHandler
                0x08004818                EXTI3_IRQHandler
                0x08004818                TIM8_TRG_COM_TIM14_IRQHandler
                0x08004818                TIM1_UP_TIM10_IRQHandler
                0x08004818                TIM8_UP_TIM13_IRQHandler
                0x08004818                I2C3_ER_IRQHandler
                0x08004818                EXTI0_IRQHandler
                0x08004818                I2C2_EV_IRQHandler
                0x08004818                DMA1_Stream2_IRQHandler
                0x08004818                FPU_IRQHandler
                0x08004818                OTG_HS_WKUP_IRQHandler
                0x08004818                UsageFault_Handler
                0x08004818                CAN2_SCE_IRQHandler
                0x08004818                DMA2_Stream2_IRQHandler
                0x08004818                SPI1_IRQHandler
                0x08004818                TIM1_BRK_TIM9_IRQHandler
                0x08004818                DCMI_IRQHandler
                0x08004818                CAN2_RX0_IRQHandler
                0x08004818                DMA2_Stream3_IRQHandler
                0x08004818                SAI2_IRQHandler
                0x08004818                USART6_IRQHandler
                0x08004818                USART3_IRQHandler
                0x08004818                UART5_IRQHandler
                0x08004818                DMA2_Stream0_IRQHandler
                0x08004818                TIM4_IRQHandler
                0x08004818                QUADSPI_IRQHandler
                0x08004818                DMA1_Stream6_IRQHandler
                0x08004818                DMA1_Stream1_IRQHandler
                0x08004818                UART4_IRQHandler
                0x08004818                TIM3_IRQHandler
                0x08004818                RCC_IRQHandler
                0x08004818                TIM8_BRK_TIM12_IRQHandler
                0x08004818                Default_Handler
                0x08004818                CEC_IRQHandler
                0x08004818                EXTI15_10_IRQHandler
                0x08004818                ADC_IRQHandler
                0x08004818                DMA1_Stream7_IRQHandler
                0x08004818                TIM7_IRQHandler
                0x08004818                CAN2_TX_IRQHandler
                0x08004818                TIM5_IRQHandler
                0x08004818                DMA2_Stream7_IRQHandler
                0x08004818                I2C3_EV_IRQHandler
                0x08004818                EXTI9_5_IRQHandler
                0x08004818                RTC_WKUP_IRQHandler
                0x08004818                SPDIF_RX_IRQHandler
                0x08004818                SPI2_IRQHandler
                0x08004818                OTG_HS_EP1_IN_IRQHandler
                0x08004818                MemManage_Handler
                0x08004818                DMA1_Stream0_IRQHandler
                0x08004818                FMPI2C1_ER_IRQHandler
                0x08004818                EXTI4_IRQHandler
                0x08004818                OTG_HS_EP1_OUT_IRQHandler
                0x08004818                WWDG_IRQHandler
                0x08004818                TIM2_IRQHandler
                0x08004818                OTG_FS_WKUP_IRQHandler
                0x08004818                TIM1_TRG_COM_TIM11_IRQHandler
                0x08004818                OTG_HS_IRQHandler
                0x08004818                EXTI1_IRQHandler
                0x08004818                USART2_IRQHandler
                0x08004818                I2C2_ER_IRQHandler
                0x08004818                DMA2_Stream1_IRQHandler
                0x08004818                FLASH_IRQHandler
                0x08004818                DMA2_Stream4_IRQHandler
                0x08004818                BusFault_Handler
                0x08004818                USART1_IRQHandler
                0x08004818                OTG_FS_IRQHandler
                0x08004818                SPI3_IRQHandler
                0x08004818                DMA1_Stream4_IRQHandler
                0x08004818                FMC_IRQHandler
                0x08004818                DMA2_Stream6_IRQHandler
                0x08004818                SAI1_IRQHandler
                0x08004818                DMA1_Stream3_IRQHandler
 *fill*         0x0800481a        0x2 
 .text.HAL_Init
                0x0800481c       0x44 ./Drivers/STM32F4xx_HAL_Driver/Src/stm32f4xx_hal.o
                0x0800481c                HAL_Init
 .text.HAL_IncTick
                0x08004860       0x28 ./Drivers/STM32F4xx_HAL_Driver/Src/stm32f4xx_hal.o
                0x08004860                HAL_IncTick
 .text.HAL_GetTick
                0x08004888       0x18 ./Drivers/STM32F4xx_HAL_Driver/Src/stm32f4xx_hal.o
                0x08004888                HAL_GetTick
 .text.HAL_CAN_Init
                0x080048a0      0x1f6 ./Drivers/STM32F4xx_HAL_Driver/Src/stm32f4xx_hal_can.o
                0x080048a0                HAL_CAN_Init
 *fill*         0x08004a96        0x2 
 .text.HAL_CAN_ConfigFilter
                0x08004a98      0x1c0 ./Drivers/STM32F4xx_HAL_Driver/Src/stm32f4xx_hal_can.o
                0x08004a98                HAL_CAN_ConfigFilter
 .text.HAL_CAN_Start
                0x08004c58       0x88 ./Drivers/STM32F4xx_HAL_Driver/Src/stm32f4xx_hal_can.o
                0x08004c58                HAL_CAN_Start
 .text.HAL_CAN_AddTxMessage
                0x08004ce0      0x1a0 ./Drivers/STM32F4xx_HAL_Driver/Src/stm32f4xx_hal_can.o
                0x08004ce0                HAL_CAN_AddTxMessage
 .text.HAL_CAN_GetRxMessage
                0x08004e80      0x244 ./Drivers/STM32F4xx_HAL_Driver/Src/stm32f4xx_hal_can.o
                0x08004e80                HAL_CAN_GetRxMessage
 .text.HAL_CAN_ActivateNotification
                0x080050c4       0x4c ./Drivers/STM32F4xx_HAL_Driver/Src/stm32f4xx_hal_can.o
                0x080050c4                HAL_CAN_ActivateNotification
 .text.HAL_CAN_IRQHandler
                0x08005110      0x36e ./Drivers/STM32F4xx_HAL_Driver/Src/stm32f4xx_hal_can.o
                0x08005110                HAL_CAN_IRQHandler
 .text.HAL_CAN_TxMailbox0AbortCallback
                0x0800547e       0x14 ./Drivers/STM32F4xx_HAL_Driver/Src/stm32f4xx_hal_can.o
                0x0800547e                HAL_CAN_TxMailbox0AbortCallback
 .text.HAL_CAN_TxMailbox1AbortCallback
                0x08005492       0x14 ./Drivers/STM32F4xx_HAL_Driver/Src/stm32f4xx_hal_can.o
                0x08005492                HAL_CAN_TxMailbox1AbortCallback
 .text.HAL_CAN_TxMailbox2AbortCallback
                0x080054a6       0x14 ./Drivers/STM32F4xx_HAL_Driver/Src/stm32f4xx_hal_can.o
                0x080054a6                HAL_CAN_TxMailbox2AbortCallback
 .text.HAL_CAN_RxFifo0FullCallback
                0x080054ba       0x14 ./Drivers/STM32F4xx_HAL_Driver/Src/stm32f4xx_hal_can.o
                0x080054ba                HAL_CAN_RxFifo0FullCallback
 .text.HAL_CAN_RxFifo1MsgPendingCallback
                0x080054ce       0x14 ./Drivers/STM32F4xx_HAL_Driver/Src/stm32f4xx_hal_can.o
                0x080054ce                HAL_CAN_RxFifo1MsgPendingCallback
 .text.HAL_CAN_RxFifo1FullCallback
                0x080054e2       0x14 ./Drivers/STM32F4xx_HAL_Driver/Src/stm32f4xx_hal_can.o
                0x080054e2                HAL_CAN_RxFifo1FullCallback
 .text.HAL_CAN_SleepCallback
                0x080054f6       0x14 ./Drivers/STM32F4xx_HAL_Driver/Src/stm32f4xx_hal_can.o
                0x080054f6                HAL_CAN_SleepCallback
 .text.HAL_CAN_WakeUpFromRxMsgCallback
                0x0800550a       0x14 ./Drivers/STM32F4xx_HAL_Driver/Src/stm32f4xx_hal_can.o
                0x0800550a                HAL_CAN_WakeUpFromRxMsgCallback
 *fill*         0x0800551e        0x2 
 .text.__NVIC_SetPriorityGrouping
                0x08005520       0x48 ./Drivers/STM32F4xx_HAL_Driver/Src/stm32f4xx_hal_cortex.o
 .text.__NVIC_GetPriorityGrouping
                0x08005568       0x1c ./Drivers/STM32F4xx_HAL_Driver/Src/stm32f4xx_hal_cortex.o
 .text.__NVIC_EnableIRQ
                0x08005584       0x3c ./Drivers/STM32F4xx_HAL_Driver/Src/stm32f4xx_hal_cortex.o
 .text.__NVIC_SetPriority
                0x080055c0       0x54 ./Drivers/STM32F4xx_HAL_Driver/Src/stm32f4xx_hal_cortex.o
 .text.NVIC_EncodePriority
                0x08005614       0x66 ./Drivers/STM32F4xx_HAL_Driver/Src/stm32f4xx_hal_cortex.o
 *fill*         0x0800567a        0x2 
 .text.SysTick_Config
                0x0800567c       0x44 ./Drivers/STM32F4xx_HAL_Driver/Src/stm32f4xx_hal_cortex.o
 .text.HAL_NVIC_SetPriorityGrouping
                0x080056c0       0x16 ./Drivers/STM32F4xx_HAL_Driver/Src/stm32f4xx_hal_cortex.o
                0x080056c0                HAL_NVIC_SetPriorityGrouping
 .text.HAL_NVIC_SetPriority
                0x080056d6       0x38 ./Drivers/STM32F4xx_HAL_Driver/Src/stm32f4xx_hal_cortex.o
                0x080056d6                HAL_NVIC_SetPriority
 .text.HAL_NVIC_EnableIRQ
                0x0800570e       0x1c ./Drivers/STM32F4xx_HAL_Driver/Src/stm32f4xx_hal_cortex.o
                0x0800570e                HAL_NVIC_EnableIRQ
 .text.HAL_SYSTICK_Config
                0x0800572a       0x18 ./Drivers/STM32F4xx_HAL_Driver/Src/stm32f4xx_hal_cortex.o
                0x0800572a                HAL_SYSTICK_Config
 *fill*         0x08005742        0x2 
 .text.HAL_SYSTICK_CLKSourceConfig
                0x08005744       0x38 ./Drivers/STM32F4xx_HAL_Driver/Src/stm32f4xx_hal_cortex.o
                0x08005744                HAL_SYSTICK_CLKSourceConfig
 .text.HAL_DMA_Abort_IT
                0x0800577c       0x44 ./Drivers/STM32F4xx_HAL_Driver/Src/stm32f4xx_hal_dma.o
                0x0800577c                HAL_DMA_Abort_IT
 .text.HAL_DMA_GetState
                0x080057c0       0x1c ./Drivers/STM32F4xx_HAL_Driver/Src/stm32f4xx_hal_dma.o
                0x080057c0                HAL_DMA_GetState
 .text.HAL_GPIO_Init
                0x080057dc      0x328 ./Drivers/STM32F4xx_HAL_Driver/Src/stm32f4xx_hal_gpio.o
                0x080057dc                HAL_GPIO_Init
 .text.HAL_I2C_Init
                0x08005b04      0x288 ./Drivers/STM32F4xx_HAL_Driver/Src/stm32f4xx_hal_i2c.o
                0x08005b04                HAL_I2C_Init
 .text.I2C_Flush_DR
                0x08005d8c       0x2a ./Drivers/STM32F4xx_HAL_Driver/Src/stm32f4xx_hal_i2c.o
 *fill*         0x08005db6        0x2 
 .text.HAL_I2C_Master_Transmit_IT
                0x08005db8      0x144 ./Drivers/STM32F4xx_HAL_Driver/Src/stm32f4xx_hal_i2c.o
                0x08005db8                HAL_I2C_Master_Transmit_IT
 .text.HAL_I2C_EV_IRQHandler
                0x08005efc      0x2a6 ./Drivers/STM32F4xx_HAL_Driver/Src/stm32f4xx_hal_i2c.o
                0x08005efc                HAL_I2C_EV_IRQHandler
 .text.HAL_I2C_ER_IRQHandler
                0x080061a2      0x13e ./Drivers/STM32F4xx_HAL_Driver/Src/stm32f4xx_hal_i2c.o
                0x080061a2                HAL_I2C_ER_IRQHandler
 .text.HAL_I2C_MasterRxCpltCallback
                0x080062e0       0x14 ./Drivers/STM32F4xx_HAL_Driver/Src/stm32f4xx_hal_i2c.o
                0x080062e0                HAL_I2C_MasterRxCpltCallback
 .text.HAL_I2C_SlaveTxCpltCallback
                0x080062f4       0x14 ./Drivers/STM32F4xx_HAL_Driver/Src/stm32f4xx_hal_i2c.o
                0x080062f4                HAL_I2C_SlaveTxCpltCallback
 .text.HAL_I2C_SlaveRxCpltCallback
                0x08006308       0x14 ./Drivers/STM32F4xx_HAL_Driver/Src/stm32f4xx_hal_i2c.o
                0x08006308                HAL_I2C_SlaveRxCpltCallback
 .text.HAL_I2C_AddrCallback
                0x0800631c       0x1c ./Drivers/STM32F4xx_HAL_Driver/Src/stm32f4xx_hal_i2c.o
                0x0800631c                HAL_I2C_AddrCallback
 .text.HAL_I2C_ListenCpltCallback
                0x08006338       0x14 ./Drivers/STM32F4xx_HAL_Driver/Src/stm32f4xx_hal_i2c.o
                0x08006338                HAL_I2C_ListenCpltCallback
 .text.HAL_I2C_MemTxCpltCallback
                0x0800634c       0x14 ./Drivers/STM32F4xx_HAL_Driver/Src/stm32f4xx_hal_i2c.o
                0x0800634c                HAL_I2C_MemTxCpltCallback
 .text.HAL_I2C_MemRxCpltCallback
                0x08006360       0x14 ./Drivers/STM32F4xx_HAL_Driver/Src/stm32f4xx_hal_i2c.o
                0x08006360                HAL_I2C_MemRxCpltCallback
 .text.HAL_I2C_AbortCpltCallback
                0x08006374       0x14 ./Drivers/STM32F4xx_HAL_Driver/Src/stm32f4xx_hal_i2c.o
                0x08006374                HAL_I2C_AbortCpltCallback
 .text.I2C_MasterTransmit_TXE
                0x08006388      0x138 ./Drivers/STM32F4xx_HAL_Driver/Src/stm32f4xx_hal_i2c.o
 .text.I2C_MasterTransmit_BTF
                0x080064c0       0xec ./Drivers/STM32F4xx_HAL_Driver/Src/stm32f4xx_hal_i2c.o
 .text.I2C_MemoryTransmit_TXE_BTF
                0x080065ac      0x130 ./Drivers/STM32F4xx_HAL_Driver/Src/stm32f4xx_hal_i2c.o
 .text.I2C_MasterReceive_RXNE
                0x080066dc      0x190 ./Drivers/STM32F4xx_HAL_Driver/Src/stm32f4xx_hal_i2c.o
 .text.I2C_MasterReceive_BTF
                0x0800686c      0x1ea ./Drivers/STM32F4xx_HAL_Driver/Src/stm32f4xx_hal_i2c.o
 .text.I2C_Master_SB
                0x08006a56      0x10c ./Drivers/STM32F4xx_HAL_Driver/Src/stm32f4xx_hal_i2c.o
 .text.I2C_Master_ADD10
                0x08006b62       0x54 ./Drivers/STM32F4xx_HAL_Driver/Src/stm32f4xx_hal_i2c.o
 .text.I2C_Master_ADDR
                0x08006bb6      0x322 ./Drivers/STM32F4xx_HAL_Driver/Src/stm32f4xx_hal_i2c.o
 .text.I2C_SlaveTransmit_TXE
                0x08006ed8       0x7a ./Drivers/STM32F4xx_HAL_Driver/Src/stm32f4xx_hal_i2c.o
 .text.I2C_SlaveTransmit_BTF
                0x08006f52       0x42 ./Drivers/STM32F4xx_HAL_Driver/Src/stm32f4xx_hal_i2c.o
 .text.I2C_SlaveReceive_RXNE
                0x08006f94       0x7c ./Drivers/STM32F4xx_HAL_Driver/Src/stm32f4xx_hal_i2c.o
 .text.I2C_SlaveReceive_BTF
                0x08007010       0x44 ./Drivers/STM32F4xx_HAL_Driver/Src/stm32f4xx_hal_i2c.o
 .text.I2C_Slave_ADDR
                0x08007054       0x90 ./Drivers/STM32F4xx_HAL_Driver/Src/stm32f4xx_hal_i2c.o
 .text.I2C_Slave_STOPF
                0x080070e4      0x260 ./Drivers/STM32F4xx_HAL_Driver/Src/stm32f4xx_hal_i2c.o
 .text.I2C_Slave_AF
                0x08007344       0xe8 ./Drivers/STM32F4xx_HAL_Driver/Src/stm32f4xx_hal_i2c.o
 .text.I2C_ITError
                0x0800742c      0x264 ./Drivers/STM32F4xx_HAL_Driver/Src/stm32f4xx_hal_i2c.o
 .text.I2C_DMAAbort
                0x08007690      0x150 ./Drivers/STM32F4xx_HAL_Driver/Src/stm32f4xx_hal_i2c.o
 .text.I2C_WaitOnSTOPRequestThroughIT
                0x080077e0       0x64 ./Drivers/STM32F4xx_HAL_Driver/Src/stm32f4xx_hal_i2c.o
 .text.I2C_ConvertOtherXferOptions
                0x08007844       0x36 ./Drivers/STM32F4xx_HAL_Driver/Src/stm32f4xx_hal_i2c.o
 *fill*         0x0800787a        0x2 
 .text.HAL_RCC_ClockConfig
                0x0800787c      0x1cc ./Drivers/STM32F4xx_HAL_Driver/Src/stm32f4xx_hal_rcc.o
                0x0800787c                HAL_RCC_ClockConfig
 .text.HAL_RCC_GetHCLKFreq
                0x08007a48       0x18 ./Drivers/STM32F4xx_HAL_Driver/Src/stm32f4xx_hal_rcc.o
                0x08007a48                HAL_RCC_GetHCLKFreq
 .text.HAL_RCC_GetPCLK1Freq
                0x08007a60       0x28 ./Drivers/STM32F4xx_HAL_Driver/Src/stm32f4xx_hal_rcc.o
                0x08007a60                HAL_RCC_GetPCLK1Freq
 .text.HAL_RCC_GetPCLK2Freq
                0x08007a88       0x28 ./Drivers/STM32F4xx_HAL_Driver/Src/stm32f4xx_hal_rcc.o
                0x08007a88                HAL_RCC_GetPCLK2Freq
 .text.HAL_RCC_GetClockConfig
                0x08007ab0       0x64 ./Drivers/STM32F4xx_HAL_Driver/Src/stm32f4xx_hal_rcc.o
                0x08007ab0                HAL_RCC_GetClockConfig
 .text.HAL_RCC_GetSysClockFreq
                0x08007b14      0x460 ./Drivers/STM32F4xx_HAL_Driver/Src/stm32f4xx_hal_rcc_ex.o
                0x08007b14                HAL_RCC_GetSysClockFreq
 .text.HAL_RCC_OscConfig
                0x08007f74      0x53c ./Drivers/STM32F4xx_HAL_Driver/Src/stm32f4xx_hal_rcc_ex.o
                0x08007f74                HAL_RCC_OscConfig
 .text.HAL_TIM_Base_Init
                0x080084b0       0x9e ./Drivers/STM32F4xx_HAL_Driver/Src/stm32f4xx_hal_tim.o
                0x080084b0                HAL_TIM_Base_Init
 *fill*         0x0800854e        0x2 
 .text.HAL_TIM_Base_Start_IT
                0x08008550       0xe0 ./Drivers/STM32F4xx_HAL_Driver/Src/stm32f4xx_hal_tim.o
                0x08008550                HAL_TIM_Base_Start_IT
 .text.HAL_TIM_IRQHandler
                0x08008630      0x1e0 ./Drivers/STM32F4xx_HAL_Driver/Src/stm32f4xx_hal_tim.o
                0x08008630                HAL_TIM_IRQHandler
 .text.HAL_TIM_OC_DelayElapsedCallback
                0x08008810       0x14 ./Drivers/STM32F4xx_HAL_Driver/Src/stm32f4xx_hal_tim.o
                0x08008810                HAL_TIM_OC_DelayElapsedCallback
 .text.HAL_TIM_IC_CaptureCallback
                0x08008824       0x14 ./Drivers/STM32F4xx_HAL_Driver/Src/stm32f4xx_hal_tim.o
                0x08008824                HAL_TIM_IC_CaptureCallback
 .text.HAL_TIM_PWM_PulseFinishedCallback
                0x08008838       0x14 ./Drivers/STM32F4xx_HAL_Driver/Src/stm32f4xx_hal_tim.o
                0x08008838                HAL_TIM_PWM_PulseFinishedCallback
 .text.HAL_TIM_TriggerCallback
                0x0800884c       0x14 ./Drivers/STM32F4xx_HAL_Driver/Src/stm32f4xx_hal_tim.o
                0x0800884c                HAL_TIM_TriggerCallback
 .text.TIM_Base_SetConfig
                0x08008860      0x158 ./Drivers/STM32F4xx_HAL_Driver/Src/stm32f4xx_hal_tim.o
                0x08008860                TIM_Base_SetConfig
 .text.HAL_TIMEx_CommutCallback
                0x080089b8       0x14 ./Drivers/STM32F4xx_HAL_Driver/Src/stm32f4xx_hal_tim_ex.o
                0x080089b8                HAL_TIMEx_CommutCallback
 .text.HAL_TIMEx_BreakCallback
                0x080089cc       0x14 ./Drivers/STM32F4xx_HAL_Driver/Src/stm32f4xx_hal_tim_ex.o
                0x080089cc                HAL_TIMEx_BreakCallback
 .text.HAL_UART_Init
                0x080089e0       0xa0 ./Drivers/STM32F4xx_HAL_Driver/Src/stm32f4xx_hal_uart.o
                0x080089e0                HAL_UART_Init
 .text.HAL_UART_Transmit
                0x08008a80      0x116 ./Drivers/STM32F4xx_HAL_Driver/Src/stm32f4xx_hal_uart.o
                0x08008a80                HAL_UART_Transmit
 .text.UART_WaitOnFlagUntilTimeout
                0x08008b96       0xb2 ./Drivers/STM32F4xx_HAL_Driver/Src/stm32f4xx_hal_uart.o
 .text.UART_EndRxTransfer
                0x08008c48       0xc6 ./Drivers/STM32F4xx_HAL_Driver/Src/stm32f4xx_hal_uart.o
 *fill*         0x08008d0e        0x2 
 .text.UART_SetConfig
                0x08008d10      0x4e8 ./Drivers/STM32F4xx_HAL_Driver/Src/stm32f4xx_hal_uart.o
 .text.sprintf  0x080091f8       0x40 C:/ST/STM32CubeIDE_1.17.0/STM32CubeIDE/plugins/com.st.stm32cube.ide.mcu.externaltools.gnu-tools-for-stm32.12.3.rel1.win32_1.1.0.202410251130/tools/bin/../lib/gcc/arm-none-eabi/12.3.1/../../../../arm-none-eabi/lib/thumb/v7e-m+fp/hard\libc_nano.a(libc_a-sprintf.o)
                0x080091f8                siprintf
                0x080091f8                sprintf
 .text.memset   0x08009238       0x10 C:/ST/STM32CubeIDE_1.17.0/STM32CubeIDE/plugins/com.st.stm32cube.ide.mcu.externaltools.gnu-tools-for-stm32.12.3.rel1.win32_1.1.0.202410251130/tools/bin/../lib/gcc/arm-none-eabi/12.3.1/../../../../arm-none-eabi/lib/thumb/v7e-m+fp/hard\libc_nano.a(libc_a-memset.o)
                0x08009238                memset
 .text.__errno  0x08009248        0xc C:/ST/STM32CubeIDE_1.17.0/STM32CubeIDE/plugins/com.st.stm32cube.ide.mcu.externaltools.gnu-tools-for-stm32.12.3.rel1.win32_1.1.0.202410251130/tools/bin/../lib/gcc/arm-none-eabi/12.3.1/../../../../arm-none-eabi/lib/thumb/v7e-m+fp/hard\libc_nano.a(libc_a-errno.o)
                0x08009248                __errno
 .text.__libc_init_array
                0x08009254       0x48 C:/ST/STM32CubeIDE_1.17.0/STM32CubeIDE/plugins/com.st.stm32cube.ide.mcu.externaltools.gnu-tools-for-stm32.12.3.rel1.win32_1.1.0.202410251130/tools/bin/../lib/gcc/arm-none-eabi/12.3.1/../../../../arm-none-eabi/lib/thumb/v7e-m+fp/hard\libc_nano.a(libc_a-init.o)
                0x08009254                __libc_init_array
 .text.__retarget_lock_acquire_recursive
                0x0800929c        0x2 C:/ST/STM32CubeIDE_1.17.0/STM32CubeIDE/plugins/com.st.stm32cube.ide.mcu.externaltools.gnu-tools-for-stm32.12.3.rel1.win32_1.1.0.202410251130/tools/bin/../lib/gcc/arm-none-eabi/12.3.1/../../../../arm-none-eabi/lib/thumb/v7e-m+fp/hard\libc_nano.a(libc_a-lock.o)
                0x0800929c                __retarget_lock_acquire_recursive
 .text.__retarget_lock_release_recursive
                0x0800929e        0x2 C:/ST/STM32CubeIDE_1.17.0/STM32CubeIDE/plugins/com.st.stm32cube.ide.mcu.externaltools.gnu-tools-for-stm32.12.3.rel1.win32_1.1.0.202410251130/tools/bin/../lib/gcc/arm-none-eabi/12.3.1/../../../../arm-none-eabi/lib/thumb/v7e-m+fp/hard\libc_nano.a(libc_a-lock.o)
                0x0800929e                __retarget_lock_release_recursive
 .text.memcpy   0x080092a0       0x1c C:/ST/STM32CubeIDE_1.17.0/STM32CubeIDE/plugins/com.st.stm32cube.ide.mcu.externaltools.gnu-tools-for-stm32.12.3.rel1.win32_1.1.0.202410251130/tools/bin/../lib/gcc/arm-none-eabi/12.3.1/../../../../arm-none-eabi/lib/thumb/v7e-m+fp/hard\libc_nano.a(libc_a-memcpy-stub.o)
                0x080092a0                memcpy
 .text._free_r  0x080092bc       0x94 C:/ST/STM32CubeIDE_1.17.0/STM32CubeIDE/plugins/com.st.stm32cube.ide.mcu.externaltools.gnu-tools-for-stm32.12.3.rel1.win32_1.1.0.202410251130/tools/bin/../lib/gcc/arm-none-eabi/12.3.1/../../../../arm-none-eabi/lib/thumb/v7e-m+fp/hard\libc_nano.a(libc_a-freer.o)
                0x080092bc                _free_r
 .text.sbrk_aligned
                0x08009350       0x44 C:/ST/STM32CubeIDE_1.17.0/STM32CubeIDE/plugins/com.st.stm32cube.ide.mcu.externaltools.gnu-tools-for-stm32.12.3.rel1.win32_1.1.0.202410251130/tools/bin/../lib/gcc/arm-none-eabi/12.3.1/../../../../arm-none-eabi/lib/thumb/v7e-m+fp/hard\libc_nano.a(libc_a-mallocr.o)
 .text._malloc_r
                0x08009394      0x100 C:/ST/STM32CubeIDE_1.17.0/STM32CubeIDE/plugins/com.st.stm32cube.ide.mcu.externaltools.gnu-tools-for-stm32.12.3.rel1.win32_1.1.0.202410251130/tools/bin/../lib/gcc/arm-none-eabi/12.3.1/../../../../arm-none-eabi/lib/thumb/v7e-m+fp/hard\libc_nano.a(libc_a-mallocr.o)
                0x08009394                _malloc_r
 .text.__malloc_lock
                0x08009494        0xc C:/ST/STM32CubeIDE_1.17.0/STM32CubeIDE/plugins/com.st.stm32cube.ide.mcu.externaltools.gnu-tools-for-stm32.12.3.rel1.win32_1.1.0.202410251130/tools/bin/../lib/gcc/arm-none-eabi/12.3.1/../../../../arm-none-eabi/lib/thumb/v7e-m+fp/hard\libc_nano.a(libc_a-mlock.o)
                0x08009494                __malloc_lock
 .text.__malloc_unlock
                0x080094a0        0xc C:/ST/STM32CubeIDE_1.17.0/STM32CubeIDE/plugins/com.st.stm32cube.ide.mcu.externaltools.gnu-tools-for-stm32.12.3.rel1.win32_1.1.0.202410251130/tools/bin/../lib/gcc/arm-none-eabi/12.3.1/../../../../arm-none-eabi/lib/thumb/v7e-m+fp/hard\libc_nano.a(libc_a-mlock.o)
                0x080094a0                __malloc_unlock
 .text.__ssputs_r
                0x080094ac       0xb6 C:/ST/STM32CubeIDE_1.17.0/STM32CubeIDE/plugins/com.st.stm32cube.ide.mcu.externaltools.gnu-tools-for-stm32.12.3.rel1.win32_1.1.0.202410251130/tools/bin/../lib/gcc/arm-none-eabi/12.3.1/../../../../arm-none-eabi/lib/thumb/v7e-m+fp/hard\libc_nano.a(libc_a-nano-svfprintf.o)
                0x080094ac                __ssputs_r
 *fill*         0x08009562        0x2 
 .text._svfprintf_r
                0x08009564      0x1f8 C:/ST/STM32CubeIDE_1.17.0/STM32CubeIDE/plugins/com.st.stm32cube.ide.mcu.externaltools.gnu-tools-for-stm32.12.3.rel1.win32_1.1.0.202410251130/tools/bin/../lib/gcc/arm-none-eabi/12.3.1/../../../../arm-none-eabi/lib/thumb/v7e-m+fp/hard\libc_nano.a(libc_a-nano-svfprintf.o)
                0x08009564                _svfiprintf_r
                0x08009564                _svfprintf_r
 .text._printf_common
                0x0800975c       0xda C:/ST/STM32CubeIDE_1.17.0/STM32CubeIDE/plugins/com.st.stm32cube.ide.mcu.externaltools.gnu-tools-for-stm32.12.3.rel1.win32_1.1.0.202410251130/tools/bin/../lib/gcc/arm-none-eabi/12.3.1/../../../../arm-none-eabi/lib/thumb/v7e-m+fp/hard\libc_nano.a(libc_a-nano-vfprintf_i.o)
                0x0800975c                _printf_common
 *fill*         0x08009836        0x2 
 .text._printf_i
                0x08009838      0x240 C:/ST/STM32CubeIDE_1.17.0/STM32CubeIDE/plugins/com.st.stm32cube.ide.mcu.externaltools.gnu-tools-for-stm32.12.3.rel1.win32_1.1.0.202410251130/tools/bin/../lib/gcc/arm-none-eabi/12.3.1/../../../../arm-none-eabi/lib/thumb/v7e-m+fp/hard\libc_nano.a(libc_a-nano-vfprintf_i.o)
                0x08009838                _printf_i
 .text.memmove  0x08009a78       0x34 C:/ST/STM32CubeIDE_1.17.0/STM32CubeIDE/plugins/com.st.stm32cube.ide.mcu.externaltools.gnu-tools-for-stm32.12.3.rel1.win32_1.1.0.202410251130/tools/bin/../lib/gcc/arm-none-eabi/12.3.1/../../../../arm-none-eabi/lib/thumb/v7e-m+fp/hard\libc_nano.a(libc_a-memmove.o)
                0x08009a78                memmove
 .text._sbrk_r  0x08009aac       0x20 C:/ST/STM32CubeIDE_1.17.0/STM32CubeIDE/plugins/com.st.stm32cube.ide.mcu.externaltools.gnu-tools-for-stm32.12.3.rel1.win32_1.1.0.202410251130/tools/bin/../lib/gcc/arm-none-eabi/12.3.1/../../../../arm-none-eabi/lib/thumb/v7e-m+fp/hard\libc_nano.a(libc_a-sbrkr.o)
                0x08009aac                _sbrk_r
 .text._realloc_r
                0x08009acc       0x5c C:/ST/STM32CubeIDE_1.17.0/STM32CubeIDE/plugins/com.st.stm32cube.ide.mcu.externaltools.gnu-tools-for-stm32.12.3.rel1.win32_1.1.0.202410251130/tools/bin/../lib/gcc/arm-none-eabi/12.3.1/../../../../arm-none-eabi/lib/thumb/v7e-m+fp/hard\libc_nano.a(libc_a-reallocr.o)
                0x08009acc                _realloc_r
 .text._malloc_usable_size_r
                0x08009b28       0x10 C:/ST/STM32CubeIDE_1.17.0/STM32CubeIDE/plugins/com.st.stm32cube.ide.mcu.externaltools.gnu-tools-for-stm32.12.3.rel1.win32_1.1.0.202410251130/tools/bin/../lib/gcc/arm-none-eabi/12.3.1/../../../../arm-none-eabi/lib/thumb/v7e-m+fp/hard\libc_nano.a(libc_a-msizer.o)
                0x08009b28                _malloc_usable_size_r
 *(.glue_7)
 .glue_7        0x08009b38        0x0 linker stubs
 *(.glue_7t)
 .glue_7t       0x08009b38        0x0 linker stubs
 *(.eh_frame)
 .eh_frame      0x08009b38        0x0 C:/ST/STM32CubeIDE_1.17.0/STM32CubeIDE/plugins/com.st.stm32cube.ide.mcu.externaltools.gnu-tools-for-stm32.12.3.rel1.win32_1.1.0.202410251130/tools/bin/../lib/gcc/arm-none-eabi/12.3.1/thumb/v7e-m+fp/hard/crtbegin.o
 *(.init)
 .init          0x08009b38        0x4 C:/ST/STM32CubeIDE_1.17.0/STM32CubeIDE/plugins/com.st.stm32cube.ide.mcu.externaltools.gnu-tools-for-stm32.12.3.rel1.win32_1.1.0.202410251130/tools/bin/../lib/gcc/arm-none-eabi/12.3.1/thumb/v7e-m+fp/hard/crti.o
                0x08009b38                _init
 .init          0x08009b3c        0x8 C:/ST/STM32CubeIDE_1.17.0/STM32CubeIDE/plugins/com.st.stm32cube.ide.mcu.externaltools.gnu-tools-for-stm32.12.3.rel1.win32_1.1.0.202410251130/tools/bin/../lib/gcc/arm-none-eabi/12.3.1/thumb/v7e-m+fp/hard/crtn.o
 *(.fini)
 .fini          0x08009b44        0x4 C:/ST/STM32CubeIDE_1.17.0/STM32CubeIDE/plugins/com.st.stm32cube.ide.mcu.externaltools.gnu-tools-for-stm32.12.3.rel1.win32_1.1.0.202410251130/tools/bin/../lib/gcc/arm-none-eabi/12.3.1/thumb/v7e-m+fp/hard/crti.o
                0x08009b44                _fini
 .fini          0x08009b48        0x8 C:/ST/STM32CubeIDE_1.17.0/STM32CubeIDE/plugins/com.st.stm32cube.ide.mcu.externaltools.gnu-tools-for-stm32.12.3.rel1.win32_1.1.0.202410251130/tools/bin/../lib/gcc/arm-none-eabi/12.3.1/thumb/v7e-m+fp/hard/crtn.o
                0x08009b50                        . = ALIGN (0x4)
                0x08009b50                        _etext = .

.vfp11_veneer   0x08009b50        0x0
 .vfp11_veneer  0x08009b50        0x0 linker stubs

.v4_bx          0x08009b50        0x0
 .v4_bx         0x08009b50        0x0 linker stubs

.iplt           0x08009b50        0x0
 .iplt          0x08009b50        0x0 C:/ST/STM32CubeIDE_1.17.0/STM32CubeIDE/plugins/com.st.stm32cube.ide.mcu.externaltools.gnu-tools-for-stm32.12.3.rel1.win32_1.1.0.202410251130/tools/bin/../lib/gcc/arm-none-eabi/12.3.1/thumb/v7e-m+fp/hard/crtbegin.o

.rodata         0x08009b50      0x21c
                0x08009b50                        . = ALIGN (0x4)
 *(.rodata)
 .rodata        0x08009b50        0x5 ./Common_RTOS_File/Third_Party/FreeRTOS/tasks.o
 *fill*         0x08009b55        0x3 
 .rodata        0x08009b58        0xd ./Common_RTOS_File/Third_Party/FreeRTOS/timers.o
 *fill*         0x08009b65        0x3 
 .rodata        0x08009b68       0xcf ./Core/Src/CAN_Functionalities.o
 *fill*         0x08009c37        0x1 
 .rodata        0x08009c38       0x4f ./Core/Src/LCD.o
 *fill*         0x08009c87        0x1 
 .rodata        0x08009c88       0x95 ./Core/Src/main_1.o
 *(.rodata*)
 *fill*         0x08009d1d        0x3 
 .rodata.AHBPrescTable
                0x08009d20       0x10 ./Core/Src/system_stm32f4xx.o
                0x08009d20                AHBPrescTable
 .rodata.APBPrescTable
                0x08009d30        0x8 ./Core/Src/system_stm32f4xx.o
                0x08009d30                APBPrescTable
 .rodata._svfprintf_r.str1.1
                0x08009d38       0x11 C:/ST/STM32CubeIDE_1.17.0/STM32CubeIDE/plugins/com.st.stm32cube.ide.mcu.externaltools.gnu-tools-for-stm32.12.3.rel1.win32_1.1.0.202410251130/tools/bin/../lib/gcc/arm-none-eabi/12.3.1/../../../../arm-none-eabi/lib/thumb/v7e-m+fp/hard\libc_nano.a(libc_a-nano-svfprintf.o)
 .rodata._printf_i.str1.1
                0x08009d49       0x22 C:/ST/STM32CubeIDE_1.17.0/STM32CubeIDE/plugins/com.st.stm32cube.ide.mcu.externaltools.gnu-tools-for-stm32.12.3.rel1.win32_1.1.0.202410251130/tools/bin/../lib/gcc/arm-none-eabi/12.3.1/../../../../arm-none-eabi/lib/thumb/v7e-m+fp/hard\libc_nano.a(libc_a-nano-vfprintf_i.o)
                0x08009d6c                        . = ALIGN (0x4)
 *fill*         0x08009d6b        0x1 

.ARM.extab      0x08009d6c        0x0
                0x08009d6c                        . = ALIGN (0x4)
 *(.ARM.extab* .gnu.linkonce.armextab.*)
                0x08009d6c                        . = ALIGN (0x4)

.ARM            0x08009d6c        0x8
                0x08009d6c                        . = ALIGN (0x4)
                0x08009d6c                        __exidx_start = .
 *(.ARM.exidx*)
 .ARM.exidx     0x08009d6c        0x8 C:/ST/STM32CubeIDE_1.17.0/STM32CubeIDE/plugins/com.st.stm32cube.ide.mcu.externaltools.gnu-tools-for-stm32.12.3.rel1.win32_1.1.0.202410251130/tools/bin/../lib/gcc/arm-none-eabi/12.3.1/../../../../arm-none-eabi/lib/thumb/v7e-m+fp/hard\libc_nano.a(libc_a-strlen.o)
 .ARM.exidx     0x08009d74        0x0 C:/ST/STM32CubeIDE_1.17.0/STM32CubeIDE/plugins/com.st.stm32cube.ide.mcu.externaltools.gnu-tools-for-stm32.12.3.rel1.win32_1.1.0.202410251130/tools/bin/../lib/gcc/arm-none-eabi/12.3.1/../../../../arm-none-eabi/lib/thumb/v7e-m+fp/hard\libc_nano.a(libc_a-memchr.o)
                                  0x8 (size before relaxing)
 .ARM.exidx     0x08009d74        0x0 C:/ST/STM32CubeIDE_1.17.0/STM32CubeIDE/plugins/com.st.stm32cube.ide.mcu.externaltools.gnu-tools-for-stm32.12.3.rel1.win32_1.1.0.202410251130/tools/bin/../lib/gcc/arm-none-eabi/12.3.1/thumb/v7e-m+fp/hard\libgcc.a(_udivmoddi4.o)
                                  0x8 (size before relaxing)
                0x08009d74                        __exidx_end = .
                0x08009d74                        . = ALIGN (0x4)

.preinit_array  0x08009d74        0x0
                0x08009d74                        . = ALIGN (0x4)
                0x08009d74                        PROVIDE (__preinit_array_start = .)
 *(.preinit_array*)
                0x08009d74                        PROVIDE (__preinit_array_end = .)
                0x08009d74                        . = ALIGN (0x4)

.init_array     0x08009d74        0x4
                0x08009d74                        . = ALIGN (0x4)
                0x08009d74                        PROVIDE (__init_array_start = .)
 *(SORT_BY_NAME(.init_array.*))
 *(.init_array*)
 .init_array    0x08009d74        0x4 C:/ST/STM32CubeIDE_1.17.0/STM32CubeIDE/plugins/com.st.stm32cube.ide.mcu.externaltools.gnu-tools-for-stm32.12.3.rel1.win32_1.1.0.202410251130/tools/bin/../lib/gcc/arm-none-eabi/12.3.1/thumb/v7e-m+fp/hard/crtbegin.o
                0x08009d78                        PROVIDE (__init_array_end = .)
                0x08009d78                        . = ALIGN (0x4)

.fini_array     0x08009d78        0x4
                0x08009d78                        . = ALIGN (0x4)
                [!provide]                        PROVIDE (__fini_array_start = .)
 *(SORT_BY_NAME(.fini_array.*))
 *(.fini_array*)
 .fini_array    0x08009d78        0x4 C:/ST/STM32CubeIDE_1.17.0/STM32CubeIDE/plugins/com.st.stm32cube.ide.mcu.externaltools.gnu-tools-for-stm32.12.3.rel1.win32_1.1.0.202410251130/tools/bin/../lib/gcc/arm-none-eabi/12.3.1/thumb/v7e-m+fp/hard/crtbegin.o
                [!provide]                        PROVIDE (__fini_array_end = .)
                0x08009d7c                        . = ALIGN (0x4)
                0x08009d7c                        _sidata = LOADADDR (.data)

.rel.dyn        0x08009d7c        0x0
 .rel.iplt      0x08009d7c        0x0 C:/ST/STM32CubeIDE_1.17.0/STM32CubeIDE/plugins/com.st.stm32cube.ide.mcu.externaltools.gnu-tools-for-stm32.12.3.rel1.win32_1.1.0.202410251130/tools/bin/../lib/gcc/arm-none-eabi/12.3.1/thumb/v7e-m+fp/hard/crtbegin.o

.data           0x20000000       0x64 load address 0x08009d7c
                0x20000000                        . = ALIGN (0x4)
                0x20000000                        _sdata = .
 *(.data)
 *(.data*)
 .data.uxTopUsedPriority
                0x20000000        0x4 ./Common_RTOS_File/Third_Party/FreeRTOS/tasks.o
 .data.uxCriticalNesting
                0x20000004        0x4 ./Common_RTOS_File/Third_Party/FreeRTOS/portable/GCC/ARM_CM4F/port.o
 .data.SystemCoreClock
                0x20000008        0x4 ./Core/Src/system_stm32f4xx.o
                0x20000008                SystemCoreClock
 .data.uwTickPrio
                0x2000000c        0x4 ./Drivers/STM32F4xx_HAL_Driver/Src/stm32f4xx_hal.o
                0x2000000c                uwTickPrio
 .data.uwTickFreq
                0x20000010        0x1 ./Drivers/STM32F4xx_HAL_Driver/Src/stm32f4xx_hal.o
                0x20000010                uwTickFreq
 *fill*         0x20000011        0x3 
 .data._impure_ptr
                0x20000014        0x4 C:/ST/STM32CubeIDE_1.17.0/STM32CubeIDE/plugins/com.st.stm32cube.ide.mcu.externaltools.gnu-tools-for-stm32.12.3.rel1.win32_1.1.0.202410251130/tools/bin/../lib/gcc/arm-none-eabi/12.3.1/../../../../arm-none-eabi/lib/thumb/v7e-m+fp/hard\libc_nano.a(libc_a-impure.o)
                0x20000014                _impure_ptr
 .data._impure_data
                0x20000018       0x4c C:/ST/STM32CubeIDE_1.17.0/STM32CubeIDE/plugins/com.st.stm32cube.ide.mcu.externaltools.gnu-tools-for-stm32.12.3.rel1.win32_1.1.0.202410251130/tools/bin/../lib/gcc/arm-none-eabi/12.3.1/../../../../arm-none-eabi/lib/thumb/v7e-m+fp/hard\libc_nano.a(libc_a-impure.o)
                0x20000018                _impure_data
 *(.RamFunc)
 *(.RamFunc*)
                0x20000064                        . = ALIGN (0x4)
                0x20000064                        _edata = .

.igot.plt       0x20000064        0x0 load address 0x08009de0
 .igot.plt      0x20000064        0x0 C:/ST/STM32CubeIDE_1.17.0/STM32CubeIDE/plugins/com.st.stm32cube.ide.mcu.externaltools.gnu-tools-for-stm32.12.3.rel1.win32_1.1.0.202410251130/tools/bin/../lib/gcc/arm-none-eabi/12.3.1/thumb/v7e-m+fp/hard/crtbegin.o
                0x20000064                        . = ALIGN (0x4)

.bss            0x20000064    0x13054 load address 0x08009de0
                0x20000064                        _sbss = .
                0x20000064                        __bss_start__ = _sbss
 *(.bss)
 .bss           0x20000064       0x1c C:/ST/STM32CubeIDE_1.17.0/STM32CubeIDE/plugins/com.st.stm32cube.ide.mcu.externaltools.gnu-tools-for-stm32.12.3.rel1.win32_1.1.0.202410251130/tools/bin/../lib/gcc/arm-none-eabi/12.3.1/thumb/v7e-m+fp/hard/crtbegin.o
 *(.bss*)
 .bss.xQueueRegistry
                0x20000080       0x40 ./Common_RTOS_File/Third_Party/FreeRTOS/queue.o
                0x20000080                xQueueRegistry
 .bss.pxCurrentTCB
                0x200000c0        0x4 ./Common_RTOS_File/Third_Party/FreeRTOS/tasks.o
                0x200000c0                pxCurrentTCB
 .bss.pxReadyTasksLists
                0x200000c4       0x64 ./Common_RTOS_File/Third_Party/FreeRTOS/tasks.o
 .bss.xDelayedTaskList1
                0x20000128       0x14 ./Common_RTOS_File/Third_Party/FreeRTOS/tasks.o
 .bss.xDelayedTaskList2
                0x2000013c       0x14 ./Common_RTOS_File/Third_Party/FreeRTOS/tasks.o
 .bss.pxDelayedTaskList
                0x20000150        0x4 ./Common_RTOS_File/Third_Party/FreeRTOS/tasks.o
 .bss.pxOverflowDelayedTaskList
                0x20000154        0x4 ./Common_RTOS_File/Third_Party/FreeRTOS/tasks.o
 .bss.xPendingReadyList
                0x20000158       0x14 ./Common_RTOS_File/Third_Party/FreeRTOS/tasks.o
 .bss.xTasksWaitingTermination
                0x2000016c       0x14 ./Common_RTOS_File/Third_Party/FreeRTOS/tasks.o
 .bss.uxDeletedTasksWaitingCleanUp
                0x20000180        0x4 ./Common_RTOS_File/Third_Party/FreeRTOS/tasks.o
 .bss.xSuspendedTaskList
                0x20000184       0x14 ./Common_RTOS_File/Third_Party/FreeRTOS/tasks.o
 .bss.uxCurrentNumberOfTasks
                0x20000198        0x4 ./Common_RTOS_File/Third_Party/FreeRTOS/tasks.o
 .bss.xTickCount
                0x2000019c        0x4 ./Common_RTOS_File/Third_Party/FreeRTOS/tasks.o
 .bss.uxTopReadyPriority
                0x200001a0        0x4 ./Common_RTOS_File/Third_Party/FreeRTOS/tasks.o
 .bss.xSchedulerRunning
                0x200001a4        0x4 ./Common_RTOS_File/Third_Party/FreeRTOS/tasks.o
 .bss.xPendedTicks
                0x200001a8        0x4 ./Common_RTOS_File/Third_Party/FreeRTOS/tasks.o
 .bss.xYieldPendings
                0x200001ac        0x4 ./Common_RTOS_File/Third_Party/FreeRTOS/tasks.o
 .bss.xNumOfOverflows
                0x200001b0        0x4 ./Common_RTOS_File/Third_Party/FreeRTOS/tasks.o
 .bss.uxTaskNumber
                0x200001b4        0x4 ./Common_RTOS_File/Third_Party/FreeRTOS/tasks.o
 .bss.xNextTaskUnblockTime
                0x200001b8        0x4 ./Common_RTOS_File/Third_Party/FreeRTOS/tasks.o
 .bss.xIdleTaskHandles
                0x200001bc        0x4 ./Common_RTOS_File/Third_Party/FreeRTOS/tasks.o
 .bss.uxSchedulerSuspended
                0x200001c0        0x4 ./Common_RTOS_File/Third_Party/FreeRTOS/tasks.o
 .bss.xActiveTimerList1
                0x200001c4       0x14 ./Common_RTOS_File/Third_Party/FreeRTOS/timers.o
 .bss.xActiveTimerList2
                0x200001d8       0x14 ./Common_RTOS_File/Third_Party/FreeRTOS/timers.o
 .bss.pxCurrentTimerList
                0x200001ec        0x4 ./Common_RTOS_File/Third_Party/FreeRTOS/timers.o
 .bss.pxOverflowTimerList
                0x200001f0        0x4 ./Common_RTOS_File/Third_Party/FreeRTOS/timers.o
 .bss.xTimerQueue
                0x200001f4        0x4 ./Common_RTOS_File/Third_Party/FreeRTOS/timers.o
 .bss.xTimerTaskHandle
                0x200001f8        0x4 ./Common_RTOS_File/Third_Party/FreeRTOS/timers.o
 .bss.xLastTime.0
                0x200001fc        0x4 ./Common_RTOS_File/Third_Party/FreeRTOS/timers.o
 .bss.ucMaxSysCallPriority
                0x20000200        0x1 ./Common_RTOS_File/Third_Party/FreeRTOS/portable/GCC/ARM_CM4F/port.o
 *fill*         0x20000201        0x3 
 .bss.ulMaxPRIGROUPValue
                0x20000204        0x4 ./Common_RTOS_File/Third_Party/FreeRTOS/portable/GCC/ARM_CM4F/port.o
 .bss.ucHeap    0x20000208    0x12c00 ./Common_RTOS_File/Third_Party/FreeRTOS/portable/MemMang/heap_4.o
 .bss.xStart    0x20012e08        0x8 ./Common_RTOS_File/Third_Party/FreeRTOS/portable/MemMang/heap_4.o
 .bss.pxEnd     0x20012e10        0x4 ./Common_RTOS_File/Third_Party/FreeRTOS/portable/MemMang/heap_4.o
 .bss.xFreeBytesRemaining
                0x20012e14        0x4 ./Common_RTOS_File/Third_Party/FreeRTOS/portable/MemMang/heap_4.o
 .bss.xMinimumEverFreeBytesRemaining
                0x20012e18        0x4 ./Common_RTOS_File/Third_Party/FreeRTOS/portable/MemMang/heap_4.o
 .bss.xNumberOfSuccessfulAllocations
                0x20012e1c        0x4 ./Common_RTOS_File/Third_Party/FreeRTOS/portable/MemMang/heap_4.o
 .bss.xNumberOfSuccessfulFrees
                0x20012e20        0x4 ./Common_RTOS_File/Third_Party/FreeRTOS/portable/MemMang/heap_4.o
 .bss.speed_val
                0x20012e24        0x4 ./Core/Src/CAN_Functionalities.o
                0x20012e24                speed_val
 .bss.speed_kmph
                0x20012e28        0x4 ./Core/Src/CAN_Functionalities.o
                0x20012e28                speed_kmph
 .bss.mode.0    0x20012e2c       0x14 ./Core/Src/CAN_Functionalities.o
 .bss.huart     0x20012e40       0x48 ./Core/Src/main_1.o
                0x20012e40                huart
 .bss.hcan      0x20012e88       0x28 ./Core/Src/main_1.o
                0x20012e88                hcan
 .bss.hi2c      0x20012eb0       0x54 ./Core/Src/main_1.o
                0x20012eb0                hi2c
 .bss.htim6     0x20012f04       0x48 ./Core/Src/main_1.o
                0x20012f04                htim6
 .bss.lcd_task_handler
                0x20012f4c        0x4 ./Core/Src/main_1.o
                0x20012f4c                lcd_task_handler
 .bss.can_task_hanlder
                0x20012f50        0x4 ./Core/Src/main_1.o
                0x20012f50                can_task_hanlder
 .bss.canqueue  0x20012f54        0x4 ./Core/Src/main_1.o
                0x20012f54                canqueue
 .bss.speedqueue
                0x20012f58        0x4 ./Core/Src/main_1.o
                0x20012f58                speedqueue
 .bss.modequeue
                0x20012f5c        0x4 ./Core/Src/main_1.o
                0x20012f5c                modequeue
 .bss.i2cSemaphore
                0x20012f60        0x4 ./Core/Src/main_1.o
                0x20012f60                i2cSemaphore
 .bss.i2c_buffer
                0x20012f64        0x1 ./Core/Src/main_1.o
                0x20012f64                i2c_buffer
 *fill*         0x20012f65        0x3 
 .bss.__sbrk_heap_end
                0x20012f68        0x4 ./Core/Src/sysmem.o
 .bss.uwTick    0x20012f6c        0x4 ./Drivers/STM32F4xx_HAL_Driver/Src/stm32f4xx_hal.o
                0x20012f6c                uwTick
 .bss.__sf      0x20012f70      0x138 C:/ST/STM32CubeIDE_1.17.0/STM32CubeIDE/plugins/com.st.stm32cube.ide.mcu.externaltools.gnu-tools-for-stm32.12.3.rel1.win32_1.1.0.202410251130/tools/bin/../lib/gcc/arm-none-eabi/12.3.1/../../../../arm-none-eabi/lib/thumb/v7e-m+fp/hard\libc_nano.a(libc_a-findfp.o)
                0x20012f70                __sf
 .bss.errno     0x200130a8        0x4 C:/ST/STM32CubeIDE_1.17.0/STM32CubeIDE/plugins/com.st.stm32cube.ide.mcu.externaltools.gnu-tools-for-stm32.12.3.rel1.win32_1.1.0.202410251130/tools/bin/../lib/gcc/arm-none-eabi/12.3.1/../../../../arm-none-eabi/lib/thumb/v7e-m+fp/hard\libc_nano.a(libc_a-reent.o)
                0x200130a8                errno
 .bss.__lock___malloc_recursive_mutex
                0x200130ac        0x1 C:/ST/STM32CubeIDE_1.17.0/STM32CubeIDE/plugins/com.st.stm32cube.ide.mcu.externaltools.gnu-tools-for-stm32.12.3.rel1.win32_1.1.0.202410251130/tools/bin/../lib/gcc/arm-none-eabi/12.3.1/../../../../arm-none-eabi/lib/thumb/v7e-m+fp/hard\libc_nano.a(libc_a-lock.o)
                0x200130ac                __lock___malloc_recursive_mutex
 *fill*         0x200130ad        0x3 
 .bss.__malloc_sbrk_start
                0x200130b0        0x4 C:/ST/STM32CubeIDE_1.17.0/STM32CubeIDE/plugins/com.st.stm32cube.ide.mcu.externaltools.gnu-tools-for-stm32.12.3.rel1.win32_1.1.0.202410251130/tools/bin/../lib/gcc/arm-none-eabi/12.3.1/../../../../arm-none-eabi/lib/thumb/v7e-m+fp/hard\libc_nano.a(libc_a-mallocr.o)
                0x200130b0                __malloc_sbrk_start
 .bss.__malloc_free_list
                0x200130b4        0x4 C:/ST/STM32CubeIDE_1.17.0/STM32CubeIDE/plugins/com.st.stm32cube.ide.mcu.externaltools.gnu-tools-for-stm32.12.3.rel1.win32_1.1.0.202410251130/tools/bin/../lib/gcc/arm-none-eabi/12.3.1/../../../../arm-none-eabi/lib/thumb/v7e-m+fp/hard\libc_nano.a(libc_a-mallocr.o)
                0x200130b4                __malloc_free_list
 *(COMMON)
                0x200130b8                        . = ALIGN (0x4)
                0x200130b8                        _ebss = .
                0x200130b8                        __bss_end__ = _ebss

._user_heap_stack
                0x200130b8      0x600 load address 0x08009de0
                0x200130b8                        . = ALIGN (0x8)
                [!provide]                        PROVIDE (end = .)
                0x200130b8                        PROVIDE (_end = .)
                0x200132b8                        . = (. + _Min_Heap_Size)
 *fill*         0x200130b8      0x200 
                0x200136b8                        . = (. + _Min_Stack_Size)
 *fill*         0x200132b8      0x400 
                0x200136b8                        . = ALIGN (0x8)

/DISCARD/
 libc.a(*)
 libm.a(*)
 libgcc.a(*)

.ARM.attributes
                0x00000000       0x30
 *(.ARM.attributes)
 .ARM.attributes
                0x00000000       0x22 C:/ST/STM32CubeIDE_1.17.0/STM32CubeIDE/plugins/com.st.stm32cube.ide.mcu.externaltools.gnu-tools-for-stm32.12.3.rel1.win32_1.1.0.202410251130/tools/bin/../lib/gcc/arm-none-eabi/12.3.1/thumb/v7e-m+fp/hard/crti.o
 .ARM.attributes
                0x00000022       0x34 C:/ST/STM32CubeIDE_1.17.0/STM32CubeIDE/plugins/com.st.stm32cube.ide.mcu.externaltools.gnu-tools-for-stm32.12.3.rel1.win32_1.1.0.202410251130/tools/bin/../lib/gcc/arm-none-eabi/12.3.1/thumb/v7e-m+fp/hard/crtbegin.o
 .ARM.attributes
                0x00000056       0x34 ./Common_RTOS_File/Third_Party/FreeRTOS/list.o
 .ARM.attributes
                0x0000008a       0x34 ./Common_RTOS_File/Third_Party/FreeRTOS/queue.o
 .ARM.attributes
                0x000000be       0x34 ./Common_RTOS_File/Third_Party/FreeRTOS/tasks.o
 .ARM.attributes
                0x000000f2       0x34 ./Common_RTOS_File/Third_Party/FreeRTOS/timers.o
 .ARM.attributes
                0x00000126       0x34 ./Common_RTOS_File/Third_Party/FreeRTOS/portable/GCC/ARM_CM4F/port.o
 .ARM.attributes
                0x0000015a       0x34 ./Common_RTOS_File/Third_Party/FreeRTOS/portable/MemMang/heap_4.o
 .ARM.attributes
                0x0000018e       0x34 ./Core/Src/CAN_Functionalities.o
 .ARM.attributes
                0x000001c2       0x34 ./Core/Src/LCD.o
 .ARM.attributes
                0x000001f6       0x34 ./Core/Src/it.o
 .ARM.attributes
                0x0000022a       0x34 ./Core/Src/main_1.o
 .ARM.attributes
                0x0000025e       0x34 ./Core/Src/msp.o
 .ARM.attributes
                0x00000292       0x34 ./Core/Src/sysmem.o
 .ARM.attributes
                0x000002c6       0x34 ./Core/Src/system_stm32f4xx.o
 .ARM.attributes
                0x000002fa       0x21 ./Core/Startup/startup_stm32f446retx.o
 .ARM.attributes
                0x0000031b       0x34 ./Drivers/STM32F4xx_HAL_Driver/Src/stm32f4xx_hal.o
 .ARM.attributes
                0x0000034f       0x34 ./Drivers/STM32F4xx_HAL_Driver/Src/stm32f4xx_hal_can.o
 .ARM.attributes
                0x00000383       0x34 ./Drivers/STM32F4xx_HAL_Driver/Src/stm32f4xx_hal_cortex.o
 .ARM.attributes
                0x000003b7       0x34 ./Drivers/STM32F4xx_HAL_Driver/Src/stm32f4xx_hal_dma.o
 .ARM.attributes
                0x000003eb       0x34 ./Drivers/STM32F4xx_HAL_Driver/Src/stm32f4xx_hal_gpio.o
 .ARM.attributes
                0x0000041f       0x34 ./Drivers/STM32F4xx_HAL_Driver/Src/stm32f4xx_hal_i2c.o
 .ARM.attributes
                0x00000453       0x34 ./Drivers/STM32F4xx_HAL_Driver/Src/stm32f4xx_hal_rcc.o
 .ARM.attributes
                0x00000487       0x34 ./Drivers/STM32F4xx_HAL_Driver/Src/stm32f4xx_hal_rcc_ex.o
 .ARM.attributes
                0x000004bb       0x34 ./Drivers/STM32F4xx_HAL_Driver/Src/stm32f4xx_hal_tim.o
 .ARM.attributes
                0x000004ef       0x34 ./Drivers/STM32F4xx_HAL_Driver/Src/stm32f4xx_hal_tim_ex.o
 .ARM.attributes
                0x00000523       0x34 ./Drivers/STM32F4xx_HAL_Driver/Src/stm32f4xx_hal_uart.o
 .ARM.attributes
                0x00000557       0x34 C:/ST/STM32CubeIDE_1.17.0/STM32CubeIDE/plugins/com.st.stm32cube.ide.mcu.externaltools.gnu-tools-for-stm32.12.3.rel1.win32_1.1.0.202410251130/tools/bin/../lib/gcc/arm-none-eabi/12.3.1/../../../../arm-none-eabi/lib/thumb/v7e-m+fp/hard\libc_nano.a(libc_a-findfp.o)
 .ARM.attributes
                0x0000058b       0x34 C:/ST/STM32CubeIDE_1.17.0/STM32CubeIDE/plugins/com.st.stm32cube.ide.mcu.externaltools.gnu-tools-for-stm32.12.3.rel1.win32_1.1.0.202410251130/tools/bin/../lib/gcc/arm-none-eabi/12.3.1/../../../../arm-none-eabi/lib/thumb/v7e-m+fp/hard\libc_nano.a(libc_a-sprintf.o)
 .ARM.attributes
                0x000005bf       0x34 C:/ST/STM32CubeIDE_1.17.0/STM32CubeIDE/plugins/com.st.stm32cube.ide.mcu.externaltools.gnu-tools-for-stm32.12.3.rel1.win32_1.1.0.202410251130/tools/bin/../lib/gcc/arm-none-eabi/12.3.1/../../../../arm-none-eabi/lib/thumb/v7e-m+fp/hard\libc_nano.a(libc_a-memset.o)
 .ARM.attributes
                0x000005f3       0x34 C:/ST/STM32CubeIDE_1.17.0/STM32CubeIDE/plugins/com.st.stm32cube.ide.mcu.externaltools.gnu-tools-for-stm32.12.3.rel1.win32_1.1.0.202410251130/tools/bin/../lib/gcc/arm-none-eabi/12.3.1/../../../../arm-none-eabi/lib/thumb/v7e-m+fp/hard\libc_nano.a(libc_a-reent.o)
 .ARM.attributes
                0x00000627       0x34 C:/ST/STM32CubeIDE_1.17.0/STM32CubeIDE/plugins/com.st.stm32cube.ide.mcu.externaltools.gnu-tools-for-stm32.12.3.rel1.win32_1.1.0.202410251130/tools/bin/../lib/gcc/arm-none-eabi/12.3.1/../../../../arm-none-eabi/lib/thumb/v7e-m+fp/hard\libc_nano.a(libc_a-impure.o)
 .ARM.attributes
                0x0000065b       0x34 C:/ST/STM32CubeIDE_1.17.0/STM32CubeIDE/plugins/com.st.stm32cube.ide.mcu.externaltools.gnu-tools-for-stm32.12.3.rel1.win32_1.1.0.202410251130/tools/bin/../lib/gcc/arm-none-eabi/12.3.1/../../../../arm-none-eabi/lib/thumb/v7e-m+fp/hard\libc_nano.a(libc_a-errno.o)
 .ARM.attributes
                0x0000068f       0x34 C:/ST/STM32CubeIDE_1.17.0/STM32CubeIDE/plugins/com.st.stm32cube.ide.mcu.externaltools.gnu-tools-for-stm32.12.3.rel1.win32_1.1.0.202410251130/tools/bin/../lib/gcc/arm-none-eabi/12.3.1/../../../../arm-none-eabi/lib/thumb/v7e-m+fp/hard\libc_nano.a(libc_a-init.o)
 .ARM.attributes
                0x000006c3       0x34 C:/ST/STM32CubeIDE_1.17.0/STM32CubeIDE/plugins/com.st.stm32cube.ide.mcu.externaltools.gnu-tools-for-stm32.12.3.rel1.win32_1.1.0.202410251130/tools/bin/../lib/gcc/arm-none-eabi/12.3.1/../../../../arm-none-eabi/lib/thumb/v7e-m+fp/hard\libc_nano.a(libc_a-lock.o)
 .ARM.attributes
                0x000006f7       0x34 C:/ST/STM32CubeIDE_1.17.0/STM32CubeIDE/plugins/com.st.stm32cube.ide.mcu.externaltools.gnu-tools-for-stm32.12.3.rel1.win32_1.1.0.202410251130/tools/bin/../lib/gcc/arm-none-eabi/12.3.1/../../../../arm-none-eabi/lib/thumb/v7e-m+fp/hard\libc_nano.a(libc_a-memcpy-stub.o)
 .ARM.attributes
                0x0000072b       0x17 C:/ST/STM32CubeIDE_1.17.0/STM32CubeIDE/plugins/com.st.stm32cube.ide.mcu.externaltools.gnu-tools-for-stm32.12.3.rel1.win32_1.1.0.202410251130/tools/bin/../lib/gcc/arm-none-eabi/12.3.1/../../../../arm-none-eabi/lib/thumb/v7e-m+fp/hard\libc_nano.a(libc_a-strlen.o)
 .ARM.attributes
                0x00000742       0x34 C:/ST/STM32CubeIDE_1.17.0/STM32CubeIDE/plugins/com.st.stm32cube.ide.mcu.externaltools.gnu-tools-for-stm32.12.3.rel1.win32_1.1.0.202410251130/tools/bin/../lib/gcc/arm-none-eabi/12.3.1/../../../../arm-none-eabi/lib/thumb/v7e-m+fp/hard\libc_nano.a(libc_a-freer.o)
 .ARM.attributes
                0x00000776       0x34 C:/ST/STM32CubeIDE_1.17.0/STM32CubeIDE/plugins/com.st.stm32cube.ide.mcu.externaltools.gnu-tools-for-stm32.12.3.rel1.win32_1.1.0.202410251130/tools/bin/../lib/gcc/arm-none-eabi/12.3.1/../../../../arm-none-eabi/lib/thumb/v7e-m+fp/hard\libc_nano.a(libc_a-mallocr.o)
 .ARM.attributes
                0x000007aa       0x34 C:/ST/STM32CubeIDE_1.17.0/STM32CubeIDE/plugins/com.st.stm32cube.ide.mcu.externaltools.gnu-tools-for-stm32.12.3.rel1.win32_1.1.0.202410251130/tools/bin/../lib/gcc/arm-none-eabi/12.3.1/../../../../arm-none-eabi/lib/thumb/v7e-m+fp/hard\libc_nano.a(libc_a-mlock.o)
 .ARM.attributes
                0x000007de       0x34 C:/ST/STM32CubeIDE_1.17.0/STM32CubeIDE/plugins/com.st.stm32cube.ide.mcu.externaltools.gnu-tools-for-stm32.12.3.rel1.win32_1.1.0.202410251130/tools/bin/../lib/gcc/arm-none-eabi/12.3.1/../../../../arm-none-eabi/lib/thumb/v7e-m+fp/hard\libc_nano.a(libc_a-nano-svfprintf.o)
 .ARM.attributes
                0x00000812       0x34 C:/ST/STM32CubeIDE_1.17.0/STM32CubeIDE/plugins/com.st.stm32cube.ide.mcu.externaltools.gnu-tools-for-stm32.12.3.rel1.win32_1.1.0.202410251130/tools/bin/../lib/gcc/arm-none-eabi/12.3.1/../../../../arm-none-eabi/lib/thumb/v7e-m+fp/hard\libc_nano.a(libc_a-nano-vfprintf_i.o)
 .ARM.attributes
                0x00000846       0x34 C:/ST/STM32CubeIDE_1.17.0/STM32CubeIDE/plugins/com.st.stm32cube.ide.mcu.externaltools.gnu-tools-for-stm32.12.3.rel1.win32_1.1.0.202410251130/tools/bin/../lib/gcc/arm-none-eabi/12.3.1/../../../../arm-none-eabi/lib/thumb/v7e-m+fp/hard\libc_nano.a(libc_a-memmove.o)
 .ARM.attributes
                0x0000087a       0x34 C:/ST/STM32CubeIDE_1.17.0/STM32CubeIDE/plugins/com.st.stm32cube.ide.mcu.externaltools.gnu-tools-for-stm32.12.3.rel1.win32_1.1.0.202410251130/tools/bin/../lib/gcc/arm-none-eabi/12.3.1/../../../../arm-none-eabi/lib/thumb/v7e-m+fp/hard\libc_nano.a(libc_a-sbrkr.o)
 .ARM.attributes
                0x000008ae       0x1c C:/ST/STM32CubeIDE_1.17.0/STM32CubeIDE/plugins/com.st.stm32cube.ide.mcu.externaltools.gnu-tools-for-stm32.12.3.rel1.win32_1.1.0.202410251130/tools/bin/../lib/gcc/arm-none-eabi/12.3.1/../../../../arm-none-eabi/lib/thumb/v7e-m+fp/hard\libc_nano.a(libc_a-memchr.o)
 .ARM.attributes
                0x000008ca       0x34 C:/ST/STM32CubeIDE_1.17.0/STM32CubeIDE/plugins/com.st.stm32cube.ide.mcu.externaltools.gnu-tools-for-stm32.12.3.rel1.win32_1.1.0.202410251130/tools/bin/../lib/gcc/arm-none-eabi/12.3.1/../../../../arm-none-eabi/lib/thumb/v7e-m+fp/hard\libc_nano.a(libc_a-reallocr.o)
 .ARM.attributes
                0x000008fe       0x34 C:/ST/STM32CubeIDE_1.17.0/STM32CubeIDE/plugins/com.st.stm32cube.ide.mcu.externaltools.gnu-tools-for-stm32.12.3.rel1.win32_1.1.0.202410251130/tools/bin/../lib/gcc/arm-none-eabi/12.3.1/../../../../arm-none-eabi/lib/thumb/v7e-m+fp/hard\libc_nano.a(libc_a-msizer.o)
 .ARM.attributes
                0x00000932       0x22 C:/ST/STM32CubeIDE_1.17.0/STM32CubeIDE/plugins/com.st.stm32cube.ide.mcu.externaltools.gnu-tools-for-stm32.12.3.rel1.win32_1.1.0.202410251130/tools/bin/../lib/gcc/arm-none-eabi/12.3.1/thumb/v7e-m+fp/hard\libgcc.a(_aeabi_uldivmod.o)
 .ARM.attributes
                0x00000954       0x34 C:/ST/STM32CubeIDE_1.17.0/STM32CubeIDE/plugins/com.st.stm32cube.ide.mcu.externaltools.gnu-tools-for-stm32.12.3.rel1.win32_1.1.0.202410251130/tools/bin/../lib/gcc/arm-none-eabi/12.3.1/thumb/v7e-m+fp/hard\libgcc.a(_udivmoddi4.o)
 .ARM.attributes
                0x00000988       0x22 C:/ST/STM32CubeIDE_1.17.0/STM32CubeIDE/plugins/com.st.stm32cube.ide.mcu.externaltools.gnu-tools-for-stm32.12.3.rel1.win32_1.1.0.202410251130/tools/bin/../lib/gcc/arm-none-eabi/12.3.1/thumb/v7e-m+fp/hard\libgcc.a(_dvmd_tls.o)
 .ARM.attributes
                0x000009aa       0x22 C:/ST/STM32CubeIDE_1.17.0/STM32CubeIDE/plugins/com.st.stm32cube.ide.mcu.externaltools.gnu-tools-for-stm32.12.3.rel1.win32_1.1.0.202410251130/tools/bin/../lib/gcc/arm-none-eabi/12.3.1/thumb/v7e-m+fp/hard/crtn.o
OUTPUT(Speedometer.elf elf32-littlearm)
LOAD linker stubs
LOAD C:/ST/STM32CubeIDE_1.17.0/STM32CubeIDE/plugins/com.st.stm32cube.ide.mcu.externaltools.gnu-tools-for-stm32.12.3.rel1.win32_1.1.0.202410251130/tools/bin/../lib/gcc/arm-none-eabi/12.3.1/../../../../arm-none-eabi/lib/thumb/v7e-m+fp/hard\libc.a
LOAD C:/ST/STM32CubeIDE_1.17.0/STM32CubeIDE/plugins/com.st.stm32cube.ide.mcu.externaltools.gnu-tools-for-stm32.12.3.rel1.win32_1.1.0.202410251130/tools/bin/../lib/gcc/arm-none-eabi/12.3.1/../../../../arm-none-eabi/lib/thumb/v7e-m+fp/hard\libm.a
LOAD C:/ST/STM32CubeIDE_1.17.0/STM32CubeIDE/plugins/com.st.stm32cube.ide.mcu.externaltools.gnu-tools-for-stm32.12.3.rel1.win32_1.1.0.202410251130/tools/bin/../lib/gcc/arm-none-eabi/12.3.1/thumb/v7e-m+fp/hard\libgcc.a

.debug_info     0x00000000    0x19833
 .debug_info    0x00000000      0x2aa ./Common_RTOS_File/Third_Party/FreeRTOS/list.o
 .debug_info    0x000002aa     0x18a3 ./Common_RTOS_File/Third_Party/FreeRTOS/queue.o
 .debug_info    0x00001b4d     0x27e0 ./Common_RTOS_File/Third_Party/FreeRTOS/tasks.o
 .debug_info    0x0000432d      0xf06 ./Common_RTOS_File/Third_Party/FreeRTOS/timers.o
 .debug_info    0x00005233      0x622 ./Common_RTOS_File/Third_Party/FreeRTOS/portable/GCC/ARM_CM4F/port.o
 .debug_info    0x00005855      0x5d9 ./Common_RTOS_File/Third_Party/FreeRTOS/portable/MemMang/heap_4.o
 .debug_info    0x00005e2e      0xf8c ./Core/Src/CAN_Functionalities.o
 .debug_info    0x00006dba      0x8a4 ./Core/Src/LCD.o
 .debug_info    0x0000765e      0xda2 ./Core/Src/it.o
 .debug_info    0x00008400     0x1ab4 ./Core/Src/main_1.o
 .debug_info    0x00009eb4     0x17fa ./Core/Src/msp.o
 .debug_info    0x0000b6ae      0x168 ./Core/Src/sysmem.o
 .debug_info    0x0000b816      0x54a ./Core/Src/system_stm32f4xx.o
 .debug_info    0x0000bd60       0x30 ./Core/Startup/startup_stm32f446retx.o
 .debug_info    0x0000bd90      0x99a ./Drivers/STM32F4xx_HAL_Driver/Src/stm32f4xx_hal.o
 .debug_info    0x0000c72a      0xf44 ./Drivers/STM32F4xx_HAL_Driver/Src/stm32f4xx_hal_can.o
 .debug_info    0x0000d66e      0xdaa ./Drivers/STM32F4xx_HAL_Driver/Src/stm32f4xx_hal_cortex.o
 .debug_info    0x0000e418      0x8e7 ./Drivers/STM32F4xx_HAL_Driver/Src/stm32f4xx_hal_dma.o
 .debug_info    0x0000ecff      0x70b ./Drivers/STM32F4xx_HAL_Driver/Src/stm32f4xx_hal_gpio.o
 .debug_info    0x0000f40a     0x2421 ./Drivers/STM32F4xx_HAL_Driver/Src/stm32f4xx_hal_i2c.o
 .debug_info    0x0001182b      0x8eb ./Drivers/STM32F4xx_HAL_Driver/Src/stm32f4xx_hal_rcc.o
 .debug_info    0x00012116      0x956 ./Drivers/STM32F4xx_HAL_Driver/Src/stm32f4xx_hal_rcc_ex.o
 .debug_info    0x00012a6c     0x299d ./Drivers/STM32F4xx_HAL_Driver/Src/stm32f4xx_hal_tim.o
 .debug_info    0x00015409     0x14db ./Drivers/STM32F4xx_HAL_Driver/Src/stm32f4xx_hal_tim_ex.o
 .debug_info    0x000168e4     0x2f4f ./Drivers/STM32F4xx_HAL_Driver/Src/stm32f4xx_hal_uart.o

.debug_abbrev   0x00000000     0x38c4
 .debug_abbrev  0x00000000       0xee ./Common_RTOS_File/Third_Party/FreeRTOS/list.o
 .debug_abbrev  0x000000ee      0x323 ./Common_RTOS_File/Third_Party/FreeRTOS/queue.o
 .debug_abbrev  0x00000411      0x396 ./Common_RTOS_File/Third_Party/FreeRTOS/tasks.o
 .debug_abbrev  0x000007a7      0x2f2 ./Common_RTOS_File/Third_Party/FreeRTOS/timers.o
 .debug_abbrev  0x00000a99      0x248 ./Common_RTOS_File/Third_Party/FreeRTOS/portable/GCC/ARM_CM4F/port.o
 .debug_abbrev  0x00000ce1      0x25a ./Common_RTOS_File/Third_Party/FreeRTOS/portable/MemMang/heap_4.o
 .debug_abbrev  0x00000f3b      0x2db ./Core/Src/CAN_Functionalities.o
 .debug_abbrev  0x00001216      0x1f5 ./Core/Src/LCD.o
 .debug_abbrev  0x0000140b      0x1bd ./Core/Src/it.o
 .debug_abbrev  0x000015c8      0x3bb ./Core/Src/main_1.o
 .debug_abbrev  0x00001983      0x20d ./Core/Src/msp.o
 .debug_abbrev  0x00001b90       0xbc ./Core/Src/sysmem.o
 .debug_abbrev  0x00001c4c      0x11a ./Core/Src/system_stm32f4xx.o
 .debug_abbrev  0x00001d66       0x24 ./Core/Startup/startup_stm32f446retx.o
 .debug_abbrev  0x00001d8a      0x214 ./Drivers/STM32F4xx_HAL_Driver/Src/stm32f4xx_hal.o
 .debug_abbrev  0x00001f9e      0x25a ./Drivers/STM32F4xx_HAL_Driver/Src/stm32f4xx_hal_can.o
 .debug_abbrev  0x000021f8      0x31d ./Drivers/STM32F4xx_HAL_Driver/Src/stm32f4xx_hal_cortex.o
 .debug_abbrev  0x00002515      0x264 ./Drivers/STM32F4xx_HAL_Driver/Src/stm32f4xx_hal_dma.o
 .debug_abbrev  0x00002779      0x1d4 ./Drivers/STM32F4xx_HAL_Driver/Src/stm32f4xx_hal_gpio.o
 .debug_abbrev  0x0000294d      0x2ad ./Drivers/STM32F4xx_HAL_Driver/Src/stm32f4xx_hal_i2c.o
 .debug_abbrev  0x00002bfa      0x2b7 ./Drivers/STM32F4xx_HAL_Driver/Src/stm32f4xx_hal_rcc.o
 .debug_abbrev  0x00002eb1      0x20a ./Drivers/STM32F4xx_HAL_Driver/Src/stm32f4xx_hal_rcc_ex.o
 .debug_abbrev  0x000030bb      0x278 ./Drivers/STM32F4xx_HAL_Driver/Src/stm32f4xx_hal_tim.o
 .debug_abbrev  0x00003333      0x283 ./Drivers/STM32F4xx_HAL_Driver/Src/stm32f4xx_hal_tim_ex.o
 .debug_abbrev  0x000035b6      0x30e ./Drivers/STM32F4xx_HAL_Driver/Src/stm32f4xx_hal_uart.o

.debug_aranges  0x00000000     0x1708
 .debug_aranges
                0x00000000       0x40 ./Common_RTOS_File/Third_Party/FreeRTOS/list.o
 .debug_aranges
                0x00000040      0x140 ./Common_RTOS_File/Third_Party/FreeRTOS/queue.o
 .debug_aranges
                0x00000180      0x238 ./Common_RTOS_File/Third_Party/FreeRTOS/tasks.o
 .debug_aranges
                0x000003b8       0xf8 ./Common_RTOS_File/Third_Party/FreeRTOS/timers.o
 .debug_aranges
                0x000004b0       0x88 ./Common_RTOS_File/Third_Party/FreeRTOS/portable/GCC/ARM_CM4F/port.o
 .debug_aranges
                0x00000538       0x68 ./Common_RTOS_File/Third_Party/FreeRTOS/portable/MemMang/heap_4.o
 .debug_aranges
                0x000005a0       0x70 ./Core/Src/CAN_Functionalities.o
 .debug_aranges
                0x00000610       0x58 ./Core/Src/LCD.o
 .debug_aranges
                0x00000668       0x50 ./Core/Src/it.o
 .debug_aranges
                0x000006b8       0x78 ./Core/Src/main_1.o
 .debug_aranges
                0x00000730       0x40 ./Core/Src/msp.o
 .debug_aranges
                0x00000770       0x20 ./Core/Src/sysmem.o
 .debug_aranges
                0x00000790       0x28 ./Core/Src/system_stm32f4xx.o
 .debug_aranges
                0x000007b8       0x28 ./Core/Startup/startup_stm32f446retx.o
 .debug_aranges
                0x000007e0       0xf0 ./Drivers/STM32F4xx_HAL_Driver/Src/stm32f4xx_hal.o
 .debug_aranges
                0x000008d0      0x138 ./Drivers/STM32F4xx_HAL_Driver/Src/stm32f4xx_hal_can.o
 .debug_aranges
                0x00000a08      0x130 ./Drivers/STM32F4xx_HAL_Driver/Src/stm32f4xx_hal_cortex.o
 .debug_aranges
                0x00000b38       0x90 ./Drivers/STM32F4xx_HAL_Driver/Src/stm32f4xx_hal_dma.o
 .debug_aranges
                0x00000bc8       0x58 ./Drivers/STM32F4xx_HAL_Driver/Src/stm32f4xx_hal_gpio.o
 .debug_aranges
                0x00000c20      0x2a8 ./Drivers/STM32F4xx_HAL_Driver/Src/stm32f4xx_hal_i2c.o
 .debug_aranges
                0x00000ec8       0x88 ./Drivers/STM32F4xx_HAL_Driver/Src/stm32f4xx_hal_rcc.o
 .debug_aranges
                0x00000f50       0x78 ./Drivers/STM32F4xx_HAL_Driver/Src/stm32f4xx_hal_rcc_ex.o
 .debug_aranges
                0x00000fc8      0x3d0 ./Drivers/STM32F4xx_HAL_Driver/Src/stm32f4xx_hal_tim.o
 .debug_aranges
                0x00001398      0x168 ./Drivers/STM32F4xx_HAL_Driver/Src/stm32f4xx_hal_tim_ex.o
 .debug_aranges
                0x00001500      0x208 ./Drivers/STM32F4xx_HAL_Driver/Src/stm32f4xx_hal_uart.o

.debug_rnglists
                0x00000000     0x1220
 .debug_rnglists
                0x00000000       0x2b ./Common_RTOS_File/Third_Party/FreeRTOS/list.o
 .debug_rnglists
                0x0000002b       0xf8 ./Common_RTOS_File/Third_Party/FreeRTOS/queue.o
 .debug_rnglists
                0x00000123      0x1d5 ./Common_RTOS_File/Third_Party/FreeRTOS/tasks.o
 .debug_rnglists
                0x000002f8       0xba ./Common_RTOS_File/Third_Party/FreeRTOS/timers.o
 .debug_rnglists
                0x000003b2       0x64 ./Common_RTOS_File/Third_Party/FreeRTOS/portable/GCC/ARM_CM4F/port.o
 .debug_rnglists
                0x00000416       0x4e ./Common_RTOS_File/Third_Party/FreeRTOS/portable/MemMang/heap_4.o
 .debug_rnglists
                0x00000464       0x52 ./Core/Src/CAN_Functionalities.o
 .debug_rnglists
                0x000004b6       0x3e ./Core/Src/LCD.o
 .debug_rnglists
                0x000004f4       0x37 ./Core/Src/it.o
 .debug_rnglists
                0x0000052b       0x5a ./Core/Src/main_1.o
 .debug_rnglists
                0x00000585       0x2e ./Core/Src/msp.o
 .debug_rnglists
                0x000005b3       0x13 ./Core/Src/sysmem.o
 .debug_rnglists
                0x000005c6       0x1a ./Core/Src/system_stm32f4xx.o
 .debug_rnglists
                0x000005e0       0x19 ./Core/Startup/startup_stm32f446retx.o
 .debug_rnglists
                0x000005f9       0xaf ./Drivers/STM32F4xx_HAL_Driver/Src/stm32f4xx_hal.o
 .debug_rnglists
                0x000006a8       0xee ./Drivers/STM32F4xx_HAL_Driver/Src/stm32f4xx_hal_can.o
 .debug_rnglists
                0x00000796       0xe0 ./Drivers/STM32F4xx_HAL_Driver/Src/stm32f4xx_hal_cortex.o
 .debug_rnglists
                0x00000876       0x70 ./Drivers/STM32F4xx_HAL_Driver/Src/stm32f4xx_hal_dma.o
 .debug_rnglists
                0x000008e6       0x3f ./Drivers/STM32F4xx_HAL_Driver/Src/stm32f4xx_hal_gpio.o
 .debug_rnglists
                0x00000925      0x23c ./Drivers/STM32F4xx_HAL_Driver/Src/stm32f4xx_hal_i2c.o
 .debug_rnglists
                0x00000b61       0x66 ./Drivers/STM32F4xx_HAL_Driver/Src/stm32f4xx_hal_rcc.o
 .debug_rnglists
                0x00000bc7       0x5e ./Drivers/STM32F4xx_HAL_Driver/Src/stm32f4xx_hal_rcc_ex.o
 .debug_rnglists
                0x00000c25      0x31a ./Drivers/STM32F4xx_HAL_Driver/Src/stm32f4xx_hal_tim.o
 .debug_rnglists
                0x00000f3f      0x125 ./Drivers/STM32F4xx_HAL_Driver/Src/stm32f4xx_hal_tim_ex.o
 .debug_rnglists
                0x00001064      0x1bc ./Drivers/STM32F4xx_HAL_Driver/Src/stm32f4xx_hal_uart.o

.debug_macro    0x00000000    0x23050
 .debug_macro   0x00000000      0x1a2 ./Common_RTOS_File/Third_Party/FreeRTOS/list.o
 .debug_macro   0x000001a2      0x239 ./Common_RTOS_File/Third_Party/FreeRTOS/queue.o
 .debug_macro   0x000003db       0x16 ./Common_RTOS_File/Third_Party/FreeRTOS/queue.o
 .debug_macro   0x000003f1       0x35 ./Common_RTOS_File/Third_Party/FreeRTOS/queue.o
 .debug_macro   0x00000426       0x20 ./Common_RTOS_File/Third_Party/FreeRTOS/queue.o
 .debug_macro   0x00000446       0x80 ./Common_RTOS_File/Third_Party/FreeRTOS/queue.o
 .debug_macro   0x000004c6      0x2bf ./Common_RTOS_File/Third_Party/FreeRTOS/tasks.o
 .debug_macro   0x00000785       0x17 ./Common_RTOS_File/Third_Party/FreeRTOS/tasks.o