../Core/Src/led_effect.c:10:6:turn_off_all_leds	8	static
../Core/Src/led_effect.c:18:6:turn_on_all_leds	8	static
../Core/Src/led_effect.c:25:6:turn_on_odd_leds	8	static
../Core/Src/led_effect.c:33:6:turn_on_even_leds	8	static
../Core/Src/led_effect.c:55:6:LED_control	16	static
../Core/Src/led_effect.c:72:6:led_effect_stop	24	static
../Core/Src/led_effect.c:78:6:led_effect_start	32	static
../Core/Src/led_effect.c:85:6:LED_effect1	8	static
../Core/Src/led_effect.c:92:6:LED_effect2	8	static
../Core/Src/led_effect.c:98:6:LED_effect3	8	static
../Core/Src/led_effect.c:104:6:LED_effect4	8	static
