../Core/Src/main.c:89:5:main	56	static,ignoring_inline_asm
../Core/Src/main.c:181:6:SystemClock_Config	88	static
../Core/Src/main.c:231:13:MX_RTC_Init	8	static
../Core/Src/main.c:266:13:MX_USART2_UART_Init	8	static
../Core/Src/main.c:299:13:MX_GPIO_Init	48	static
../Core/Src/main.c:333:6:rtc_timer_callback_func	16	static
../Core/Src/main.c:338:6:led_timer_callback_func	24	static
../Core/Src/main.c:361:6:HAL_UART_RxCpltCallback	32	static
../Core/Src/main.c:409:6:HAL_TIM_PeriodElapsedCallback	16	static
../Core/Src/main.c:426:6:Error_Handler	4	static,ignoring_inline_asm
