../Core/Src/main_1.c:23:5:main	40	static,ignoring_inline_asm
../Core/Src/main_1.c:84:6:UART2_Init	8	static
../Core/Src/main_1.c:138:6:I2C_Init	8	static
../Core/Src/main_1.c:158:6:HAL_I2C_MasterTxCpltCallback	16	static
../Core/Src/main_1.c:165:6:HAL_I2C_ErrorCallback	16	static
../Core/Src/main_1.c:173:6:SystemClockConfig	96	static
../Core/Src/main_1.c:264:6:send_msg	24	static
../Core/Src/main_1.c:273:6:error_handler	8	static
../Core/Src/main_1.c:281:6:LCD_task	64	static
../Core/Src/main_1.c:315:6:CAN_task	48	static
../Core/Src/main_1.c:339:19:HAL_InitTick	56	static
../Core/Src/main_1.c:375:6:HAL_TIM_PeriodElapsedCallback	16	static
