../Drivers/CMSIS/Include/core_cm4.h:1760:22:__NVIC_SetPendingIRQ	16	static
../Core/Src/main.c:75:5:main	32	static,ignoring_inline_asm
../Core/Src/main.c:133:6:SystemClock_Config	88	static
../Core/Src/main.c:181:13:MX_USART2_UART_Init	8	static
../Core/Src/main.c:214:13:MX_GPIO_Init	48	static
../Core/Src/main.c:251:6:printmsg	16	static
../Core/Src/main.c:256:6:periodic_task	16	static
../Core/Src/main.c:272:6:handler_task	16	static
../Core/Src/main.c:281:6:software_Interrupt	8	static
../Core/Src/main.c:299:6:HAL_TIM_PeriodElapsedCallback	16	static
../Core/Src/main.c:316:6:Error_Handler	4	static,ignoring_inline_asm
