Archive member included to satisfy reference by file (symbol)

C:/ST/STM32CubeIDE_1.17.0/STM32CubeIDE/plugins/com.st.stm32cube.ide.mcu.externaltools.gnu-tools-for-stm32.12.3.rel1.win32_1.1.0.202410251130/tools/bin/../lib/gcc/arm-none-eabi/12.3.1/../../../../arm-none-eabi/lib/thumb/v7e-m+fp/hard\libc_nano.a(libc_a-exit.o)
                              C:/ST/STM32CubeIDE_1.17.0/STM32CubeIDE/plugins/com.st.stm32cube.ide.mcu.externaltools.gnu-tools-for-stm32.12.3.rel1.win32_1.1.0.202410251130/tools/bin/../lib/gcc/arm-none-eabi/12.3.1/../../../../arm-none-eabi/lib/thumb/v7e-m+fp/hard/crt0.o (exit)
C:/ST/STM32CubeIDE_1.17.0/STM32CubeIDE/plugins/com.st.stm32cube.ide.mcu.externaltools.gnu-tools-for-stm32.12.3.rel1.win32_1.1.0.202410251130/tools/bin/../lib/gcc/arm-none-eabi/12.3.1/../../../../arm-none-eabi/lib/thumb/v7e-m+fp/hard\libc_nano.a(libc_a-findfp.o)
                              C:/ST/STM32CubeIDE_1.17.0/STM32CubeIDE/plugins/com.st.stm32cube.ide.mcu.externaltools.gnu-tools-for-stm32.12.3.rel1.win32_1.1.0.202410251130/tools/bin/../lib/gcc/arm-none-eabi/12.3.1/../../../../arm-none-eabi/lib/thumb/v7e-m+fp/hard\libc_nano.a(libc_a-exit.o) (__stdio_exit_handler)
C:/ST/STM32CubeIDE_1.17.0/STM32CubeIDE/plugins/com.st.stm32cube.ide.mcu.externaltools.gnu-tools-for-stm32.12.3.rel1.win32_1.1.0.202410251130/tools/bin/../lib/gcc/arm-none-eabi/12.3.1/../../../../arm-none-eabi/lib/thumb/v7e-m+fp/hard\libc_nano.a(libc_a-fwalk.o)
                              C:/ST/STM32CubeIDE_1.17.0/STM32CubeIDE/plugins/com.st.stm32cube.ide.mcu.externaltools.gnu-tools-for-stm32.12.3.rel1.win32_1.1.0.202410251130/tools/bin/../lib/gcc/arm-none-eabi/12.3.1/../../../../arm-none-eabi/lib/thumb/v7e-m+fp/hard\libc_nano.a(libc_a-findfp.o) (_fwalk_sglue)
C:/ST/STM32CubeIDE_1.17.0/STM32CubeIDE/plugins/com.st.stm32cube.ide.mcu.externaltools.gnu-tools-for-stm32.12.3.rel1.win32_1.1.0.202410251130/tools/bin/../lib/gcc/arm-none-eabi/12.3.1/../../../../arm-none-eabi/lib/thumb/v7e-m+fp/hard\libc_nano.a(libc_a-stdio.o)
                              C:/ST/STM32CubeIDE_1.17.0/STM32CubeIDE/plugins/com.st.stm32cube.ide.mcu.externaltools.gnu-tools-for-stm32.12.3.rel1.win32_1.1.0.202410251130/tools/bin/../lib/gcc/arm-none-eabi/12.3.1/../../../../arm-none-eabi/lib/thumb/v7e-m+fp/hard\libc_nano.a(libc_a-findfp.o) (__sread)
C:/ST/STM32CubeIDE_1.17.0/STM32CubeIDE/plugins/com.st.stm32cube.ide.mcu.externaltools.gnu-tools-for-stm32.12.3.rel1.win32_1.1.0.202410251130/tools/bin/../lib/gcc/arm-none-eabi/12.3.1/../../../../arm-none-eabi/lib/thumb/v7e-m+fp/hard\libc_nano.a(libc_a-memset.o)
                              C:/ST/STM32CubeIDE_1.17.0/STM32CubeIDE/plugins/com.st.stm32cube.ide.mcu.externaltools.gnu-tools-for-stm32.12.3.rel1.win32_1.1.0.202410251130/tools/bin/../lib/gcc/arm-none-eabi/12.3.1/../../../../arm-none-eabi/lib/thumb/v7e-m+fp/hard/crt0.o (memset)
C:/ST/STM32CubeIDE_1.17.0/STM32CubeIDE/plugins/com.st.stm32cube.ide.mcu.externaltools.gnu-tools-for-stm32.12.3.rel1.win32_1.1.0.202410251130/tools/bin/../lib/gcc/arm-none-eabi/12.3.1/../../../../arm-none-eabi/lib/thumb/v7e-m+fp/hard\libc_nano.a(libc_a-closer.o)
                              C:/ST/STM32CubeIDE_1.17.0/STM32CubeIDE/plugins/com.st.stm32cube.ide.mcu.externaltools.gnu-tools-for-stm32.12.3.rel1.win32_1.1.0.202410251130/tools/bin/../lib/gcc/arm-none-eabi/12.3.1/../../../../arm-none-eabi/lib/thumb/v7e-m+fp/hard\libc_nano.a(libc_a-stdio.o) (_close_r)
C:/ST/STM32CubeIDE_1.17.0/STM32CubeIDE/plugins/com.st.stm32cube.ide.mcu.externaltools.gnu-tools-for-stm32.12.3.rel1.win32_1.1.0.202410251130/tools/bin/../lib/gcc/arm-none-eabi/12.3.1/../../../../arm-none-eabi/lib/thumb/v7e-m+fp/hard\libc_nano.a(libc_a-reent.o)
                              C:/ST/STM32CubeIDE_1.17.0/STM32CubeIDE/plugins/com.st.stm32cube.ide.mcu.externaltools.gnu-tools-for-stm32.12.3.rel1.win32_1.1.0.202410251130/tools/bin/../lib/gcc/arm-none-eabi/12.3.1/../../../../arm-none-eabi/lib/thumb/v7e-m+fp/hard\libc_nano.a(libc_a-closer.o) (errno)
C:/ST/STM32CubeIDE_1.17.0/STM32CubeIDE/plugins/com.st.stm32cube.ide.mcu.externaltools.gnu-tools-for-stm32.12.3.rel1.win32_1.1.0.202410251130/tools/bin/../lib/gcc/arm-none-eabi/12.3.1/../../../../arm-none-eabi/lib/thumb/v7e-m+fp/hard\libc_nano.a(libc_a-impure.o)
                              C:/ST/STM32CubeIDE_1.17.0/STM32CubeIDE/plugins/com.st.stm32cube.ide.mcu.externaltools.gnu-tools-for-stm32.12.3.rel1.win32_1.1.0.202410251130/tools/bin/../lib/gcc/arm-none-eabi/12.3.1/../../../../arm-none-eabi/lib/thumb/v7e-m+fp/hard\libc_nano.a(libc_a-reent.o) (_impure_ptr)
C:/ST/STM32CubeIDE_1.17.0/STM32CubeIDE/plugins/com.st.stm32cube.ide.mcu.externaltools.gnu-tools-for-stm32.12.3.rel1.win32_1.1.0.202410251130/tools/bin/../lib/gcc/arm-none-eabi/12.3.1/../../../../arm-none-eabi/lib/thumb/v7e-m+fp/hard\libc_nano.a(libc_a-lseekr.o)
[...]
Memory Configuration

Name             Origin             Length             Attributes
RAM              0x20000000         0x00020000         xrw
FLASH            0x08000000         0x00080000         xr
*default*        0x00000000         0xffffffff

Linker script and memory map

LOAD C:/ST/STM32CubeIDE_1.17.0/STM32CubeIDE/plugins/com.st.stm32cube.ide.mcu.externaltools.gnu-tools-for-stm32.12.3.rel1.win32_1.1.0.202410251130/tools/bin/../lib/gcc/arm-none-eabi/12.3.1/thumb/v7e-m+fp/hard/crti.o
LOAD C:/ST/STM32CubeIDE_1.17.0/STM32CubeIDE/plugins/com.st.stm32cube.ide.mcu.externaltools.gnu-tools-for-stm32.12.3.rel1.win32_1.1.0.202410251130/tools/bin/../lib/gcc/arm-none-eabi/12.3.1/thumb/v7e-m+fp/hard/crtbegin.o
LOAD C:/ST/STM32CubeIDE_1.17.0/STM32CubeIDE/plugins/com.st.stm32cube.ide.mcu.externaltools.gnu-tools-for-stm32.12.3.rel1.win32_1.1.0.202410251130/tools/bin/../lib/gcc/arm-none-eabi/12.3.1/../../../../arm-none-eabi/lib/thumb/v7e-m+fp/hard/crt0.o
LOAD ./Common_RTOS_File/Third_Party/FreeRTOS/croutine.o
LOAD ./Common_RTOS_File/Third_Party/FreeRTOS/event_groups.o
LOAD ./Common_RTOS_File/Third_Party/FreeRTOS/list.o
LOAD ./Common_RTOS_File/Third_Party/FreeRTOS/queue.o
LOAD ./Common_RTOS_File/Third_Party/FreeRTOS/stream_buffer.o
LOAD ./Common_RTOS_File/Third_Party/FreeRTOS/tasks.o
LOAD ./Common_RTOS_File/Third_Party/FreeRTOS/timers.o
LOAD ./Common_RTOS_File/Third_Party/FreeRTOS/portable/GCC/ARM_CM4F/port.o
LOAD ./Common_RTOS_File/Third_Party/FreeRTOS/portable/MemMang/heap_4.o
LOAD ./Core/Src/led_effect.o
LOAD ./Core/Src/main.o
LOAD ./Core/Src/rtc.o
LOAD ./Core/Src/stm32f4xx_hal_msp.o
LOAD ./Core/Src/stm32f4xx_hal_timebase_tim.o
LOAD ./Core/Src/stm32f4xx_it.o
LOAD ./Core/Src/syscalls.o
LOAD ./Core/Src/sysmem.o
LOAD ./Core/Src/system_stm32f4xx.o
LOAD ./Core/Src/task_handler.o
LOAD ./Core/Startup/startup_stm32f446retx.o
LOAD ./Drivers/STM32F4xx_HAL_Driver/Src/stm32f4xx_hal.o
LOAD ./Drivers/STM32F4xx_HAL_Driver/Src/stm32f4xx_hal_cortex.o
LOAD ./Drivers/STM32F4xx_HAL_Driver/Src/stm32f4xx_hal_dma.o
LOAD ./Drivers/STM32F4xx_HAL_Driver/Src/stm32f4xx_hal_dma_ex.o
LOAD ./Drivers/STM32F4xx_HAL_Driver/Src/stm32f4xx_hal_exti.o
LOAD ./Drivers/STM32F4xx_HAL_Driver/Src/stm32f4xx_hal_flash.o
LOAD ./Drivers/STM32F4xx_HAL_Driver/Src/stm32f4xx_hal_flash_ex.o
LOAD ./Drivers/STM32F4xx_HAL_Driver/Src/stm32f4xx_hal_flash_ramfunc.o
LOAD ./Drivers/STM32F4xx_HAL_Driver/Src/stm32f4xx_hal_gpio.o
LOAD ./Drivers/STM32F4xx_HAL_Driver/Src/stm32f4xx_hal_pwr.o
LOAD ./Drivers/STM32F4xx_HAL_Driver/Src/stm32f4xx_hal_pwr_ex.o
LOAD ./Drivers/STM32F4xx_HAL_Driver/Src/stm32f4xx_hal_rcc.o
LOAD ./Drivers/STM32F4xx_HAL_Driver/Src/stm32f4xx_hal_rcc_ex.o
LOAD ./Drivers/STM32F4xx_HAL_Driver/Src/stm32f4xx_hal_rtc.o
LOAD ./Drivers/STM32F4xx_HAL_Driver/Src/stm32f4xx_hal_rtc_ex.o
LOAD ./Drivers/STM32F4xx_HAL_Driver/Src/stm32f4xx_hal_tim.o
LOAD ./Drivers/STM32F4xx_HAL_Driver/Src/stm32f4xx_hal_tim_ex.o
LOAD ./Drivers/STM32F4xx_HAL_Driver/Src/stm32f4xx_hal_uart.o
START GROUP
LOAD C:/ST/STM32CubeIDE_1.17.0/STM32CubeIDE/plugins/com.st.stm32cube.ide.mcu.externaltools.gnu-tools-for-stm32.12.3.rel1.win32_1.1.0.202410251130/tools/bin/../lib/gcc/arm-none-eabi/12.3.1/../../../../arm-none-eabi/lib/thumb/v7e-m+fp/hard\libc_nano.a
LOAD C:/ST/STM32CubeIDE_1.17.0/STM32CubeIDE/plugins/com.st.stm32cube.ide.mcu.externaltools.gnu-tools-for-stm32.12.3.rel1.win32_1.1.0.202410251130/tools/bin/../lib/gcc/arm-none-eabi/12.3.1/../../../../arm-none-eabi/lib/thumb/v7e-m+fp/hard\libm.a
END GROUP
START GROUP
LOAD C:/ST/STM32CubeIDE_1.17.0/STM32CubeIDE/plugins/com.st.stm32cube.ide.mcu.externaltools.gnu-tools-for-stm32.12.3.rel1.win32_1.1.0.202410251130/tools/bin/../lib/gcc/arm-none-eabi/12.3.1/thumb/v7e-m+fp/hard\libgcc.a
LOAD C:/ST/STM32CubeIDE_1.17.0/STM32CubeIDE/plugins/com.st.stm32cube.ide.mcu.externaltools.gnu-tools-for-stm32.12.3.rel1.win32_1.1.0.202410251130/tools/bin/../lib/gcc/arm-none-eabi/12.3.1/../../../../arm-none-eabi/lib/thumb/v7e-m+fp/hard\libc_nano.a
END GROUP
START GROUP
LOAD C:/ST/STM32CubeIDE_1.17.0/STM32CubeIDE/plugins/com.st.stm32cube.ide.mcu.externaltools.gnu-tools-for-stm32.12.3.rel1.win32_1.1.0.202410251130/tools/bin/../lib/gcc/arm-none-eabi/12.3.1/thumb/v7e-m+fp/hard\libgcc.a
LOAD C:/ST/STM32CubeIDE_1.17.0/STM32CubeIDE/plugins/com.st.stm32cube.ide.mcu.externaltools.gnu-tools-for-stm32.12.3.rel1.win32_1.1.0.202410251130/tools/bin/../lib/gcc/arm-none-eabi/12.3.1/../../../../arm-none-eabi/lib/thumb/v7e-m+fp/hard\libc_nano.a
LOAD C:/ST/STM32CubeIDE_1.17.0/STM32CubeIDE/plugins/com.st.stm32cube.ide.mcu.externaltools.gnu-tools-for-stm32.12.3.rel1.win32_1.1.0.202410251130/tools/bin/../lib/gcc/arm-none-eabi/12.3.1/../../../../arm-none-eabi/lib/thumb/v7e-m+fp/hard\libnosys.a
END GROUP
START GROUP
LOAD C:/ST/STM32CubeIDE_1.17.0/STM32CubeIDE/plugins/com.st.stm32cube.ide.mcu.externaltools.gnu-tools-for-stm32.12.3.rel1.win32_1.1.0.202410251130/tools/bin/../lib/gcc/arm-none-eabi/12.3.1/thumb/v7e-m+fp/hard\libgcc.a
LOAD C:/ST/STM32CubeIDE_1.17.0/STM32CubeIDE/plugins/com.st.stm32cube.ide.mcu.externaltools.gnu-tools-for-stm32.12.3.rel1.win32_1.1.0.202410251130/tools/bin/../lib/gcc/arm-none-eabi/12.3.1/../../../../arm-none-eabi/lib/thumb/v7e-m+fp/hard\libc_nano.a
LOAD C:/ST/STM32CubeIDE_1.17.0/STM32CubeIDE/plugins/com.st.stm32cube.ide.mcu.externaltools.gnu-tools-for-stm32.12.3.rel1.win32_1.1.0.202410251130/tools/bin/../lib/gcc/arm-none-eabi/12.3.1/../../../../arm-none-eabi/lib/thumb/v7e-m+fp/hard\libnosys.a
END GROUP
LOAD C:/ST/STM32CubeIDE_1.17.0/STM32CubeIDE/plugins/com.st.stm32cube.ide.mcu.externaltools.gnu-tools-for-stm32.12.3.rel1.win32_1.1.0.202410251130/tools/bin/../lib/gcc/arm-none-eabi/12.3.1/thumb/v7e-m+fp/hard/crtend.o
LOAD C:/ST/STM32CubeIDE_1.17.0/STM32CubeIDE/plugins/com.st.stm32cube.ide.mcu.externaltools.gnu-tools-for-stm32.12.3.rel1.win32_1.1.0.202410251130/tools/bin/../lib/gcc/arm-none-eabi/12.3.1/thumb/v7e-m+fp/hard/crtn.o
                0x20020000                        _estack = (ORIGIN (RAM) + LENGTH (RAM))
                0x00000200                        _Min_Heap_Size = 0x200
                0x00000400                        _Min_Stack_Size = 0x400

.isr_vector     0x08000000      0x1c4
                0x08000000                        . = ALIGN (0x4)
 *(.isr_vector)
 .isr_vector    0x08000000      0x1c4 ./Core/Startup/startup_stm32f446retx.o
                0x08000000                g_pfnVectors
                0x080001c4                        . = ALIGN (0x4)

.text           0x080001d0     0x7980
                0x080001d0                        . = ALIGN (0x4)
 *(.text)
 .text          0x080001d0       0x40 C:/ST/STM32CubeIDE_1.17.0/STM32CubeIDE/plugins/com.st.stm32cube.ide.mcu.externaltools.gnu-tools-for-stm32.12.3.rel1.win32_1.1.0.202410251130/tools/bin/../lib/gcc/arm-none-eabi/12.3.1/thumb/v7e-m+fp/hard/crtbegin.o
 .text          0x08000210       0x14 C:/ST/STM32CubeIDE_1.17.0/STM32CubeIDE/plugins/com.st.stm32cube.ide.mcu.externaltools.gnu-tools-for-stm32.12.3.rel1.win32_1.1.0.202410251130/tools/bin/../lib/gcc/arm-none-eabi/12.3.1/../../../../arm-none-eabi/lib/thumb/v7e-m+fp/hard\libc_nano.a(libc_a-strcmp.o)
                0x08000210                strcmp
 .text          0x08000224       0x10 C:/ST/STM32CubeIDE_1.17.0/STM32CubeIDE/plugins/com.st.stm32cube.ide.mcu.externaltools.gnu-tools-for-stm32.12.3.rel1.win32_1.1.0.202410251130/tools/bin/../lib/gcc/arm-none-eabi/12.3.1/../../../../arm-none-eabi/lib/thumb/v7e-m+fp/hard\libc_nano.a(libc_a-strlen.o)
                0x08000224                strlen
 .text          0x08000234       0x30 C:/ST/STM32CubeIDE_1.17.0/STM32CubeIDE/plugins/com.st.stm32cube.ide.mcu.externaltools.gnu-tools-for-stm32.12.3.rel1.win32_1.1.0.202410251130/tools/bin/../lib/gcc/arm-none-eabi/12.3.1/thumb/v7e-m+fp/hard\libgcc.a(_aeabi_uldivmod.o)
                0x08000234                __aeabi_uldivmod
 .text          0x08000264      0x2bc C:/ST/STM32CubeIDE_1.17.0/STM32CubeIDE/plugins/com.st.stm32cube.ide.mcu.externaltools.gnu-tools-for-stm32.12.3.rel1.win32_1.1.0.202410251130/tools/bin/../lib/gcc/arm-none-eabi/12.3.1/thumb/v7e-m+fp/hard\libgcc.a(_udivmoddi4.o)
                0x08000264                __udivmoddi4
 .text          0x08000520        0x4 C:/ST/STM32CubeIDE_1.17.0/STM32CubeIDE/plugins/com.st.stm32cube.ide.mcu.externaltools.gnu-tools-for-stm32.12.3.rel1.win32_1.1.0.202410251130/tools/bin/../lib/gcc/arm-none-eabi/12.3.1/thumb/v7e-m+fp/hard\libgcc.a(_dvmd_tls.o)
                0x08000520                __aeabi_idiv0
                0x08000520                __aeabi_ldiv0
 *(.text*)
 .text.vListInitialise
                0x08000524       0x40 ./Common_RTOS_File/Third_Party/FreeRTOS/list.o
                0x08000524                vListInitialise
 .text.vListInitialiseItem
                0x08000564       0x1a ./Common_RTOS_File/Third_Party/FreeRTOS/list.o
                0x08000564                vListInitialiseItem
 .text.vListInsert
                0x0800057e       0x72 ./Common_RTOS_File/Third_Party/FreeRTOS/list.o
                0x0800057e                vListInsert
 .text.uxListRemove
                0x080005f0       0x54 ./Common_RTOS_File/Third_Party/FreeRTOS/list.o
                0x080005f0                uxListRemove
 .text.xQueueGenericReset
                0x08000644      0x124 ./Common_RTOS_File/Third_Party/FreeRTOS/queue.o
                0x08000644                xQueueGenericReset
 .text.xQueueGenericCreate
                0x08000768       0x9e ./Common_RTOS_File/Third_Party/FreeRTOS/queue.o
                0x08000768                xQueueGenericCreate
 .text.prvInitialiseNewQueue
                0x08000806       0x46 ./Common_RTOS_File/Third_Party/FreeRTOS/queue.o
 .text.xQueueGenericSend
                0x0800084c      0x204 ./Common_RTOS_File/Third_Party/FreeRTOS/queue.o
                0x0800084c                xQueueGenericSend
 .text.xQueueGenericSendFromISR
                0x08000a50      0x16c ./Common_RTOS_File/Third_Party/FreeRTOS/queue.o
                0x08000a50                xQueueGenericSendFromISR
 .text.xQueueReceive
                0x08000bbc      0x1c4 ./Common_RTOS_File/Third_Party/FreeRTOS/queue.o
                0x08000bbc                xQueueReceive
 .text.xQueueReceiveFromISR
                0x08000d80      0x134 ./Common_RTOS_File/Third_Party/FreeRTOS/queue.o
                0x08000d80                xQueueReceiveFromISR
 .text.uxQueueMessagesWaiting
                0x08000eb4       0x3e ./Common_RTOS_File/Third_Party/FreeRTOS/queue.o
                0x08000eb4                uxQueueMessagesWaiting
 .text.prvCopyDataToQueue
                0x08000ef2       0xd4 ./Common_RTOS_File/Third_Party/FreeRTOS/queue.o
 .text.prvCopyDataFromQueue
                0x08000fc6       0x4c ./Common_RTOS_File/Third_Party/FreeRTOS/queue.o
 .text.prvUnlockQueue
                0x08001012       0xa4 ./Common_RTOS_File/Third_Party/FreeRTOS/queue.o
 .text.prvIsQueueEmpty
                0x080010b6       0x2c ./Common_RTOS_File/Third_Party/FreeRTOS/queue.o
 .text.prvIsQueueFull
                0x080010e2       0x30 ./Common_RTOS_File/Third_Party/FreeRTOS/queue.o
 .text.xQueueIsQueueFullFromISR
                0x08001112       0x4e ./Common_RTOS_File/Third_Party/FreeRTOS/queue.o
                0x08001112                xQueueIsQueueFullFromISR
 .text.vQueueAddToRegistry
                0x08001160       0xa0 ./Common_RTOS_File/Third_Party/FreeRTOS/queue.o
                0x08001160                vQueueAddToRegistry
 .text.vQueueWaitForMessageRestricted
                0x08001200       0x68 ./Common_RTOS_File/Third_Party/FreeRTOS/queue.o
                0x08001200                vQueueWaitForMessageRestricted
 .text.prvCreateTask
                0x08001268       0x78 ./Common_RTOS_File/Third_Party/FreeRTOS/tasks.o
 .text.xTaskCreate
                0x080012e0       0x46 ./Common_RTOS_File/Third_Party/FreeRTOS/tasks.o
                0x080012e0                xTaskCreate
 .text.prvInitialiseNewTask
                0x08001326      0x120 ./Common_RTOS_File/Third_Party/FreeRTOS/tasks.o
 *fill*         0x08001446        0x2 
 .text.prvAddNewTaskToReadyList
                0x08001448      0x130 ./Common_RTOS_File/Third_Party/FreeRTOS/tasks.o
 .text.prvCreateIdleTasks
                0x08001578       0x94 ./Common_RTOS_File/Third_Party/FreeRTOS/tasks.o
 .text.vTaskStartScheduler
                0x0800160c       0x88 ./Common_RTOS_File/Third_Party/FreeRTOS/tasks.o
                0x0800160c                vTaskStartScheduler
 .text.vTaskSuspendAll
                0x08001694       0x1c ./Common_RTOS_File/Third_Party/FreeRTOS/tasks.o
                0x08001694                vTaskSuspendAll
 .text.xTaskResumeAll
                0x080016b0      0x210 ./Common_RTOS_File/Third_Party/FreeRTOS/tasks.o
                0x080016b0                xTaskResumeAll
 .text.xTaskGetTickCount
                0x080018c0       0x20 ./Common_RTOS_File/Third_Party/FreeRTOS/tasks.o
                0x080018c0                xTaskGetTickCount
 .text.uxTaskGetNumberOfTasks
                0x080018e0       0x18 ./Common_RTOS_File/Third_Party/FreeRTOS/tasks.o
                0x080018e0                uxTaskGetNumberOfTasks
 .text.xTaskIncrementTick
                0x080018f8      0x234 ./Common_RTOS_File/Third_Party/FreeRTOS/tasks.o
                0x080018f8                xTaskIncrementTick
 .text.vTaskSwitchContext
                0x08001b2c       0xbc ./Common_RTOS_File/Third_Party/FreeRTOS/tasks.o
                0x08001b2c                vTaskSwitchContext
 .text.vTaskPlaceOnEventList
                0x08001be8       0x4c ./Common_RTOS_File/Third_Party/FreeRTOS/tasks.o
                0x08001be8                vTaskPlaceOnEventList
 .text.vTaskPlaceOnEventListRestricted
                0x08001c34       0x8c ./Common_RTOS_File/Third_Party/FreeRTOS/tasks.o
                0x08001c34                vTaskPlaceOnEventListRestricted
 .text.xTaskRemoveFromEventList
                0x08001cc0      0x1b4 ./Common_RTOS_File/Third_Party/FreeRTOS/tasks.o
                0x08001cc0                xTaskRemoveFromEventList
 .text.vTaskInternalSetTimeOutState
                0x08001e74       0x2c ./Common_RTOS_File/Third_Party/FreeRTOS/tasks.o
                0x08001e74                vTaskInternalSetTimeOutState
 .text.xTaskCheckForTimeOut
                0x08001ea0       0xd0 ./Common_RTOS_File/Third_Party/FreeRTOS/tasks.o
                0x08001ea0                xTaskCheckForTimeOut
 .text.vTaskMissedYield
                0x08001f70       0x18 ./Common_RTOS_File/Third_Party/FreeRTOS/tasks.o
                0x08001f70                vTaskMissedYield
 .text.prvIdleTask
                0x08001f88       0x30 ./Common_RTOS_File/Third_Party/FreeRTOS/tasks.o
 .text.prvInitialiseTaskLists
                0x08001fb8       0x80 ./Common_RTOS_File/Third_Party/FreeRTOS/tasks.o
 .text.prvCheckTasksWaitingTermination
                0x08002038       0x5c ./Common_RTOS_File/Third_Party/FreeRTOS/tasks.o
 .text.prvDeleteTCB
                0x08002094       0x20 ./Common_RTOS_File/Third_Party/FreeRTOS/tasks.o
 .text.prvResetNextTaskUnblockTime
                0x080020b4       0x38 ./Common_RTOS_File/Third_Party/FreeRTOS/tasks.o
 .text.xTaskGetSchedulerState
                0x080020ec       0x3c ./Common_RTOS_File/Third_Party/FreeRTOS/tasks.o
                0x080020ec                xTaskGetSchedulerState
 .text.xTaskPriorityDisinherit
                0x08002128      0x150 ./Common_RTOS_File/Third_Party/FreeRTOS/tasks.o
                0x08002128                xTaskPriorityDisinherit
 .text.xTaskGenericNotifyWait
                0x08002278      0x124 ./Common_RTOS_File/Third_Party/FreeRTOS/tasks.o
                0x08002278                xTaskGenericNotifyWait
 .text.xTaskGenericNotify
                0x0800239c      0x250 ./Common_RTOS_File/Third_Party/FreeRTOS/tasks.o
                0x0800239c                xTaskGenericNotify
 .text.xTaskGenericNotifyFromISR
                0x080025ec      0x2c4 ./Common_RTOS_File/Third_Party/FreeRTOS/tasks.o
                0x080025ec                xTaskGenericNotifyFromISR
 .text.prvAddCurrentTaskToDelayedList
                0x080028b0      0x104 ./Common_RTOS_File/Third_Party/FreeRTOS/tasks.o
 .text.xTimerCreateTimerTask
                0x080029b4       0x68 ./Common_RTOS_File/Third_Party/FreeRTOS/timers.o
                0x080029b4                xTimerCreateTimerTask
 .text.xTimerCreate
                0x08002a1c       0x42 ./Common_RTOS_File/Third_Party/FreeRTOS/timers.o
                0x08002a1c                xTimerCreate
 .text.prvInitialiseNewTimer
                0x08002a5e       0x72 ./Common_RTOS_File/Third_Party/FreeRTOS/timers.o
 .text.xTimerGenericCommandFromTask
                0x08002ad0       0xa8 ./Common_RTOS_File/Third_Party/FreeRTOS/timers.o
                0x08002ad0                xTimerGenericCommandFromTask
 .text.prvReloadTimer
                0x08002b78       0x42 ./Common_RTOS_File/Third_Party/FreeRTOS/timers.o
 *fill*         0x08002bba        0x2 
 .text.prvProcessExpiredTimer
                0x08002bbc       0x60 ./Common_RTOS_File/Third_Party/FreeRTOS/timers.o
 .text.prvTimerTask
                0x08002c1c       0x26 ./Common_RTOS_File/Third_Party/FreeRTOS/timers.o
 *fill*         0x08002c42        0x2 
 .text.prvProcessTimerOrBlockTask
                0x08002c44       0x9c ./Common_RTOS_File/Third_Party/FreeRTOS/timers.o
 .text.prvGetNextExpireTime
                0x08002ce0       0x48 ./Common_RTOS_File/Third_Party/FreeRTOS/timers.o
 .text.prvSampleTimeNow
                0x08002d28       0x40 ./Common_RTOS_File/Third_Party/FreeRTOS/timers.o
 .text.prvInsertTimerInActiveList
                0x08002d68       0x84 ./Common_RTOS_File/Third_Party/FreeRTOS/timers.o
 .text.prvProcessReceivedCommands
                0x08002dec      0x190 ./Common_RTOS_File/Third_Party/FreeRTOS/timers.o
 .text.prvSwitchTimerLists
                0x08002f7c       0x4c ./Common_RTOS_File/Third_Party/FreeRTOS/timers.o
 .text.prvCheckForValidListAndQueue
                0x08002fc8       0x6c ./Common_RTOS_File/Third_Party/FreeRTOS/timers.o
 .text.pvTimerGetTimerID
                0x08003034       0x42 ./Common_RTOS_File/Third_Party/FreeRTOS/timers.o
                0x08003034                pvTimerGetTimerID
 *fill*         0x08003076        0x2 
 .text.pxPortInitialiseStack
                0x08003078       0x68 ./Common_RTOS_File/Third_Party/FreeRTOS/portable/GCC/ARM_CM4F/port.o
                0x08003078                pxPortInitialiseStack
 .text.prvTaskExitError
                0x080030e0       0x5c ./Common_RTOS_File/Third_Party/FreeRTOS/portable/GCC/ARM_CM4F/port.o
 *fill*         0x0800313c        0x4 
 .text.SVC_Handler
                0x08003140       0x28 ./Common_RTOS_File/Third_Party/FreeRTOS/portable/GCC/ARM_CM4F/port.o
                0x08003140                SVC_Handler
 .text.prvPortStartFirstTask
                0x08003168       0x2c ./Common_RTOS_File/Third_Party/FreeRTOS/portable/GCC/ARM_CM4F/port.o
 .text.xPortStartScheduler
                0x08003194      0x1e0 ./Common_RTOS_File/Third_Party/FreeRTOS/portable/GCC/ARM_CM4F/port.o
                0x08003194                xPortStartScheduler
 .text.vPortEnterCritical
                0x08003374       0x64 ./Common_RTOS_File/Third_Party/FreeRTOS/portable/GCC/ARM_CM4F/port.o
                0x08003374                vPortEnterCritical
 .text.vPortExitCritical
                0x080033d8       0x54 ./Common_RTOS_File/Third_Party/FreeRTOS/portable/GCC/ARM_CM4F/port.o
                0x080033d8                vPortExitCritical
 *fill*         0x0800342c        0x4 
 .text.PendSV_Handler
                0x08003430       0x68 ./Common_RTOS_File/Third_Party/FreeRTOS/portable/GCC/ARM_CM4F/port.o
                0x08003430                PendSV_Handler
 .text.SysTick_Handler
                0x08003498       0x44 ./Common_RTOS_File/Third_Party/FreeRTOS/portable/GCC/ARM_CM4F/port.o
                0x08003498                SysTick_Handler
 .text.vPortSetupTimerInterrupt
                0x080034dc       0x48 ./Common_RTOS_File/Third_Party/FreeRTOS/portable/GCC/ARM_CM4F/port.o
                0x080034dc                vPortSetupTimerInterrupt
 .text.vPortEnableVFP
                0x08003524       0x18 ./Common_RTOS_File/Third_Party/FreeRTOS/portable/GCC/ARM_CM4F/port.o
 .text.vPortValidateInterruptPriority
                0x0800353c       0x84 ./Common_RTOS_File/Third_Party/FreeRTOS/portable/GCC/ARM_CM4F/port.o
                0x0800353c                vPortValidateInterruptPriority
 .text.pvPortMalloc
                0x080035c0      0x264 ./Common_RTOS_File/Third_Party/FreeRTOS/portable/MemMang/heap_4.o
                0x080035c0                pvPortMalloc
 .text.vPortFree
                0x08003824       0xf4 ./Common_RTOS_File/Third_Party/FreeRTOS/portable/MemMang/heap_4.o
                0x08003824                vPortFree
 .text.prvHeapInit
                0x08003918       0xb4 ./Common_RTOS_File/Third_Party/FreeRTOS/portable/MemMang/heap_4.o
 .text.prvInsertBlockIntoFreeList
                0x080039cc       0xf4 ./Common_RTOS_File/Third_Party/FreeRTOS/portable/MemMang/heap_4.o
 .text.turn_off_all_leds
                0x08003ac0       0x2c ./Core/Src/led_effect.o
                0x08003ac0                turn_off_all_leds
 .text.turn_on_all_leds
                0x08003aec       0x2c ./Core/Src/led_effect.o
                0x08003aec                turn_on_all_leds
 .text.turn_on_odd_leds
                0x08003b18       0x2c ./Core/Src/led_effect.o
                0x08003b18                turn_on_odd_leds
 .text.turn_on_even_leds
                0x08003b44       0x2c ./Core/Src/led_effect.o
                0x08003b44                turn_on_even_leds
 .text.LED_control
                0x08003b70       0x70 ./Core/Src/led_effect.o
                0x08003b70                LED_control
 .text.led_effect_stop
                0x08003be0       0x40 ./Core/Src/led_effect.o
                0x08003be0                led_effect_stop
 .text.led_effect_start
                0x08003c20       0x38 ./Core/Src/led_effect.o
                0x08003c20                led_effect_start
 .text.LED_effect1
                0x08003c58       0x2c ./Core/Src/led_effect.o
                0x08003c58                LED_effect1
 .text.LED_effect2
                0x08003c84       0x2c ./Core/Src/led_effect.o
                0x08003c84                LED_effect2
 .text.LED_effect3
                0x08003cb0       0x38 ./Core/Src/led_effect.o
                0x08003cb0                LED_effect3
 .text.LED_effect4
                0x08003ce8       0x38 ./Core/Src/led_effect.o
                0x08003ce8                LED_effect4
 .text.main     0x08003d20      0x240 ./Core/Src/main.o
                0x08003d20                main
 .text.SystemClock_Config
                0x08003f60       0xe4 ./Core/Src/main.o
                0x08003f60                SystemClock_Config
 .text.MX_RTC_Init
                0x08004044       0x4c ./Core/Src/main.o
 .text.MX_USART2_UART_Init
                0x08004090       0x54 ./Core/Src/main.o
 .text.MX_GPIO_Init
                0x080040e4       0xdc ./Core/Src/main.o
 .text.rtc_timer_callback_func
                0x080041c0       0x14 ./Core/Src/main.o
                0x080041c0                rtc_timer_callback_func
 .text.led_timer_callback_func
                0x080041d4       0x50 ./Core/Src/main.o
                0x080041d4                led_timer_callback_func
 .text.HAL_UART_RxCpltCallback
                0x08004224       0x94 ./Core/Src/main.o
                0x08004224                HAL_UART_RxCpltCallback
 .text.HAL_TIM_PeriodElapsedCallback
                0x080042b8       0x24 ./Core/Src/main.o
                0x080042b8                HAL_TIM_PeriodElapsedCallback
 .text.Error_Handler
                0x080042dc        0xc ./Core/Src/main.o
                0x080042dc                Error_Handler
 .text.HAL_MspInit
                0x080042e8       0x50 ./Core/Src/stm32f4xx_hal_msp.o
                0x080042e8                HAL_MspInit
 .text.HAL_RTC_MspInit
                0x08004338       0x54 ./Core/Src/stm32f4xx_hal_msp.o
                0x08004338                HAL_RTC_MspInit
 .text.HAL_UART_MspInit
                0x0800438c       0xa0 ./Core/Src/stm32f4xx_hal_msp.o
                0x0800438c                HAL_UART_MspInit
 .text.HAL_InitTick
                0x0800442c       0xf8 ./Core/Src/stm32f4xx_hal_timebase_tim.o
                0x0800442c                HAL_InitTick
 .text.NMI_Handler
                0x08004524        0x8 ./Core/Src/stm32f4xx_it.o
                0x08004524                NMI_Handler
 .text.HardFault_Handler
                0x0800452c        0x8 ./Core/Src/stm32f4xx_it.o
                0x0800452c                HardFault_Handler
 .text.MemManage_Handler
                0x08004534        0x8 ./Core/Src/stm32f4xx_it.o
                0x08004534                MemManage_Handler
 .text.BusFault_Handler
                0x0800453c        0x8 ./Core/Src/stm32f4xx_it.o
                0x0800453c                BusFault_Handler
 .text.UsageFault_Handler
                0x08004544        0x8 ./Core/Src/stm32f4xx_it.o
                0x08004544                UsageFault_Handler
 .text.DebugMon_Handler
                0x0800454c        0xe ./Core/Src/stm32f4xx_it.o
                0x0800454c                DebugMon_Handler
 *fill*         0x0800455a        0x2 
 .text.USART2_IRQHandler
                0x0800455c       0x14 ./Core/Src/stm32f4xx_it.o
                0x0800455c                USART2_IRQHandler
 .text.TIM6_DAC_IRQHandler
                0x08004570       0x14 ./Core/Src/stm32f4xx_it.o
                0x08004570                TIM6_DAC_IRQHandler
 .text.SystemInit
                0x08004584       0x24 ./Core/Src/system_stm32f4xx.o
                0x08004584                SystemInit
 .text.menu_task
                0x080045a8       0xe8 ./Core/Src/task_handler.o
                0x080045a8                menu_task
 .text.cmd_handler_task
                0x08004690       0x2c ./Core/Src/task_handler.o
                0x08004690                cmd_handler_task
 .text.process_cmd
                0x080046bc       0x78 ./Core/Src/task_handler.o
                0x080046bc                process_cmd
 .text.extract_cmd
                0x08004734       0x70 ./Core/Src/task_handler.o
                0x08004734                extract_cmd
 .text.print_task
                0x080047a4       0x40 ./Core/Src/task_handler.o
                0x080047a4                print_task
 .text.led_task
                0x080047e4      0x12c ./Core/Src/task_handler.o
                0x080047e4                led_task
 .text.rtc_task
                0x08004910       0x14 ./Core/Src/task_handler.o
                0x08004910                rtc_task
 .text.Reset_Handler
                0x08004924       0x50 ./Core/Startup/startup_stm32f446retx.o
                0x08004924                Reset_Handler
 .text.Default_Handler
                0x08004974        0x2 ./Core/Startup/startup_stm32f446retx.o
                0x08004974                RTC_Alarm_IRQHandler
                0x08004974                EXTI2_IRQHandler
                0x08004974                TIM8_CC_IRQHandler
                0x08004974                FMPI2C1_EV_IRQHandler
                0x08004974                SPI4_IRQHandler
                0x08004974                TIM1_CC_IRQHandler
                0x08004974                DMA2_Stream5_IRQHandler
                0x08004974                DMA1_Stream5_IRQHandler
                0x08004974                PVD_IRQHandler
                0x08004974                SDIO_IRQHandler
                0x08004974                TAMP_STAMP_IRQHandler
                0x08004974                CAN2_RX1_IRQHandler
                0x08004974                EXTI3_IRQHandler
                0x08004974                TIM8_TRG_COM_TIM14_IRQHandler
                0x08004974                TIM1_UP_TIM10_IRQHandler
                0x08004974                TIM8_UP_TIM13_IRQHandler
                0x08004974                I2C3_ER_IRQHandler
                0x08004974                EXTI0_IRQHandler
                0x08004974                I2C2_EV_IRQHandler
                0x08004974                DMA1_Stream2_IRQHandler
                0x08004974                CAN1_RX0_IRQHandler
                0x08004974                FPU_IRQHandler
                0x08004974                OTG_HS_WKUP_IRQHandler
                0x08004974                CAN2_SCE_IRQHandler
                0x08004974                DMA2_Stream2_IRQHandler
                0x08004974                SPI1_IRQHandler
                0x08004974                TIM1_BRK_TIM9_IRQHandler
                0x08004974                DCMI_IRQHandler
                0x08004974                CAN2_RX0_IRQHandler
                0x08004974                DMA2_Stream3_IRQHandler
                0x08004974                SAI2_IRQHandler
                0x08004974                USART6_IRQHandler
                0x08004974                USART3_IRQHandler
                0x08004974                CAN1_RX1_IRQHandler
                0x08004974                UART5_IRQHandler
                0x08004974                DMA2_Stream0_IRQHandler
                0x08004974                TIM4_IRQHandler
                0x08004974                QUADSPI_IRQHandler
                0x08004974                I2C1_EV_IRQHandler
                0x08004974                DMA1_Stream6_IRQHandler
                0x08004974                DMA1_Stream1_IRQHandler
                0x08004974                UART4_IRQHandler
                0x08004974                TIM3_IRQHandler
                0x08004974                RCC_IRQHandler
                0x08004974                TIM8_BRK_TIM12_IRQHandler
                0x08004974                Default_Handler
                0x08004974                CEC_IRQHandler
                0x08004974                EXTI15_10_IRQHandler
                0x08004974                ADC_IRQHandler
                0x08004974                DMA1_Stream7_IRQHandler
                0x08004974                TIM7_IRQHandler
                0x08004974                CAN2_TX_IRQHandler
                0x08004974                TIM5_IRQHandler
                0x08004974                DMA2_Stream7_IRQHandler
                0x08004974                I2C3_EV_IRQHandler
                0x08004974                EXTI9_5_IRQHandler
                0x08004974                RTC_WKUP_IRQHandler
                0x08004974                SPDIF_RX_IRQHandler
                0x08004974                SPI2_IRQHandler
                0x08004974                OTG_HS_EP1_IN_IRQHandler
                0x08004974                DMA1_Stream0_IRQHandler
                0x08004974                CAN1_TX_IRQHandler
                0x08004974                FMPI2C1_ER_IRQHandler
                0x08004974                EXTI4_IRQHandler
                0x08004974                OTG_HS_EP1_OUT_IRQHandler
                0x08004974                WWDG_IRQHandler
                0x08004974                TIM2_IRQHandler
                0x08004974                OTG_FS_WKUP_IRQHandler
                0x08004974                TIM1_TRG_COM_TIM11_IRQHandler
                0x08004974                OTG_HS_IRQHandler
                0x08004974                EXTI1_IRQHandler
                0x08004974                I2C2_ER_IRQHandler
                0x08004974                DMA2_Stream1_IRQHandler
                0x08004974                CAN1_SCE_IRQHandler
                0x08004974                FLASH_IRQHandler
                0x08004974                DMA2_Stream4_IRQHandler
                0x08004974                USART1_IRQHandler
                0x08004974                OTG_FS_IRQHandler
                0x08004974                SPI3_IRQHandler
                0x08004974                DMA1_Stream4_IRQHandler
                0x08004974                I2C1_ER_IRQHandler
                0x08004974                FMC_IRQHandler
                0x08004974                DMA2_Stream6_IRQHandler
                0x08004974                SAI1_IRQHandler
                0x08004974                DMA1_Stream3_IRQHandler
 *fill*         0x08004976        0x2 
 .text.HAL_Init
                0x08004978       0x44 ./Drivers/STM32F4xx_HAL_Driver/Src/stm32f4xx_hal.o
                0x08004978                HAL_Init
 .text.HAL_IncTick
                0x080049bc       0x28 ./Drivers/STM32F4xx_HAL_Driver/Src/stm32f4xx_hal.o
                0x080049bc                HAL_IncTick
 .text.HAL_GetTick
                0x080049e4       0x18 ./Drivers/STM32F4xx_HAL_Driver/Src/stm32f4xx_hal.o
                0x080049e4                HAL_GetTick
 .text.__NVIC_SetPriorityGrouping
                0x080049fc       0x48 ./Drivers/STM32F4xx_HAL_Driver/Src/stm32f4xx_hal_cortex.o
 .text.__NVIC_GetPriorityGrouping
                0x08004a44       0x1c ./Drivers/STM32F4xx_HAL_Driver/Src/stm32f4xx_hal_cortex.o
 .text.__NVIC_EnableIRQ
                0x08004a60       0x3c ./Drivers/STM32F4xx_HAL_Driver/Src/stm32f4xx_hal_cortex.o
 .text.__NVIC_SetPriority
                0x08004a9c       0x54 ./Drivers/STM32F4xx_HAL_Driver/Src/stm32f4xx_hal_cortex.o
 .text.NVIC_EncodePriority
                0x08004af0       0x66 ./Drivers/STM32F4xx_HAL_Driver/Src/stm32f4xx_hal_cortex.o
 .text.HAL_NVIC_SetPriorityGrouping
                0x08004b56       0x16 ./Drivers/STM32F4xx_HAL_Driver/Src/stm32f4xx_hal_cortex.o
                0x08004b56                HAL_NVIC_SetPriorityGrouping
 .text.HAL_NVIC_SetPriority
                0x08004b6c       0x38 ./Drivers/STM32F4xx_HAL_Driver/Src/stm32f4xx_hal_cortex.o
                0x08004b6c                HAL_NVIC_SetPriority
 .text.HAL_NVIC_EnableIRQ
                0x08004ba4       0x1c ./Drivers/STM32F4xx_HAL_Driver/Src/stm32f4xx_hal_cortex.o
                0x08004ba4                HAL_NVIC_EnableIRQ
 .text.HAL_DMA_Abort
                0x08004bc0       0xe0 ./Drivers/STM32F4xx_HAL_Driver/Src/stm32f4xx_hal_dma.o
                0x08004bc0                HAL_DMA_Abort
 .text.HAL_DMA_Abort_IT
                0x08004ca0       0x44 ./Drivers/STM32F4xx_HAL_Driver/Src/stm32f4xx_hal_dma.o
                0x08004ca0                HAL_DMA_Abort_IT
 .text.HAL_GPIO_Init
                0x08004ce4      0x328 ./Drivers/STM32F4xx_HAL_Driver/Src/stm32f4xx_hal_gpio.o
                0x08004ce4                HAL_GPIO_Init
 .text.HAL_GPIO_WritePin
                0x0800500c       0x32 ./Drivers/STM32F4xx_HAL_Driver/Src/stm32f4xx_hal_gpio.o
                0x0800500c                HAL_GPIO_WritePin
 *fill*         0x0800503e        0x2 
 .text.HAL_RCC_ClockConfig
                0x08005040      0x1cc ./Drivers/STM32F4xx_HAL_Driver/Src/stm32f4xx_hal_rcc.o
                0x08005040                HAL_RCC_ClockConfig
 .text.HAL_RCC_GetHCLKFreq
                0x0800520c       0x18 ./Drivers/STM32F4xx_HAL_Driver/Src/stm32f4xx_hal_rcc.o
                0x0800520c                HAL_RCC_GetHCLKFreq
 .text.HAL_RCC_GetPCLK1Freq
                0x08005224       0x28 ./Drivers/STM32F4xx_HAL_Driver/Src/stm32f4xx_hal_rcc.o
                0x08005224                HAL_RCC_GetPCLK1Freq
 .text.HAL_RCC_GetPCLK2Freq
                0x0800524c       0x28 ./Drivers/STM32F4xx_HAL_Driver/Src/stm32f4xx_hal_rcc.o
                0x0800524c                HAL_RCC_GetPCLK2Freq
 .text.HAL_RCC_GetClockConfig
                0x08005274       0x64 ./Drivers/STM32F4xx_HAL_Driver/Src/stm32f4xx_hal_rcc.o
                0x08005274                HAL_RCC_GetClockConfig
 .text.HAL_RCCEx_PeriphCLKConfig
                0x080052d8      0x654 ./Drivers/STM32F4xx_HAL_Driver/Src/stm32f4xx_hal_rcc_ex.o
                0x080052d8                HAL_RCCEx_PeriphCLKConfig
 .text.HAL_RCC_GetSysClockFreq
                0x0800592c      0x460 ./Drivers/STM32F4xx_HAL_Driver/Src/stm32f4xx_hal_rcc_ex.o
                0x0800592c                HAL_RCC_GetSysClockFreq
 .text.HAL_RCC_OscConfig
                0x08005d8c      0x53c ./Drivers/STM32F4xx_HAL_Driver/Src/stm32f4xx_hal_rcc_ex.o
                0x08005d8c                HAL_RCC_OscConfig
 .text.HAL_RTC_Init
                0x080062c8      0x106 ./Drivers/STM32F4xx_HAL_Driver/Src/stm32f4xx_hal_rtc.o
                0x080062c8                HAL_RTC_Init
 *fill*         0x080063ce        0x2 
 .text.HAL_RTC_WaitForSynchro
                0x080063d0       0x4c ./Drivers/STM32F4xx_HAL_Driver/Src/stm32f4xx_hal_rtc.o
                0x080063d0                HAL_RTC_WaitForSynchro
 .text.RTC_EnterInitMode
                0x0800641c       0x6e ./Drivers/STM32F4xx_HAL_Driver/Src/stm32f4xx_hal_rtc.o
                0x0800641c                RTC_EnterInitMode
 .text.RTC_ExitInitMode
                0x0800648a       0x4a ./Drivers/STM32F4xx_HAL_Driver/Src/stm32f4xx_hal_rtc.o
                0x0800648a                RTC_ExitInitMode
 .text.HAL_TIM_Base_Init
                0x080064d4       0x9e ./Drivers/STM32F4xx_HAL_Driver/Src/stm32f4xx_hal_tim.o
                0x080064d4                HAL_TIM_Base_Init
 .text.HAL_TIM_Base_MspInit
                0x08006572       0x14 ./Drivers/STM32F4xx_HAL_Driver/Src/stm32f4xx_hal_tim.o
                0x08006572                HAL_TIM_Base_MspInit
 *fill*         0x08006586        0x2 
 .text.HAL_TIM_Base_Start_IT
                0x08006588       0xe0 ./Drivers/STM32F4xx_HAL_Driver/Src/stm32f4xx_hal_tim.o
                0x08006588                HAL_TIM_Base_Start_IT
 .text.HAL_TIM_IRQHandler
                0x08006668      0x1e0 ./Drivers/STM32F4xx_HAL_Driver/Src/stm32f4xx_hal_tim.o
                0x08006668                HAL_TIM_IRQHandler
 .text.HAL_TIM_OC_DelayElapsedCallback
                0x08006848       0x14 ./Drivers/STM32F4xx_HAL_Driver/Src/stm32f4xx_hal_tim.o
                0x08006848                HAL_TIM_OC_DelayElapsedCallback
 .text.HAL_TIM_IC_CaptureCallback
                0x0800685c       0x14 ./Drivers/STM32F4xx_HAL_Driver/Src/stm32f4xx_hal_tim.o
                0x0800685c                HAL_TIM_IC_CaptureCallback
 .text.HAL_TIM_PWM_PulseFinishedCallback
                0x08006870       0x14 ./Drivers/STM32F4xx_HAL_Driver/Src/stm32f4xx_hal_tim.o
                0x08006870                HAL_TIM_PWM_PulseFinishedCallback
 .text.HAL_TIM_TriggerCallback
                0x08006884       0x14 ./Drivers/STM32F4xx_HAL_Driver/Src/stm32f4xx_hal_tim.o
                0x08006884                HAL_TIM_TriggerCallback
 .text.TIM_Base_SetConfig
                0x08006898      0x158 ./Drivers/STM32F4xx_HAL_Driver/Src/stm32f4xx_hal_tim.o
                0x08006898                TIM_Base_SetConfig
 .text.HAL_TIMEx_CommutCallback
                0x080069f0       0x14 ./Drivers/STM32F4xx_HAL_Driver/Src/stm32f4xx_hal_tim_ex.o
                0x080069f0                HAL_TIMEx_CommutCallback
 .text.HAL_TIMEx_BreakCallback
                0x08006a04       0x14 ./Drivers/STM32F4xx_HAL_Driver/Src/stm32f4xx_hal_tim_ex.o
                0x08006a04                HAL_TIMEx_BreakCallback
 .text.HAL_UART_Init
                0x08006a18       0xa0 ./Drivers/STM32F4xx_HAL_Driver/Src/stm32f4xx_hal_uart.o
                0x08006a18                HAL_UART_Init
 .text.HAL_UART_Transmit
                0x08006ab8      0x116 ./Drivers/STM32F4xx_HAL_Driver/Src/stm32f4xx_hal_uart.o
                0x08006ab8                HAL_UART_Transmit
 .text.HAL_UART_Receive_IT
                0x08006bce       0x4a ./Drivers/STM32F4xx_HAL_Driver/Src/stm32f4xx_hal_uart.o
                0x08006bce                HAL_UART_Receive_IT
 .text.HAL_UART_IRQHandler
                0x08006c18      0x524 ./Drivers/STM32F4xx_HAL_Driver/Src/stm32f4xx_hal_uart.o
                0x08006c18                HAL_UART_IRQHandler
 .text.HAL_UART_TxCpltCallback
                0x0800713c       0x14 ./Drivers/STM32F4xx_HAL_Driver/Src/stm32f4xx_hal_uart.o
                0x0800713c                HAL_UART_TxCpltCallback
 .text.HAL_UART_ErrorCallback
                0x08007150       0x14 ./Drivers/STM32F4xx_HAL_Driver/Src/stm32f4xx_hal_uart.o
                0x08007150                HAL_UART_ErrorCallback
 .text.HAL_UARTEx_RxEventCallback
                0x08007164       0x18 ./Drivers/STM32F4xx_HAL_Driver/Src/stm32f4xx_hal_uart.o
                0x08007164                HAL_UARTEx_RxEventCallback
 .text.UART_WaitOnFlagUntilTimeout
                0x0800717c       0xb2 ./Drivers/STM32F4xx_HAL_Driver/Src/stm32f4xx_hal_uart.o
 .text.UART_Start_Receive_IT
                0x0800722e       0x74 ./Drivers/STM32F4xx_HAL_Driver/Src/stm32f4xx_hal_uart.o
                0x0800722e                UART_Start_Receive_IT
 .text.UART_EndRxTransfer
                0x080072a2       0xc6 ./Drivers/STM32F4xx_HAL_Driver/Src/stm32f4xx_hal_uart.o
 .text.UART_DMAAbortOnError
                0x08007368       0x28 ./Drivers/STM32F4xx_HAL_Driver/Src/stm32f4xx_hal_uart.o
 .text.UART_Transmit_IT
                0x08007390       0xa0 ./Drivers/STM32F4xx_HAL_Driver/Src/stm32f4xx_hal_uart.o
 .text.UART_EndTransmit_IT
                0x08007430       0x30 ./Drivers/STM32F4xx_HAL_Driver/Src/stm32f4xx_hal_uart.o
 .text.UART_Receive_IT
                0x08007460      0x17c ./Drivers/STM32F4xx_HAL_Driver/Src/stm32f4xx_hal_uart.o
 .text.UART_SetConfig
                0x080075dc      0x4e8 ./Drivers/STM32F4xx_HAL_Driver/Src/stm32f4xx_hal_uart.o
 .text.memset   0x08007ac4       0x10 C:/ST/STM32CubeIDE_1.17.0/STM32CubeIDE/plugins/com.st.stm32cube.ide.mcu.externaltools.gnu-tools-for-stm32.12.3.rel1.win32_1.1.0.202410251130/tools/bin/../lib/gcc/arm-none-eabi/12.3.1/../../../../arm-none-eabi/lib/thumb/v7e-m+fp/hard\libc_nano.a(libc_a-memset.o)
                0x08007ac4                memset
 .text.__libc_init_array
                0x08007ad4       0x48 C:/ST/STM32CubeIDE_1.17.0/STM32CubeIDE/plugins/com.st.stm32cube.ide.mcu.externaltools.gnu-tools-for-stm32.12.3.rel1.win32_1.1.0.202410251130/tools/bin/../lib/gcc/arm-none-eabi/12.3.1/../../../../arm-none-eabi/lib/thumb/v7e-m+fp/hard\libc_nano.a(libc_a-init.o)
                0x08007ad4                __libc_init_array
 .text.memcpy   0x08007b1c       0x1c C:/ST/STM32CubeIDE_1.17.0/STM32CubeIDE/plugins/com.st.stm32cube.ide.mcu.externaltools.gnu-tools-for-stm32.12.3.rel1.win32_1.1.0.202410251130/tools/bin/../lib/gcc/arm-none-eabi/12.3.1/../../../../arm-none-eabi/lib/thumb/v7e-m+fp/hard\libc_nano.a(libc_a-memcpy-stub.o)
                0x08007b1c                memcpy
 *(.glue_7)
 .glue_7        0x08007b38        0x0 linker stubs
 *(.glue_7t)
 .glue_7t       0x08007b38        0x0 linker stubs
 *(.eh_frame)
 .eh_frame      0x08007b38        0x0 C:/ST/STM32CubeIDE_1.17.0/STM32CubeIDE/plugins/com.st.stm32cube.ide.mcu.externaltools.gnu-tools-for-stm32.12.3.rel1.win32_1.1.0.202410251130/tools/bin/../lib/gcc/arm-none-eabi/12.3.1/thumb/v7e-m+fp/hard/crtbegin.o
 *(.init)
 .init          0x08007b38        0x4 C:/ST/STM32CubeIDE_1.17.0/STM32CubeIDE/plugins/com.st.stm32cube.ide.mcu.externaltools.gnu-tools-for-stm32.12.3.rel1.win32_1.1.0.202410251130/tools/bin/../lib/gcc/arm-none-eabi/12.3.1/thumb/v7e-m+fp/hard/crti.o
                0x08007b38                _init
 .init          0x08007b3c        0x8 C:/ST/STM32CubeIDE_1.17.0/STM32CubeIDE/plugins/com.st.stm32cube.ide.mcu.externaltools.gnu-tools-for-stm32.12.3.rel1.win32_1.1.0.202410251130/tools/bin/../lib/gcc/arm-none-eabi/12.3.1/thumb/v7e-m+fp/hard/crtn.o
 *(.fini)
 .fini          0x08007b44        0x4 C:/ST/STM32CubeIDE_1.17.0/STM32CubeIDE/plugins/com.st.stm32cube.ide.mcu.externaltools.gnu-tools-for-stm32.12.3.rel1.win32_1.1.0.202410251130/tools/bin/../lib/gcc/arm-none-eabi/12.3.1/thumb/v7e-m+fp/hard/crti.o
                0x08007b44                _fini
 .fini          0x08007b48        0x8 C:/ST/STM32CubeIDE_1.17.0/STM32CubeIDE/plugins/com.st.stm32cube.ide.mcu.externaltools.gnu-tools-for-stm32.12.3.rel1.win32_1.1.0.202410251130/tools/bin/../lib/gcc/arm-none-eabi/12.3.1/thumb/v7e-m+fp/hard/crtn.o
                0x08007b50                        . = ALIGN (0x4)
                0x08007b50                        _etext = .

.vfp11_veneer   0x08007b50        0x0
 .vfp11_veneer  0x08007b50        0x0 linker stubs

.v4_bx          0x08007b50        0x0
 .v4_bx         0x08007b50        0x0 linker stubs

.iplt           0x08007b50        0x0
 .iplt          0x08007b50        0x0 C:/ST/STM32CubeIDE_1.17.0/STM32CubeIDE/plugins/com.st.stm32cube.ide.mcu.externaltools.gnu-tools-for-stm32.12.3.rel1.win32_1.1.0.202410251130/tools/bin/../lib/gcc/arm-none-eabi/12.3.1/thumb/v7e-m+fp/hard/crtbegin.o

.rodata         0x08007b50      0x1f0
                0x08007b50                        . = ALIGN (0x4)
 *(.rodata)
 .rodata        0x08007b50        0x5 ./Common_RTOS_File/Third_Party/FreeRTOS/tasks.o
 *fill*         0x08007b55        0x3 
 .rodata        0x08007b58        0xd ./Common_RTOS_File/Third_Party/FreeRTOS/timers.o
 *fill*         0x08007b65        0x3 
 .rodata        0x08007b68       0x52 ./Core/Src/main.o
 *fill*         0x08007bba        0x2 
 .rodata        0x08007bbc      0x16b ./Core/Src/task_handler.o
 *(.rodata*)
 *fill*         0x08007d27        0x1 
 .rodata.AHBPrescTable
                0x08007d28       0x10 ./Core/Src/system_stm32f4xx.o
                0x08007d28                AHBPrescTable
 .rodata.APBPrescTable
                0x08007d38        0x8 ./Core/Src/system_stm32f4xx.o
                0x08007d38                APBPrescTable
                0x08007d40                        . = ALIGN (0x4)

.ARM.extab      0x08007d40        0x0
                0x08007d40                        . = ALIGN (0x4)
 *(.ARM.extab* .gnu.linkonce.armextab.*)
                0x08007d40                        . = ALIGN (0x4)

.ARM            0x08007d40        0x8
                0x08007d40                        . = ALIGN (0x4)
                0x08007d40                        __exidx_start = .
 *(.ARM.exidx*)
 .ARM.exidx     0x08007d40        0x8 C:/ST/STM32CubeIDE_1.17.0/STM32CubeIDE/plugins/com.st.stm32cube.ide.mcu.externaltools.gnu-tools-for-stm32.12.3.rel1.win32_1.1.0.202410251130/tools/bin/../lib/gcc/arm-none-eabi/12.3.1/../../../../arm-none-eabi/lib/thumb/v7e-m+fp/hard\libc_nano.a(libc_a-strcmp.o)
 .ARM.exidx     0x08007d48        0x0 C:/ST/STM32CubeIDE_1.17.0/STM32CubeIDE/plugins/com.st.stm32cube.ide.mcu.externaltools.gnu-tools-for-stm32.12.3.rel1.win32_1.1.0.202410251130/tools/bin/../lib/gcc/arm-none-eabi/12.3.1/../../../../arm-none-eabi/lib/thumb/v7e-m+fp/hard\libc_nano.a(libc_a-strlen.o)
                                  0x8 (size before relaxing)
 .ARM.exidx     0x08007d48        0x0 C:/ST/STM32CubeIDE_1.17.0/STM32CubeIDE/plugins/com.st.stm32cube.ide.mcu.externaltools.gnu-tools-for-stm32.12.3.rel1.win32_1.1.0.202410251130/tools/bin/../lib/gcc/arm-none-eabi/12.3.1/thumb/v7e-m+fp/hard\libgcc.a(_udivmoddi4.o)
                                  0x8 (size before relaxing)
                0x08007d48                        __exidx_end = .
                0x08007d48                        . = ALIGN (0x4)

.preinit_array  0x08007d48        0x0
                0x08007d48                        . = ALIGN (0x4)
                0x08007d48                        PROVIDE (__preinit_array_start = .)
 *(.preinit_array*)
                0x08007d48                        PROVIDE (__preinit_array_end = .)
                0x08007d48                        . = ALIGN (0x4)

.init_array     0x08007d48        0x4
                0x08007d48                        . = ALIGN (0x4)
                0x08007d48                        PROVIDE (__init_array_start = .)
 *(SORT_BY_NAME(.init_array.*))
 *(.init_array*)
 .init_array    0x08007d48        0x4 C:/ST/STM32CubeIDE_1.17.0/STM32CubeIDE/plugins/com.st.stm32cube.ide.mcu.externaltools.gnu-tools-for-stm32.12.3.rel1.win32_1.1.0.202410251130/tools/bin/../lib/gcc/arm-none-eabi/12.3.1/thumb/v7e-m+fp/hard/crtbegin.o
                0x08007d4c                        PROVIDE (__init_array_end = .)
                0x08007d4c                        . = ALIGN (0x4)

.fini_array     0x08007d4c        0x4
                0x08007d4c                        . = ALIGN (0x4)
                [!provide]                        PROVIDE (__fini_array_start = .)
 *(SORT_BY_NAME(.fini_array.*))
 *(.fini_array*)
 .fini_array    0x08007d4c        0x4 C:/ST/STM32CubeIDE_1.17.0/STM32CubeIDE/plugins/com.st.stm32cube.ide.mcu.externaltools.gnu-tools-for-stm32.12.3.rel1.win32_1.1.0.202410251130/tools/bin/../lib/gcc/arm-none-eabi/12.3.1/thumb/v7e-m+fp/hard/crtbegin.o
                [!provide]                        PROVIDE (__fini_array_end = .)
                0x08007d50                        . = ALIGN (0x4)
                0x08007d50                        _sidata = LOADADDR (.data)

.rel.dyn        0x08007d50        0x0
 .rel.iplt      0x08007d50        0x0 C:/ST/STM32CubeIDE_1.17.0/STM32CubeIDE/plugins/com.st.stm32cube.ide.mcu.externaltools.gnu-tools-for-stm32.12.3.rel1.win32_1.1.0.202410251130/tools/bin/../lib/gcc/arm-none-eabi/12.3.1/thumb/v7e-m+fp/hard/crtbegin.o

.data           0x20000000       0x20 load address 0x08007d50
                0x20000000                        . = ALIGN (0x4)
                0x20000000                        _sdata = .
 *(.data)
 *(.data*)
 .data.uxTopUsedPriority
                0x20000000        0x4 ./Common_RTOS_File/Third_Party/FreeRTOS/tasks.o
 .data.uxCriticalNesting
                0x20000004        0x4 ./Common_RTOS_File/Third_Party/FreeRTOS/portable/GCC/ARM_CM4F/port.o
 .data.flag.3   0x20000008        0x4 ./Core/Src/led_effect.o
 .data.flag.2   0x2000000c        0x4 ./Core/Src/led_effect.o
 .data.SystemCoreClock
                0x20000010        0x4 ./Core/Src/system_stm32f4xx.o
                0x20000010                SystemCoreClock
 .data.invalid_msg
                0x20000014        0x4 ./Core/Src/task_handler.o
                0x20000014                invalid_msg
 .data.uwTickPrio
                0x20000018        0x4 ./Drivers/STM32F4xx_HAL_Driver/Src/stm32f4xx_hal.o
                0x20000018                uwTickPrio
 .data.uwTickFreq
                0x2000001c        0x1 ./Drivers/STM32F4xx_HAL_Driver/Src/stm32f4xx_hal.o
                0x2000001c                uwTickFreq
 *(.RamFunc)
 *(.RamFunc*)
                0x20000020                        . = ALIGN (0x4)
 *fill*         0x2000001d        0x3 
                0x20000020                        _edata = .

.igot.plt       0x20000020        0x0 load address 0x08007d70
 .igot.plt      0x20000020        0x0 C:/ST/STM32CubeIDE_1.17.0/STM32CubeIDE/plugins/com.st.stm32cube.ide.mcu.externaltools.gnu-tools-for-stm32.12.3.rel1.win32_1.1.0.202410251130/tools/bin/../lib/gcc/arm-none-eabi/12.3.1/thumb/v7e-m+fp/hard/crtbegin.o
                0x20000020                        . = ALIGN (0x4)

.bss            0x20000020    0x12eb0 load address 0x08007d70
                0x20000020                        _sbss = .
                0x20000020                        __bss_start__ = _sbss
 *(.bss)
 .bss           0x20000020       0x1c C:/ST/STM32CubeIDE_1.17.0/STM32CubeIDE/plugins/com.st.stm32cube.ide.mcu.externaltools.gnu-tools-for-stm32.12.3.rel1.win32_1.1.0.202410251130/tools/bin/../lib/gcc/arm-none-eabi/12.3.1/thumb/v7e-m+fp/hard/crtbegin.o
 *(.bss*)
 .bss.xQueueRegistry
                0x2000003c       0x40 ./Common_RTOS_File/Third_Party/FreeRTOS/queue.o
                0x2000003c                xQueueRegistry
 .bss.pxCurrentTCB
                0x2000007c        0x4 ./Common_RTOS_File/Third_Party/FreeRTOS/tasks.o
                0x2000007c                pxCurrentTCB
 .bss.pxReadyTasksLists
                0x20000080       0x64 ./Common_RTOS_File/Third_Party/FreeRTOS/tasks.o
 .bss.xDelayedTaskList1
                0x200000e4       0x14 ./Common_RTOS_File/Third_Party/FreeRTOS/tasks.o
 .bss.xDelayedTaskList2
                0x200000f8       0x14 ./Common_RTOS_File/Third_Party/FreeRTOS/tasks.o
 .bss.pxDelayedTaskList
                0x2000010c        0x4 ./Common_RTOS_File/Third_Party/FreeRTOS/tasks.o
 .bss.pxOverflowDelayedTaskList
                0x20000110        0x4 ./Common_RTOS_File/Third_Party/FreeRTOS/tasks.o
 .bss.xPendingReadyList
                0x20000114       0x14 ./Common_RTOS_File/Third_Party/FreeRTOS/tasks.o
 .bss.xTasksWaitingTermination
                0x20000128       0x14 ./Common_RTOS_File/Third_Party/FreeRTOS/tasks.o
 .bss.uxDeletedTasksWaitingCleanUp
                0x2000013c        0x4 ./Common_RTOS_File/Third_Party/FreeRTOS/tasks.o
 .bss.xSuspendedTaskList
                0x20000140       0x14 ./Common_RTOS_File/Third_Party/FreeRTOS/tasks.o
 .bss.uxCurrentNumberOfTasks
                0x20000154        0x4 ./Common_RTOS_File/Third_Party/FreeRTOS/tasks.o
 .bss.xTickCount
                0x20000158        0x4 ./Common_RTOS_File/Third_Party/FreeRTOS/tasks.o
 .bss.uxTopReadyPriority
                0x2000015c        0x4 ./Common_RTOS_File/Third_Party/FreeRTOS/tasks.o
 .bss.xSchedulerRunning
                0x20000160        0x4 ./Common_RTOS_File/Third_Party/FreeRTOS/tasks.o
 .bss.xPendedTicks
                0x20000164        0x4 ./Common_RTOS_File/Third_Party/FreeRTOS/tasks.o
 .bss.xYieldPendings
                0x20000168        0x4 ./Common_RTOS_File/Third_Party/FreeRTOS/tasks.o
 .bss.xNumOfOverflows
                0x2000016c        0x4 ./Common_RTOS_File/Third_Party/FreeRTOS/tasks.o
 .bss.uxTaskNumber
                0x20000170        0x4 ./Common_RTOS_File/Third_Party/FreeRTOS/tasks.o
 .bss.xNextTaskUnblockTime
                0x20000174        0x4 ./Common_RTOS_File/Third_Party/FreeRTOS/tasks.o
 .bss.xIdleTaskHandles
                0x20000178        0x4 ./Common_RTOS_File/Third_Party/FreeRTOS/tasks.o
 .bss.uxSchedulerSuspended
                0x2000017c        0x4 ./Common_RTOS_File/Third_Party/FreeRTOS/tasks.o
 .bss.xActiveTimerList1
                0x20000180       0x14 ./Common_RTOS_File/Third_Party/FreeRTOS/timers.o
 .bss.xActiveTimerList2
                0x20000194       0x14 ./Common_RTOS_File/Third_Party/FreeRTOS/timers.o
 .bss.pxCurrentTimerList
                0x200001a8        0x4 ./Common_RTOS_File/Third_Party/FreeRTOS/timers.o
 .bss.pxOverflowTimerList
                0x200001ac        0x4 ./Common_RTOS_File/Third_Party/FreeRTOS/timers.o
 .bss.xTimerQueue
                0x200001b0        0x4 ./Common_RTOS_File/Third_Party/FreeRTOS/timers.o
 .bss.xTimerTaskHandle
                0x200001b4        0x4 ./Common_RTOS_File/Third_Party/FreeRTOS/timers.o
 .bss.xLastTime.0
                0x200001b8        0x4 ./Common_RTOS_File/Third_Party/FreeRTOS/timers.o
 .bss.ucMaxSysCallPriority
                0x200001bc        0x1 ./Common_RTOS_File/Third_Party/FreeRTOS/portable/GCC/ARM_CM4F/port.o
 *fill*         0x200001bd        0x3 
 .bss.ulMaxPRIGROUPValue
                0x200001c0        0x4 ./Common_RTOS_File/Third_Party/FreeRTOS/portable/GCC/ARM_CM4F/port.o
 .bss.ucHeap    0x200001c4    0x12c00 ./Common_RTOS_File/Third_Party/FreeRTOS/portable/MemMang/heap_4.o
 .bss.xStart    0x20012dc4        0x8 ./Common_RTOS_File/Third_Party/FreeRTOS/portable/MemMang/heap_4.o
 .bss.pxEnd     0x20012dcc        0x4 ./Common_RTOS_File/Third_Party/FreeRTOS/portable/MemMang/heap_4.o
 .bss.xFreeBytesRemaining
                0x20012dd0        0x4 ./Common_RTOS_File/Third_Party/FreeRTOS/portable/MemMang/heap_4.o
 .bss.xMinimumEverFreeBytesRemaining
                0x20012dd4        0x4 ./Common_RTOS_File/Third_Party/FreeRTOS/portable/MemMang/heap_4.o
 .bss.xNumberOfSuccessfulAllocations
                0x20012dd8        0x4 ./Common_RTOS_File/Third_Party/FreeRTOS/portable/MemMang/heap_4.o
 .bss.xNumberOfSuccessfulFrees
                0x20012ddc        0x4 ./Common_RTOS_File/Third_Party/FreeRTOS/portable/MemMang/heap_4.o
 .bss.i.1       0x20012de0        0x4 ./Core/Src/led_effect.o
 .bss.i.0       0x20012de4        0x4 ./Core/Src/led_effect.o
 .bss.hrtc      0x20012de8       0x20 ./Core/Src/main.o
                0x20012de8                hrtc
 .bss.huart2    0x20012e08       0x48 ./Core/Src/main.o
                0x20012e08                huart2
 .bss.menu_task_handle
                0x20012e50        0x4 ./Core/Src/main.o
                0x20012e50                menu_task_handle
 .bss.cmd_task_handler
                0x20012e54        0x4 ./Core/Src/main.o
                0x20012e54                cmd_task_handler
 .bss.print_task_handle
                0x20012e58        0x4 ./Core/Src/main.o
                0x20012e58                print_task_handle
 .bss.led_task_handle
                0x20012e5c        0x4 ./Core/Src/main.o
                0x20012e5c                led_task_handle
 .bss.rtc_task_handle
                0x20012e60        0x4 ./Core/Src/main.o
                0x20012e60                rtc_task_handle
 .bss.q_data    0x20012e64        0x4 ./Core/Src/main.o
                0x20012e64                q_data
 .bss.q_print   0x20012e68        0x4 ./Core/Src/main.o
                0x20012e68                q_print
 .bss.timer_handler
                0x20012e6c       0x10 ./Core/Src/main.o
                0x20012e6c                timer_handler
 .bss.rtc_timer
                0x20012e7c        0x4 ./Core/Src/main.o
                0x20012e7c                rtc_timer
 .bss.curr_state
                0x20012e80        0x1 ./Core/Src/main.o
                0x20012e80                curr_state
 .bss.user_data
                0x20012e81        0x1 ./Core/Src/main.o
                0x20012e81                user_data
 *fill*         0x20012e82        0x2 
 .bss.htim6     0x20012e84       0x48 ./Core/Src/stm32f4xx_hal_timebase_tim.o
                0x20012e84                htim6
 .bss.uwTick    0x20012ecc        0x4 ./Drivers/STM32F4xx_HAL_Driver/Src/stm32f4xx_hal.o
                0x20012ecc                uwTick
 *(COMMON)
                0x20012ed0                        . = ALIGN (0x4)
                0x20012ed0                        _ebss = .
                0x20012ed0                        __bss_end__ = _ebss

._user_heap_stack
                0x20012ed0      0x600 load address 0x08007d70
                0x20012ed0                        . = ALIGN (0x8)
                [!provide]                        PROVIDE (end = .)
                0x20012ed0                        PROVIDE (_end = .)
                0x200130d0                        . = (. + _Min_Heap_Size)
 *fill*         0x20012ed0      0x200 
                0x200134d0                        . = (. + _Min_Stack_Size)
 *fill*         0x200130d0      0x400 
                0x200134d0                        . = ALIGN (0x8)

/DISCARD/
 libc.a(*)
 libm.a(*)
 libgcc.a(*)

.ARM.attributes
                0x00000000       0x30
 *(.ARM.attributes)
 .ARM.attributes
                0x00000000       0x22 C:/ST/STM32CubeIDE_1.17.0/STM32CubeIDE/plugins/com.st.stm32cube.ide.mcu.externaltools.gnu-tools-for-stm32.12.3.rel1.win32_1.1.0.202410251130/tools/bin/../lib/gcc/arm-none-eabi/12.3.1/thumb/v7e-m+fp/hard/crti.o
 .ARM.attributes
                0x00000022       0x34 C:/ST/STM32CubeIDE_1.17.0/STM32CubeIDE/plugins/com.st.stm32cube.ide.mcu.externaltools.gnu-tools-for-stm32.12.3.rel1.win32_1.1.0.202410251130/tools/bin/../lib/gcc/arm-none-eabi/12.3.1/thumb/v7e-m+fp/hard/crtbegin.o
 .ARM.attributes
                0x00000056       0x34 ./Common_RTOS_File/Third_Party/FreeRTOS/list.o
 .ARM.attributes
                0x0000008a       0x34 ./Common_RTOS_File/Third_Party/FreeRTOS/queue.o
 .ARM.attributes
                0x000000be       0x34 ./Common_RTOS_File/Third_Party/FreeRTOS/tasks.o
 .ARM.attributes
                0x000000f2       0x34 ./Common_RTOS_File/Third_Party/FreeRTOS/timers.o
 .ARM.attributes
                0x00000126       0x34 ./Common_RTOS_File/Third_Party/FreeRTOS/portable/GCC/ARM_CM4F/port.o
 .ARM.attributes
                0x0000015a       0x34 ./Common_RTOS_File/Third_Party/FreeRTOS/portable/MemMang/heap_4.o
 .ARM.attributes
                0x0000018e       0x34 ./Core/Src/led_effect.o
 .ARM.attributes
                0x000001c2       0x34 ./Core/Src/main.o
 .ARM.attributes
                0x000001f6       0x34 ./Core/Src/stm32f4xx_hal_msp.o
 .ARM.attributes
                0x0000022a       0x34 ./Core/Src/stm32f4xx_hal_timebase_tim.o
 .ARM.attributes
                0x0000025e       0x34 ./Core/Src/stm32f4xx_it.o
 .ARM.attributes
                0x00000292       0x34 ./Core/Src/system_stm32f4xx.o
 .ARM.attributes
                0x000002c6       0x34 ./Core/Src/task_handler.o
 .ARM.attributes
                0x000002fa       0x21 ./Core/Startup/startup_stm32f446retx.o
 .ARM.attributes
                0x0000031b       0x34 ./Drivers/STM32F4xx_HAL_Driver/Src/stm32f4xx_hal.o
 .ARM.attributes
                0x0000034f       0x34 ./Drivers/STM32F4xx_HAL_Driver/Src/stm32f4xx_hal_cortex.o
 .ARM.attributes
                0x00000383       0x34 ./Drivers/STM32F4xx_HAL_Driver/Src/stm32f4xx_hal_dma.o
 .ARM.attributes
                0x000003b7       0x34 ./Drivers/STM32F4xx_HAL_Driver/Src/stm32f4xx_hal_gpio.o
 .ARM.attributes
                0x000003eb       0x34 ./Drivers/STM32F4xx_HAL_Driver/Src/stm32f4xx_hal_rcc.o
 .ARM.attributes
                0x0000041f       0x34 ./Drivers/STM32F4xx_HAL_Driver/Src/stm32f4xx_hal_rcc_ex.o
 .ARM.attributes
                0x00000453       0x34 ./Drivers/STM32F4xx_HAL_Driver/Src/stm32f4xx_hal_rtc.o
 .ARM.attributes
                0x00000487       0x34 ./Drivers/STM32F4xx_HAL_Driver/Src/stm32f4xx_hal_tim.o
 .ARM.attributes
                0x000004bb       0x34 ./Drivers/STM32F4xx_HAL_Driver/Src/stm32f4xx_hal_tim_ex.o
 .ARM.attributes
                0x000004ef       0x34 ./Drivers/STM32F4xx_HAL_Driver/Src/stm32f4xx_hal_uart.o
 .ARM.attributes
                0x00000523       0x34 C:/ST/STM32CubeIDE_1.17.0/STM32CubeIDE/plugins/com.st.stm32cube.ide.mcu.externaltools.gnu-tools-for-stm32.12.3.rel1.win32_1.1.0.202410251130/tools/bin/../lib/gcc/arm-none-eabi/12.3.1/../../../../arm-none-eabi/lib/thumb/v7e-m+fp/hard\libc_nano.a(libc_a-memset.o)
 .ARM.attributes
                0x00000557       0x34 C:/ST/STM32CubeIDE_1.17.0/STM32CubeIDE/plugins/com.st.stm32cube.ide.mcu.externaltools.gnu-tools-for-stm32.12.3.rel1.win32_1.1.0.202410251130/tools/bin/../lib/gcc/arm-none-eabi/12.3.1/../../../../arm-none-eabi/lib/thumb/v7e-m+fp/hard\libc_nano.a(libc_a-init.o)
 .ARM.attributes
                0x0000058b       0x20 C:/ST/STM32CubeIDE_1.17.0/STM32CubeIDE/plugins/com.st.stm32cube.ide.mcu.externaltools.gnu-tools-for-stm32.12.3.rel1.win32_1.1.0.202410251130/tools/bin/../lib/gcc/arm-none-eabi/12.3.1/../../../../arm-none-eabi/lib/thumb/v7e-m+fp/hard\libc_nano.a(libc_a-strcmp.o)
 .ARM.attributes
                0x000005ab       0x34 C:/ST/STM32CubeIDE_1.17.0/STM32CubeIDE/plugins/com.st.stm32cube.ide.mcu.externaltools.gnu-tools-for-stm32.12.3.rel1.win32_1.1.0.202410251130/tools/bin/../lib/gcc/arm-none-eabi/12.3.1/../../../../arm-none-eabi/lib/thumb/v7e-m+fp/hard\libc_nano.a(libc_a-memcpy-stub.o)
 .ARM.attributes
                0x000005df       0x17 C:/ST/STM32CubeIDE_1.17.0/STM32CubeIDE/plugins/com.st.stm32cube.ide.mcu.externaltools.gnu-tools-for-stm32.12.3.rel1.win32_1.1.0.202410251130/tools/bin/../lib/gcc/arm-none-eabi/12.3.1/../../../../arm-none-eabi/lib/thumb/v7e-m+fp/hard\libc_nano.a(libc_a-strlen.o)
 .ARM.attributes
                0x000005f6       0x22 C:/ST/STM32CubeIDE_1.17.0/STM32CubeIDE/plugins/com.st.stm32cube.ide.mcu.externaltools.gnu-tools-for-stm32.12.3.rel1.win32_1.1.0.202410251130/tools/bin/../lib/gcc/arm-none-eabi/12.3.1/thumb/v7e-m+fp/hard\libgcc.a(_aeabi_uldivmod.o)
 .ARM.attributes
                0x00000618       0x34 C:/ST/STM32CubeIDE_1.17.0/STM32CubeIDE/plugins/com.st.stm32cube.ide.mcu.externaltools.gnu-tools-for-stm32.12.3.rel1.win32_1.1.0.202410251130/tools/bin/../lib/gcc/arm-none-eabi/12.3.1/thumb/v7e-m+fp/hard\libgcc.a(_udivmoddi4.o)
 .ARM.attributes
                0x0000064c       0x22 C:/ST/STM32CubeIDE_1.17.0/STM32CubeIDE/plugins/com.st.stm32cube.ide.mcu.externaltools.gnu-tools-for-stm32.12.3.rel1.win32_1.1.0.202410251130/tools/bin/../lib/gcc/arm-none-eabi/12.3.1/thumb/v7e-m+fp/hard\libgcc.a(_dvmd_tls.o)
 .ARM.attributes
                0x0000066e       0x22 C:/ST/STM32CubeIDE_1.17.0/STM32CubeIDE/plugins/com.st.stm32cube.ide.mcu.externaltools.gnu-tools-for-stm32.12.3.rel1.win32_1.1.0.202410251130/tools/bin/../lib/gcc/arm-none-eabi/12.3.1/thumb/v7e-m+fp/hard/crtn.o
OUTPUT(Queue_n_Timer.elf elf32-littlearm)
LOAD linker stubs
LOAD C:/ST/STM32CubeIDE_1.17.0/STM32CubeIDE/plugins/com.st.stm32cube.ide.mcu.externaltools.gnu-tools-for-stm32.12.3.rel1.win32_1.1.0.202410251130/tools/bin/../lib/gcc/arm-none-eabi/12.3.1/../../../../arm-none-eabi/lib/thumb/v7e-m+fp/hard\libc.a
LOAD C:/ST/STM32CubeIDE_1.17.0/STM32CubeIDE/plugins/com.st.stm32cube.ide.mcu.externaltools.gnu-tools-for-stm32.12.3.rel1.win32_1.1.0.202410251130/tools/bin/../lib/gcc/arm-none-eabi/12.3.1/../../../../arm-none-eabi/lib/thumb/v7e-m+fp/hard\libm.a
LOAD C:/ST/STM32CubeIDE_1.17.0/STM32CubeIDE/plugins/com.st.stm32cube.ide.mcu.externaltools.gnu-tools-for-stm32.12.3.rel1.win32_1.1.0.202410251130/tools/bin/../lib/gcc/arm-none-eabi/12.3.1/thumb/v7e-m+fp/hard\libgcc.a

.debug_info     0x00000000    0x16455
 .debug_info    0x00000000      0x2aa ./Common_RTOS_File/Third_Party/FreeRTOS/list.o
 .debug_info    0x000002aa     0x18a3 ./Common_RTOS_File/Third_Party/FreeRTOS/queue.o
 .debug_info    0x00001b4d     0x27e0 ./Common_RTOS_File/Third_Party/FreeRTOS/tasks.o
 .debug_info    0x0000432d      0xf06 ./Common_RTOS_File/Third_Party/FreeRTOS/timers.o
 .debug_info    0x00005233      0x622 ./Common_RTOS_File/Third_Party/FreeRTOS/portable/GCC/ARM_CM4F/port.o
 .debug_info    0x00005855      0x5d9 ./Common_RTOS_File/Third_Party/FreeRTOS/portable/MemMang/heap_4.o
 .debug_info    0x00005e2e      0x370 ./Core/Src/led_effect.o
 .debug_info    0x0000619e     0x18e8 ./Core/Src/main.o
 .debug_info    0x00007a86     0x1125 ./Core/Src/stm32f4xx_hal_msp.o
 .debug_info    0x00008bab      0xc44 ./Core/Src/stm32f4xx_hal_timebase_tim.o
 .debug_info    0x000097ef      0x95c ./Core/Src/stm32f4xx_it.o
 .debug_info    0x0000a14b      0x54a ./Core/Src/system_stm32f4xx.o
 .debug_info    0x0000a695      0xa32 ./Core/Src/task_handler.o
 .debug_info    0x0000b0c7       0x30 ./Core/Startup/startup_stm32f446retx.o
 .debug_info    0x0000b0f7      0x99a ./Drivers/STM32F4xx_HAL_Driver/Src/stm32f4xx_hal.o
 .debug_info    0x0000ba91      0xdaa ./Drivers/STM32F4xx_HAL_Driver/Src/stm32f4xx_hal_cortex.o
 .debug_info    0x0000c83b      0x8e7 ./Drivers/STM32F4xx_HAL_Driver/Src/stm32f4xx_hal_dma.o
 .debug_info    0x0000d122      0x70b ./Drivers/STM32F4xx_HAL_Driver/Src/stm32f4xx_hal_gpio.o
 .debug_info    0x0000d82d      0x8eb ./Drivers/STM32F4xx_HAL_Driver/Src/stm32f4xx_hal_rcc.o
 .debug_info    0x0000e118      0x956 ./Drivers/STM32F4xx_HAL_Driver/Src/stm32f4xx_hal_rcc_ex.o
 .debug_info    0x0000ea6e      0xc20 ./Drivers/STM32F4xx_HAL_Driver/Src/stm32f4xx_hal_rtc.o
 .debug_info    0x0000f68e     0x299d ./Drivers/STM32F4xx_HAL_Driver/Src/stm32f4xx_hal_tim.o
 .debug_info    0x0001202b     0x14db ./Drivers/STM32F4xx_HAL_Driver/Src/stm32f4xx_hal_tim_ex.o
 .debug_info    0x00013506     0x2f4f ./Drivers/STM32F4xx_HAL_Driver/Src/stm32f4xx_hal_uart.o

.debug_abbrev   0x00000000     0x35d7
 .debug_abbrev  0x00000000       0xee ./Common_RTOS_File/Third_Party/FreeRTOS/list.o
 .debug_abbrev  0x000000ee      0x323 ./Common_RTOS_File/Third_Party/FreeRTOS/queue.o
 .debug_abbrev  0x00000411      0x396 ./Common_RTOS_File/Third_Party/FreeRTOS/tasks.o
 .debug_abbrev  0x000007a7      0x2f2 ./Common_RTOS_File/Third_Party/FreeRTOS/timers.o
 .debug_abbrev  0x00000a99      0x248 ./Common_RTOS_File/Third_Party/FreeRTOS/portable/GCC/ARM_CM4F/port.o
 .debug_abbrev  0x00000ce1      0x25a ./Common_RTOS_File/Third_Party/FreeRTOS/portable/MemMang/heap_4.o
 .debug_abbrev  0x00000f3b      0x1b1 ./Core/Src/led_effect.o
 .debug_abbrev  0x000010ec      0x397 ./Core/Src/main.o
 .debug_abbrev  0x00001483      0x210 ./Core/Src/stm32f4xx_hal_msp.o
 .debug_abbrev  0x00001693      0x1f4 ./Core/Src/stm32f4xx_hal_timebase_tim.o
 .debug_abbrev  0x00001887      0x188 ./Core/Src/stm32f4xx_it.o
 .debug_abbrev  0x00001a0f      0x11a ./Core/Src/system_stm32f4xx.o
 .debug_abbrev  0x00001b29      0x269 ./Core/Src/task_handler.o
 .debug_abbrev  0x00001d92       0x24 ./Core/Startup/startup_stm32f446retx.o
 .debug_abbrev  0x00001db6      0x214 ./Drivers/STM32F4xx_HAL_Driver/Src/stm32f4xx_hal.o
 .debug_abbrev  0x00001fca      0x31d ./Drivers/STM32F4xx_HAL_Driver/Src/stm32f4xx_hal_cortex.o
 .debug_abbrev  0x000022e7      0x264 ./Drivers/STM32F4xx_HAL_Driver/Src/stm32f4xx_hal_dma.o
 .debug_abbrev  0x0000254b      0x1d4 ./Drivers/STM32F4xx_HAL_Driver/Src/stm32f4xx_hal_gpio.o
 .debug_abbrev  0x0000271f      0x2b7 ./Drivers/STM32F4xx_HAL_Driver/Src/stm32f4xx_hal_rcc.o
 .debug_abbrev  0x000029d6      0x20a ./Drivers/STM32F4xx_HAL_Driver/Src/stm32f4xx_hal_rcc_ex.o
 .debug_abbrev  0x00002be0      0x1ee ./Drivers/STM32F4xx_HAL_Driver/Src/stm32f4xx_hal_rtc.o
 .debug_abbrev  0x00002dce      0x278 ./Drivers/STM32F4xx_HAL_Driver/Src/stm32f4xx_hal_tim.o
 .debug_abbrev  0x00003046      0x283 ./Drivers/STM32F4xx_HAL_Driver/Src/stm32f4xx_hal_tim_ex.o
 .debug_abbrev  0x000032c9      0x30e ./Drivers/STM32F4xx_HAL_Driver/Src/stm32f4xx_hal_uart.o

.debug_aranges  0x00000000     0x1410
 .debug_aranges
                0x00000000       0x40 ./Common_RTOS_File/Third_Party/FreeRTOS/list.o
 .debug_aranges
                0x00000040      0x140 ./Common_RTOS_File/Third_Party/FreeRTOS/queue.o
 .debug_aranges
                0x00000180      0x238 ./Common_RTOS_File/Third_Party/FreeRTOS/tasks.o
 .debug_aranges
                0x000003b8       0xf8 ./Common_RTOS_File/Third_Party/FreeRTOS/timers.o
 .debug_aranges
                0x000004b0       0x88 ./Common_RTOS_File/Third_Party/FreeRTOS/portable/GCC/ARM_CM4F/port.o
 .debug_aranges
                0x00000538       0x68 ./Common_RTOS_File/Third_Party/FreeRTOS/portable/MemMang/heap_4.o
 .debug_aranges
                0x000005a0       0x70 ./Core/Src/led_effect.o
 .debug_aranges
                0x00000610       0x68 ./Core/Src/main.o
 .debug_aranges
                0x00000678       0x40 ./Core/Src/stm32f4xx_hal_msp.o
 .debug_aranges
                0x000006b8       0x30 ./Core/Src/stm32f4xx_hal_timebase_tim.o
 .debug_aranges
                0x000006e8       0x58 ./Core/Src/stm32f4xx_it.o
 .debug_aranges
                0x00000740       0x28 ./Core/Src/system_stm32f4xx.o
 .debug_aranges
                0x00000768       0x50 ./Core/Src/task_handler.o
 .debug_aranges
                0x000007b8       0x28 ./Core/Startup/startup_stm32f446retx.o
 .debug_aranges
                0x000007e0       0xf0 ./Drivers/STM32F4xx_HAL_Driver/Src/stm32f4xx_hal.o
 .debug_aranges
                0x000008d0      0x130 ./Drivers/STM32F4xx_HAL_Driver/Src/stm32f4xx_hal_cortex.o
 .debug_aranges
                0x00000a00       0x90 ./Drivers/STM32F4xx_HAL_Driver/Src/stm32f4xx_hal_dma.o
 .debug_aranges
                0x00000a90       0x58 ./Drivers/STM32F4xx_HAL_Driver/Src/stm32f4xx_hal_gpio.o
 .debug_aranges
                0x00000ae8       0x88 ./Drivers/STM32F4xx_HAL_Driver/Src/stm32f4xx_hal_rcc.o
 .debug_aranges
                0x00000b70       0x78 ./Drivers/STM32F4xx_HAL_Driver/Src/stm32f4xx_hal_rcc_ex.o
 .debug_aranges
                0x00000be8       0xe8 ./Drivers/STM32F4xx_HAL_Driver/Src/stm32f4xx_hal_rtc.o
 .debug_aranges
                0x00000cd0      0x3d0 ./Drivers/STM32F4xx_HAL_Driver/Src/stm32f4xx_hal_tim.o
 .debug_aranges
                0x000010a0      0x168 ./Drivers/STM32F4xx_HAL_Driver/Src/stm32f4xx_hal_tim_ex.o
 .debug_aranges
                0x00001208      0x208 ./Drivers/STM32F4xx_HAL_Driver/Src/stm32f4xx_hal_uart.o

.debug_rnglists
                0x00000000      0xfa6
 .debug_rnglists
                0x00000000       0x2b ./Common_RTOS_File/Third_Party/FreeRTOS/list.o
 .debug_rnglists
                0x0000002b       0xf8 ./Common_RTOS_File/Third_Party/FreeRTOS/queue.o
 .debug_rnglists
                0x00000123      0x1d5 ./Common_RTOS_File/Third_Party/FreeRTOS/tasks.o
 .debug_rnglists
                0x000002f8       0xba ./Common_RTOS_File/Third_Party/FreeRTOS/timers.o
 .debug_rnglists
                0x000003b2       0x64 ./Common_RTOS_File/Third_Party/FreeRTOS/portable/GCC/ARM_CM4F/port.o
 .debug_rnglists
                0x00000416       0x4e ./Common_RTOS_File/Third_Party/FreeRTOS/portable/MemMang/heap_4.o
 .debug_rnglists
                0x00000464       0x4f ./Core/Src/led_effect.o
 .debug_rnglists
                0x000004b3       0x4d ./Core/Src/main.o
 .debug_rnglists
                0x00000500       0x2c ./Core/Src/stm32f4xx_hal_msp.o
 .debug_rnglists
                0x0000052c       0x20 ./Core/Src/stm32f4xx_hal_timebase_tim.o
 .debug_rnglists
                0x0000054c       0x3d ./Core/Src/stm32f4xx_it.o
 .debug_rnglists
                0x00000589       0x1a ./Core/Src/system_stm32f4xx.o
 .debug_rnglists
                0x000005a3       0x39 ./Core/Src/task_handler.o
 .debug_rnglists
                0x000005dc       0x19 ./Core/Startup/startup_stm32f446retx.o
 .debug_rnglists
                0x000005f5       0xaf ./Drivers/STM32F4xx_HAL_Driver/Src/stm32f4xx_hal.o
 .debug_rnglists
                0x000006a4       0xe0 ./Drivers/STM32F4xx_HAL_Driver/Src/stm32f4xx_hal_cortex.o
 .debug_rnglists
                0x00000784       0x70 ./Drivers/STM32F4xx_HAL_Driver/Src/stm32f4xx_hal_dma.o
 .debug_rnglists
                0x000007f4       0x3f ./Drivers/STM32F4xx_HAL_Driver/Src/stm32f4xx_hal_gpio.o
 .debug_rnglists
                0x00000833       0x66 ./Drivers/STM32F4xx_HAL_Driver/Src/stm32f4xx_hal_rcc.o
 .debug_rnglists
                0x00000899       0x5e ./Drivers/STM32F4xx_HAL_Driver/Src/stm32f4xx_hal_rcc_ex.o
 .debug_rnglists
                0x000008f7       0xb4 ./Drivers/STM32F4xx_HAL_Driver/Src/stm32f4xx_hal_rtc.o
 .debug_rnglists
                0x000009ab      0x31a ./Drivers/STM32F4xx_HAL_Driver/Src/stm32f4xx_hal_tim.o
 .debug_rnglists
                0x00000cc5      0x125 ./Drivers/STM32F4xx_HAL_Driver/Src/stm32f4xx_hal_tim_ex.o
 .debug_rnglists
                0x00000dea      0x1bc ./Drivers/STM32F4xx_HAL_Driver/Src/stm32f4xx_hal_uart.o

.debug_macro    0x00000000    0x228a7
 .debug_macro   0x00000000      0x1a2 ./Common_RTOS_File/Third_Party/FreeRTOS/list.o
 .debug_macro   0x000001a2      0x239 ./Common_RTOS_File/Third_Party/FreeRTOS/queue.o
 .debug_macro   0x000003db       0x16 ./Common_RTOS_File/Third_Party/FreeRTOS/queue.o
 .debug_macro   0x000003f1       0x35 ./Common_RTOS_File/Third_Party/FreeRTOS/queue.o
 .debug_macro   0x00000426       0x20 ./Common_RTOS_File/Third_Party/FreeRTOS/queue.o
 .debug_macro   0x00000446       0x80 ./Common_RTOS_File/Third_Party/FreeRTOS/queue.o
 .debug_macro   0x000004c6      0x2bf ./Common_RTOS_File/Third_Party/FreeRTOS/tasks.o
 .debug_macro   0x00000785       0x17 ./Common_RTOS_File/Third_Party/FreeRTOS/tasks.o
 .debug_macro   0x0000079c      0x1f1 ./Common_RTOS_File/Third_Party/FreeRTOS/timers.o
 .debug_macro   0x0000098d       0x9e ./Common_RTOS_File/Third_Party/FreeRTOS/timers.o
 .debug_macro   0x00000a2b      0x1cf ./Common_RTOS_File/Third_Party/FreeRTOS/portable/GCC/ARM_CM4F/port.o
 .debug_macro   0x00000bfa      0x237 ./Common_RTOS_File/Third_Party/FreeRTOS/portable/MemMang/heap_4.o
 .debug_macro   0x00000e31      0x357 ./Core/Src/led_effect.o
 .debug_macro   0x00001188      0x2a1 ./Core/Src/led_effect.o
 .debug_macro   0x00001429       0x2e ./Core/Src/led_effect.o
 .debug_macro   0x00001457       0x28 ./Core/Src/led_effect.o
 .debug_macro   0x0000147f       0x1c ./Core/Src/led_effect.o
 .debug_macro   0x0000149b       0x22 ./Core/Src/led_effect.o
 .debug_macro   0x000014bd       0xfb ./Core/Src/led_effect.o
 .debug_macro   0x000015b8     0x1011 ./Core/Src/led_effect.o
 .debug_macro   0x000025c9      0x11f ./Core/Src/led_effect.o
 .debug_macro   0x000026e8    0x16749 ./Core/Src/led_effect.o
 .debug_macro   0x00018e31       0x6d ./Core/Src/led_effect.o
 .debug_macro   0x00018e9e     0x369a ./Core/Src/led_effect.o
 .debug_macro   0x0001c538       0x5c ./Core/Src/led_effect.o
 .debug_macro   0x0001c594      0xca5 ./Core/Src/led_effect.o
 .debug_macro   0x0001d239      0x9e9 ./Core/Src/led_effect.o
 .debug_macro   0x0001dc22      0x115 ./Core/Src/led_effect.o
 .debug_macro   0x0001dd37      0x1a0 ./Core/Src/led_effect.o
 .debug_macro   0x0001ded7       0xa5 ./Core/Src/led_effect.o
 .debug_macro   0x0001df7c      0x16d ./Core/Src/led_effect.o
 .debug_macro   0x0001e0e9      0x287 ./Core/Src/led_effect.o
 .debug_macro   0x0001e370       0x5f ./Core/Src/led_effect.o
 .debug_macro   0x0001e3cf      0x236 ./Core/Src/led_effect.o
 .debug_macro   0x0001e605      0x132 ./Core/Src/led_effect.o
 .debug_macro   0x0001e737      0x29c ./Core/Src/led_effect.o
 .debug_macro   0x0001e9d3       0x2e ./Core/Src/led_effect.o
 .debug_macro   0x0001ea01      0x127 ./Core/Src/led_effect.o
 .debug_macro   0x0001eb28       0xe8 ./Core/Src/led_effect.o
 .debug_macro   0x0001ec10       0x89 ./Core/Src/led_effect.o
 .debug_macro   0x0001ec99      0x30c ./Core/Src/led_effect.o
 .debug_macro   0x0001efa5      0x44b ./Core/Src/led_effect.o
 .debug_macro   0x0001f3f0       0xeb ./Core/Src/led_effect.o
 .debug_macro   0x0001f4db      0x8ed ./Core/Src/led_effect.o
 .debug_macro   0x0001fdc8       0x53 ./Core/Src/led_effect.o
 .debug_macro   0x0001fe1b      0x2aa ./Core/Src/led_effect.o
 .debug_macro   0x000200c5      0x126 ./Core/Src/led_effect.o
 .debug_macro   0x000201eb      0x112 ./Core/Src/led_effect.o
 .debug_macro   0x000202fd       0x61 ./Core/Src/led_effect.o
 .debug_macro   0x0002035e       0x7c ./Core/Src/led_effect.o
 .debug_macro   0x000203da      0x357 ./Core/Src/main.o
 .debug_macro   0x00020731      0x357 ./Core/Src/stm32f4xx_hal_msp.o
 .debug_macro   0x00020a88      0x1e7 ./Core/Src/stm32f4xx_hal_timebase_tim.o
 .debug_macro   0x00020c6f      0x361 ./Core/Src/stm32f4xx_it.o
 .debug_macro   0x00020fd0      0x1e7 ./Core/Src/system_stm32f4xx.o
 .debug_macro   0x000211b7      0x357 ./Core/Src/task_handler.o
 .debug_macro   0x0002150e      0x247 ./Drivers/STM32F4xx_HAL_Driver/Src/stm32f4xx_hal.o
 .debug_macro   0x00021755      0x1e7 ./Drivers/STM32F4xx_HAL_Driver/Src/stm32f4xx_hal_cortex.o
 .debug_macro   0x0002193c      0x1ed ./Drivers/STM32F4xx_HAL_Driver/Src/stm32f4xx_hal_dma.o
 .debug_macro   0x00021b29      0x1ed ./Drivers/STM32F4xx_HAL_Driver/Src/stm32f4xx_hal_gpio.o
 .debug_macro   0x00021d16      0x20b ./Drivers/STM32F4xx_HAL_Driver/Src/stm32f4xx_hal_rcc.o
 .debug_macro   0x00021f21      0x1e7 ./Drivers/STM32F4xx_HAL_Driver/Src/stm32f4xx_hal_rcc_ex.o
 .debug_macro   0x00022108      0x1e8 ./Drivers/STM32F4xx_HAL_Driver/Src/stm32f4xx_hal_rtc.o
 .debug_macro   0x000222f0      0x1e8 ./Drivers/STM32F4xx_HAL_Driver/Src/stm32f4xx_hal_tim.o
 .debug_macro   0x000224d8      0x1e7 ./Drivers/STM32F4xx_HAL_Driver/Src/stm32f4xx_hal_tim_ex.o
 .debug_macro   0x000226bf      0x1e8 ./Drivers/STM32F4xx_HAL_Driver/Src/stm32f4xx_hal_uart.o

.debug_line     0x00000000    0x19333
 .debug_line    0x00000000      0x834 ./Common_RTOS_File/Third_Party/FreeRTOS/list.o
 .debug_line    0x00000834     0x176d ./Common_RTOS_File/Third_Party/FreeRTOS/queue.o
 .debug_line    0x00001fa1     0x222f ./Common_RTOS_File/Third_Party/FreeRTOS/tasks.o
 .debug_line    0x000041d0      0xe2b ./Common_RTOS_File/Third_Party/FreeRTOS/timers.o
 .debug_line    0x00004ffb      0x98f ./Common_RTOS_File/Third_Party/FreeRTOS/portable/GCC/ARM_CM4F/port.o
 .debug_line    0x0000598a      0xbe2 ./Common_RTOS_File/Third_Party/FreeRTOS/portable/MemMang/heap_4.o
 .debug_line    0x0000656c      0xbb6 ./Core/Src/led_effect.o
 .debug_line    0x00007122      0xd06 ./Core/Src/main.o
 .debug_line    0x00007e28      0xaf4 ./Core/Src/stm32f4xx_hal_msp.o
 .debug_line    0x0000891c      0x7f3 ./Core/Src/stm32f4xx_hal_timebase_tim.o
 .debug_line    0x0000910f      0xb0d ./Core/Src/stm32f4xx_it.o
 .debug_line    0x00009c1c      0x7fc ./Core/Src/system_stm32f4xx.o
 .debug_line    0x0000a418      0xbe7 ./Core/Src/task_handler.o
 .debug_line    0x0000afff       0x7a ./Core/Startup/startup_stm32f446retx.o
 .debug_line    0x0000b079      0xa65 ./Drivers/STM32F4xx_HAL_Driver/Src/stm32f4xx_hal.o
 .debug_line    0x0000bade      0xd57 ./Drivers/STM32F4xx_HAL_Driver/Src/stm32f4xx_hal_cortex.o
 .debug_line    0x0000c835      0xfd5 ./Drivers/STM32F4xx_HAL_Driver/Src/stm32f4xx_hal_dma.o
 .debug_line    0x0000d80a      0xbdd ./Drivers/STM32F4xx_HAL_Driver/Src/stm32f4xx_hal_gpio.o
 .debug_line    0x0000e3e7      0xdfc ./Drivers/STM32F4xx_HAL_Driver/Src/stm32f4xx_hal_rcc.o
 .debug_line    0x0000f1e3     0x146c ./Drivers/STM32F4xx_HAL_Driver/Src/stm32f4xx_hal_rcc_ex.o
 .debug_line    0x0001064f     0x1149 ./Drivers/STM32F4xx_HAL_Driver/Src/stm32f4xx_hal_rtc.o
 .debug_line    0x00011798     0x3809 ./Drivers/STM32F4xx_HAL_Driver/Src/stm32f4xx_hal_tim.o
 .debug_line    0x00014fa1     0x1a5b ./Drivers/STM32F4xx_HAL_Driver/Src/stm32f4xx_hal_tim_ex.o
 .debug_line    0x000169fc     0x2937 ./Drivers/STM32F4xx_HAL_Driver/Src/stm32f4xx_hal_uart.o

.debug_str      0x00000000    0xe5f91
 .debug_str     0x00000000    0x1089f ./Common_RTOS_File/Third_Party/FreeRTOS/list.o
                              0x10ac4 (size before relaxing)
 .debug_str     0x0001089f     0x2975 ./Common_RTOS_File/Third_Party/FreeRTOS/queue.o
                              0x1340e (size before relaxing)
 .debug_str     0x00013214     0x20b6 ./Common_RTOS_File/Third_Party/FreeRTOS/tasks.o
                              0x14364 (size before relaxing)
 .debug_str     0x000152ca      0x580 ./Common_RTOS_File/Third_Party/FreeRTOS/timers.o
                              0x136c1 (size before relaxing)
 .debug_str     0x0001584a      0x94d ./Common_RTOS_File/Third_Party/FreeRTOS/portable/GCC/ARM_CM4F/port.o
                               0xf62c (size before relaxing)
 .debug_str     0x00016197      0x74a ./Common_RTOS_File/Third_Party/FreeRTOS/portable/MemMang/heap_4.o
                              0x1261b (size before relaxing)
 .debug_str     0x000168e1    0xcb116 ./Core/Src/led_effect.o
                              0xddf1f (size before relaxing)
 .debug_str     0x000e19f7      0xd4d ./Core/Src/main.o
                              0xdee58 (size before relaxing)
 .debug_str     0x000e2744      0x765 ./Core/Src/stm32f4xx_hal_msp.o
                              0xded60 (size before relaxing)
 .debug_str     0x000e2ea9      0x107 ./Core/Src/stm32f4xx_hal_timebase_tim.o
                              0xcfc99 (size before relaxing)
 .debug_str     0x000e2fb0       0xdf ./Core/Src/stm32f4xx_it.o
                              0xde595 (size before relaxing)
 .debug_str     0x000e308f       0xcb ./Core/Src/system_stm32f4xx.o
                              0xcf161 (size before relaxing)
 .debug_str     0x000e315a       0xa1 ./Core/Src/task_handler.o
                              0xde4e8 (size before relaxing)
 .debug_str     0x000e31fb       0x44 ./Core/Startup/startup_stm32f446retx.o
                                 0x90 (size before relaxing)
 .debug_str     0x000e323f      0x5d3 ./Drivers/STM32F4xx_HAL_Driver/Src/stm32f4xx_hal.o
                              0xcfd26 (size before relaxing)
 .debug_str     0x000e3812      0x366 ./Drivers/STM32F4xx_HAL_Driver/Src/stm32f4xx_hal_cortex.o
                              0xcfa7d (size before relaxing)
 .debug_str     0x000e3b78      0x323 ./Drivers/STM32F4xx_HAL_Driver/Src/stm32f4xx_hal_dma.o
                              0xcf556 (size before relaxing)
 .debug_str     0x000e3e9b      0x121 ./Drivers/STM32F4xx_HAL_Driver/Src/stm32f4xx_hal_gpio.o
                              0xcf2dc (size before relaxing)
 .debug_str     0x000e3fbc      0x1f2 ./Drivers/STM32F4xx_HAL_Driver/Src/stm32f4xx_hal_rcc.o
                              0xcf59a (size before relaxing)
 .debug_str     0x000e41ae      0x19d ./Drivers/STM32F4xx_HAL_Driver/Src/stm32f4xx_hal_rcc_ex.o
                              0xcf5cd (size before relaxing)
 .debug_str     0x000e434b      0x337 ./Drivers/STM32F4xx_HAL_Driver/Src/stm32f4xx_hal_rtc.o
                              0xcf5ab (size before relaxing)
 .debug_str     0x000e4682      0xe4c ./Drivers/STM32F4xx_HAL_Driver/Src/stm32f4xx_hal_tim.o
                              0xd04c6 (size before relaxing)
 .debug_str     0x000e54ce      0x503 ./Drivers/STM32F4xx_HAL_Driver/Src/stm32f4xx_hal_tim_ex.o
                              0xcfcd2 (size before relaxing)
 .debug_str     0x000e59d1      0x5c0 ./Drivers/STM32F4xx_HAL_Driver/Src/stm32f4xx_hal_uart.o
                              0xcfb51 (size before relaxing)

.comment        0x00000000       0x43
 .comment       0x00000000       0x43 ./Common_RTOS_File/Third_Party/FreeRTOS/list.o
                                 0x44 (size before relaxing)
 .comment       0x00000043       0x44 ./Common_RTOS_File/Third_Party/FreeRTOS/queue.o
 .comment       0x00000043       0x44 ./Common_RTOS_File/Third_Party/FreeRTOS/tasks.o
 .comment       0x00000043       0x44 ./Common_RTOS_File/Third_Party/FreeRTOS/timers.o
 .comment       0x00000043       0x44 ./Common_RTOS_File/Third_Party/FreeRTOS/portable/GCC/ARM_CM4F/port.o
 .comment       0x00000043       0x44 ./Common_RTOS_File/Third_Party/FreeRTOS/portable/MemMang/heap_4.o
 .comment       0x00000043       0x44 ./Core/Src/led_effect.o
 .comment       0x00000043       0x44 ./Core/Src/main.o
 .comment       0x00000043       0x44 ./Core/Src/stm32f4xx_hal_msp.o
 .comment       0x00000043       0x44 ./Core/Src/stm32f4xx_hal_timebase_tim.o
 .comment       0x00000043       0x44 ./Core/Src/stm32f4xx_it.o
 .comment       0x00000043       0x44 ./Core/Src/system_stm32f4xx.o
 .comment       0x00000043       0x44 ./Core/Src/task_handler.o
 .comment       0x00000043       0x44 ./Drivers/STM32F4xx_HAL_Driver/Src/stm32f4xx_hal.o
 .comment       0x00000043       0x44 ./Drivers/STM32F4xx_HAL_Driver/Src/stm32f4xx_hal_cortex.o
 .comment       0x00000043       0x44 ./Drivers/STM32F4xx_HAL_Driver/Src/stm32f4xx_hal_dma.o
 .comment       0x00000043       0x44 ./Drivers/STM32F4xx_HAL_Driver/Src/stm32f4xx_hal_gpio.o
 .comment       0x00000043       0x44 ./Drivers/STM32F4xx_HAL_Driver/Src/stm32f4xx_hal_rcc.o
 .comment       0x00000043       0x44 ./Drivers/STM32F4xx_HAL_Driver/Src/stm32f4xx_hal_rcc_ex.o
 .comment       0x00000043       0x44 ./Drivers/STM32F4xx_HAL_Driver/Src/stm32f4xx_hal_rtc.o
 .comment       0x00000043       0x44 ./Drivers/STM32F4xx_HAL_Driver/Src/stm32f4xx_hal_tim.o
 .comment       0x00000043       0x44 ./Drivers/STM32F4xx_HAL_Driver/Src/stm32f4xx_hal_tim_ex.o
 .comment       0x00000043       0x44 ./Drivers/STM32F4xx_HAL_Driver/Src/stm32f4xx_hal_uart.o

.debug_frame    0x00000000     0x53e0
 .debug_frame   0x00000000       0xd8 ./Common_RTOS_File/Third_Party/FreeRTOS/list.o
 .debug_frame   0x000000d8      0x580 ./Common_RTOS_File/Third_Party/FreeRTOS/queue.o
 .debug_frame   0x00000658      0x9dc ./Common_RTOS_File/Third_Party/FreeRTOS/tasks.o
 .debug_frame   0x00001034      0x40c ./Common_RTOS_File/Third_Party/FreeRTOS/timers.o
 .debug_frame   0x00001440      0x1d0 ./Common_RTOS_File/Third_Party/FreeRTOS/portable/GCC/ARM_CM4F/port.o
 .debug_frame   0x00001610      0x174 ./Common_RTOS_File/Third_Party/FreeRTOS/portable/MemMang/heap_4.o
 .debug_frame   0x00001784      0x160 ./Core/Src/led_effect.o
 .debug_frame   0x000018e4      0x15c ./Core/Src/main.o
 .debug_frame   0x00001a40       0xcc ./Core/Src/stm32f4xx_hal_msp.o
 .debug_frame   0x00001b0c       0x74 ./Core/Src/stm32f4xx_hal_timebase_tim.o
 .debug_frame   0x00001b80       0xe0 ./Core/Src/stm32f4xx_it.o
 .debug_frame   0x00001c60       0x58 ./Core/Src/system_stm32f4xx.o
 .debug_frame   0x00001cb8      0x100 ./Core/Src/task_handler.o
 .debug_frame   0x00001db8      0x374 ./Drivers/STM32F4xx_HAL_Driver/Src/stm32f4xx_hal.o
 .debug_frame   0x0000212c      0x508 ./Drivers/STM32F4xx_HAL_Driver/Src/stm32f4xx_hal_cortex.o
 .debug_frame   0x00002634      0x250 ./Drivers/STM32F4xx_HAL_Driver/Src/stm32f4xx_hal_dma.o
 .debug_frame   0x00002884      0x14c ./Drivers/STM32F4xx_HAL_Driver/Src/stm32f4xx_hal_gpio.o
 .debug_frame   0x000029d0      0x1f4 ./Drivers/STM32F4xx_HAL_Driver/Src/stm32f4xx_hal_rcc.o
 .debug_frame   0x00002bc4      0x1e8 ./Drivers/STM32F4xx_HAL_Driver/Src/stm32f4xx_hal_rcc_ex.o
 .debug_frame   0x00002dac      0x3f4 ./Drivers/STM32F4xx_HAL_Driver/Src/stm32f4xx_hal_rtc.o
 .debug_frame   0x000031a0     0x11c0 ./Drivers/STM32F4xx_HAL_Driver/Src/stm32f4xx_hal_tim.o
 .debug_frame   0x00004360      0x638 ./Drivers/STM32F4xx_HAL_Driver/Src/stm32f4xx_hal_tim_ex.o
 .debug_frame   0x00004998      0x954 ./Drivers/STM32F4xx_HAL_Driver/Src/stm32f4xx_hal_uart.o
 .debug_frame   0x000052ec       0x20 C:/ST/STM32CubeIDE_1.17.0/STM32CubeIDE/plugins/com.st.stm32cube.ide.mcu.externaltools.gnu-tools-for-stm32.12.3.rel1.win32_1.1.0.202410251130/tools/bin/../lib/gcc/arm-none-eabi/12.3.1/../../../../arm-none-eabi/lib/thumb/v7e-m+fp/hard\libc_nano.a(libc_a-memset.o)
 .debug_frame   0x0000530c       0x2c C:/ST/STM32CubeIDE_1.17.0/STM32CubeIDE/plugins/com.st.stm32cube.ide.mcu.externaltools.gnu-tools-for-stm32.12.3.rel1.win32_1.1.0.202410251130/tools/bin/../lib/gcc/arm-none-eabi/12.3.1/../../../../arm-none-eabi/lib/thumb/v7e-m+fp/hard\libc_nano.a(libc_a-init.o)
 .debug_frame   0x00005338       0x20 C:/ST/STM32CubeIDE_1.17.0/STM32CubeIDE/plugins/com.st.stm32cube.ide.mcu.externaltools.gnu-tools-for-stm32.12.3.rel1.win32_1.1.0.202410251130/tools/bin/../lib/gcc/arm-none-eabi/12.3.1/../../../../arm-none-eabi/lib/thumb/v7e-m+fp/hard\libc_nano.a(libc_a-strcmp.o)
 .debug_frame   0x00005358       0x28 C:/ST/STM32CubeIDE_1.17.0/STM32CubeIDE/plugins/com.st.stm32cube.ide.mcu.externaltools.gnu-tools-for-stm32.12.3.rel1.win32_1.1.0.202410251130/tools/bin/../lib/gcc/arm-none-eabi/12.3.1/../../../../arm-none-eabi/lib/thumb/v7e-m+fp/hard\libc_nano.a(libc_a-memcpy-stub.o)
 .debug_frame   0x00005380       0x2c C:/ST/STM32CubeIDE_1.17.0/STM32CubeIDE/plugins/com.st.stm32cube.ide.mcu.externaltools.gnu-tools-for-stm32.12.3.rel1.win32_1.1.0.202410251130/tools/bin/../lib/gcc/arm-none-eabi/12.3.1/thumb/v7e-m+fp/hard\libgcc.a(_aeabi_uldivmod.o)
 .debug_frame   0x000053ac       0x34 C:/ST/STM32CubeIDE_1.17.0/STM32CubeIDE/plugins/com.st.stm32cube.ide.mcu.externaltools.gnu-tools-for-stm32.12.3.rel1.win32_1.1.0.202410251130/tools/bin/../lib/gcc/arm-none-eabi/12.3.1/thumb/v7e-m+fp/hard\libgcc.a(_udivmoddi4.o)

.debug_line_str
                0x00000000       0x74
 .debug_line_str
                0x00000000       0x74 ./Core/Startup/startup_stm32f446retx.o
