00:07:09 **** Incremental Build of configuration Debug for project Sample_Project ****
make -j8 all 
arm-none-eabi-gcc "../Third_Party/SEGGER/UART_Rec/segger_uart.c" -mcpu=cortex-m4 -std=gnu11 -g3 -DDEBUG -DUSE_HAL_DRIVER -DSTM32F446xx -c -I../Core/Inc -I"C:/Users/JadduVenkatesh/Desktop/FreeRTOS/RTOS_WorkSpace/Sample_Project/Third_Party/SEGGER/Config" -I"C:/Users/JadduVenkatesh/Desktop/FreeRTOS/RTOS_WorkSpace/Sample_Project/Third_Party/SEGGER/OS" -I"C:/Users/JadduVenkatesh/Desktop/FreeRTOS/RTOS_WorkSpace/Sample_Project/Third_Party/SEGGER/SEGGER" -I"C:/Users/JadduVenkatesh/Desktop/FreeRTOS/RTOS_WorkSpace/Sample_Project/Third_Party/FreeRTOS/include" -I"C:/Users/JadduVenkatesh/Desktop/FreeRTOS/RTOS_WorkSpace/Sample_Project/Third_Party/FreeRTOS/portable/GCC/ARM_CM4F" -I"C:/Users/JadduVenkatesh/Desktop/FreeRTOS/RTOS_WorkSpace/Sample_Project/Third_Party/FreeRTOS" -I../Drivers/STM32F4xx_HAL_Driver/Inc -I../Drivers/STM32F4xx_HAL_Driver/Inc/Legacy -I../Drivers/CMSIS/Device/ST/STM32F4xx/Include -I../Drivers/CMSIS/Include -O0 -ffunction-sections -fdata-sections -Wall -fstack-usage -fcyclomatic-complexity -MMD -MP -MF"Third_Party/SEGGER/UART_Rec/segger_uart.d" -MT"Third_Party/SEGGER/UART_Rec/segger_uart.o" --specs=nano.specs -mfpu=fpv4-sp-d16 -mfloat-abi=hard -mthumb -o "Third_Party/SEGGER/UART_Rec/segger_uart.o"
arm-none-eabi-gcc "../Third_Party/SEGGER/SEGGER/Syscalls/SEGGER_RTT_Syscalls_GCC.c" -mcpu=cortex-m4 -std=gnu11 -g3 -DDEBUG -DUSE_HAL_DRIVER -DSTM32F446xx -c -I../Core/Inc -I"C:/Users/JadduVenkatesh/Desktop/FreeRTOS/RTOS_WorkSpace/Sample_Project/Third_Party/SEGGER/Config" -I"C:/Users/JadduVenkatesh/Desktop/FreeRTOS/RTOS_WorkSpace/Sample_Project/Third_Party/SEGGER/OS" -I"C:/Users/JadduVenkatesh/Desktop/FreeRTOS/RTOS_WorkSpace/Sample_Project/Third_Party/SEGGER/SEGGER" -I"C:/Users/JadduVenkatesh/Desktop/FreeRTOS/RTOS_WorkSpace/Sample_Project/Third_Party/FreeRTOS/include" -I"C:/Users/JadduVenkatesh/Desktop/FreeRTOS/RTOS_WorkSpace/Sample_Project/Third_Party/FreeRTOS/portable/GCC/ARM_CM4F" -I"C:/Users/JadduVenkatesh/Desktop/FreeRTOS/RTOS_WorkSpace/Sample_Project/Third_Party/FreeRTOS" -I../Drivers/STM32F4xx_HAL_Driver/Inc -I../Drivers/STM32F4xx_HAL_Driver/Inc/Legacy -I../Drivers/CMSIS/Device/ST/STM32F4xx/Include -I../Drivers/CMSIS/Include -O0 -ffunction-sections -fdata-sections -Wall -fstack-usage -fcyclomatic-complexity -MMD -MP -MF"Third_Party/SEGGER/SEGGER/Syscalls/SEGGER_RTT_Syscalls_GCC.d" -MT"Third_Party/SEGGER/SEGGER/Syscalls/SEGGER_RTT_Syscalls_GCC.o" --specs=nano.specs -mfpu=fpv4-sp-d16 -mfloat-abi=hard -mthumb -o "Third_Party/SEGGER/SEGGER/Syscalls/SEGGER_RTT_Syscalls_GCC.o"
arm-none-eabi-gcc "../Third_Party/SEGGER/SEGGER/SEGGER_RTT.c" -mcpu=cortex-m4 -std=gnu11 -g3 -DDEBUG -DUSE_HAL_DRIVER -DSTM32F446xx -c -I../Core/Inc -I"C:/Users/JadduVenkatesh/Desktop/FreeRTOS/RTOS_WorkSpace/Sample_Project/Third_Party/SEGGER/Config" -I"C:/Users/JadduVenkatesh/Desktop/FreeRTOS/RTOS_WorkSpace/Sample_Project/Third_Party/SEGGER/OS" -I"C:/Users/JadduVenkatesh/Desktop/FreeRTOS/RTOS_WorkSpace/Sample_Project/Third_Party/SEGGER/SEGGER" -I"C:/Users/JadduVenkatesh/Desktop/FreeRTOS/RTOS_WorkSpace/Sample_Project/Third_Party/FreeRTOS/include" -I"C:/Users/JadduVenkatesh/Desktop/FreeRTOS/RTOS_WorkSpace/Sample_Project/Third_Party/FreeRTOS/portable/GCC/ARM_CM4F" -I"C:/Users/JadduVenkatesh/Desktop/FreeRTOS/RTOS_WorkSpace/Sample_Project/Third_Party/FreeRTOS" -I../Drivers/STM32F4xx_HAL_Driver/Inc -I../Drivers/STM32F4xx_HAL_Driver/Inc/Legacy -I../Drivers/CMSIS/Device/ST/STM32F4xx/Include -I../Drivers/CMSIS/Include -O0 -ffunction-sections -fdata-sections -Wall -fstack-usage -fcyclomatic-complexity -MMD -MP -MF"Third_Party/SEGGER/SEGGER/SEGGER_RTT.d" -MT"Third_Party/SEGGER/SEGGER/SEGGER_RTT.o" --specs=nano.specs -mfpu=fpv4-sp-d16 -mfloat-abi=hard -mthumb -o "Third_Party/SEGGER/SEGGER/SEGGER_RTT.o"
arm-none-eabi-gcc -mcpu=cortex-m4 -g3 -DDEBUG -c -I"C:/Users/JadduVenkatesh/Desktop/FreeRTOS/RTOS_WorkSpace/Sample_Project/Third_Party/SEGGER/Config" -x assembler-with-cpp -MMD -MP -MF"Third_Party/SEGGER/SEGGER/SEGGER_RTT_ASM_ARMv7M.d" -MT"Third_Party/SEGGER/SEGGER/SEGGER_RTT_ASM_ARMv7M.o" --specs=nano.specs -mfpu=fpv4-sp-d16 -mfloat-abi=hard -mthumb -o "Third_Party/SEGGER/SEGGER/SEGGER_RTT_ASM_ARMv7M.o" "../Third_Party/SEGGER/SEGGER/SEGGER_RTT_ASM_ARMv7M.S"
arm-none-eabi-gcc "../Third_Party/SEGGER/SEGGER/SEGGER_RTT_printf.c" -mcpu=cortex-m4 -std=gnu11 -g3 -DDEBUG -DUSE_HAL_DRIVER -DSTM32F446xx -c -I../Core/Inc -I"C:/Users/JadduVenkatesh/Desktop/FreeRTOS/RTOS_WorkSpace/Sample_Project/Third_Party/SEGGER/Config" -I"C:/Users/JadduVenkatesh/Desktop/FreeRTOS/RTOS_WorkSpace/Sample_Project/Third_Party/SEGGER/OS" -I"C:/Users/JadduVenkatesh/Desktop/FreeRTOS/RTOS_WorkSpace/Sample_Project/Third_Party/SEGGER/SEGGER" -I"C:/Users/JadduVenkatesh/Desktop/FreeRTOS/RTOS_WorkSpace/Sample_Project/Third_Party/FreeRTOS/include" -I"C:/Users/JadduVenkatesh/Desktop/FreeRTOS/RTOS_WorkSpace/Sample_Project/Third_Party/FreeRTOS/portable/GCC/ARM_CM4F" -I"C:/Users/JadduVenkatesh/Desktop/FreeRTOS/RTOS_WorkSpace/Sample_Project/Third_Party/FreeRTOS" -I../Drivers/STM32F4xx_HAL_Driver/Inc -I../Drivers/STM32F4xx_HAL_Driver/Inc/Legacy -I../Drivers/CMSIS/Device/ST/STM32F4xx/Include -I../Drivers/CMSIS/Include -O0 -ffunction-sections -fdata-sections -Wall -fstack-usage -fcyclomatic-complexity -MMD -MP -MF"Third_Party/SEGGER/SEGGER/SEGGER_RTT_printf.d" -MT"Third_Party/SEGGER/SEGGER/SEGGER_RTT_printf.o" --specs=nano.specs -mfpu=fpv4-sp-d16 -mfloat-abi=hard -mthumb -o "Third_Party/SEGGER/SEGGER/SEGGER_RTT_printf.o"
arm-none-eabi-gcc "../Third_Party/SEGGER/SEGGER/SEGGER_SYSVIEW.c" -mcpu=cortex-m4 -std=gnu11 -g3 -DDEBUG -DUSE_HAL_DRIVER -DSTM32F446xx -c -I../Core/Inc -I"C:/Users/JadduVenkatesh/Desktop/FreeRTOS/RTOS_WorkSpace/Sample_Project/Third_Party/SEGGER/Config" -I"C:/Users/JadduVenkatesh/Desktop/FreeRTOS/RTOS_WorkSpace/Sample_Project/Third_Party/SEGGER/OS" -I"C:/Users/JadduVenkatesh/Desktop/FreeRTOS/RTOS_WorkSpace/Sample_Project/Third_Party/SEGGER/SEGGER" -I"C:/Users/JadduVenkatesh/Desktop/FreeRTOS/RTOS_WorkSpace/Sample_Project/Third_Party/FreeRTOS/include" -I"C:/Users/JadduVenkatesh/Desktop/FreeRTOS/RTOS_WorkSpace/Sample_Project/Third_Party/FreeRTOS/portable/GCC/ARM_CM4F" -I"C:/Users/JadduVenkatesh/Desktop/FreeRTOS/RTOS_WorkSpace/Sample_Project/Third_Party/FreeRTOS" -I../Drivers/STM32F4xx_HAL_Driver/Inc -I../Drivers/STM32F4xx_HAL_Driver/Inc/Legacy -I../Drivers/CMSIS/Device/ST/STM32F4xx/Include -I../Drivers/CMSIS/Include -O0 -ffunction-sections -fdata-sections -Wall -fstack-usage -fcyclomatic-complexity -MMD -MP -MF"Third_Party/SEGGER/SEGGER/SEGGER_SYSVIEW.d" -MT"Third_Party/SEGGER/SEGGER/SEGGER_SYSVIEW.o" --specs=nano.specs -mfpu=fpv4-sp-d16 -mfloat-abi=hard -mthumb -o "Third_Party/SEGGER/SEGGER/SEGGER_SYSVIEW.o"
arm-none-eabi-gcc "../Third_Party/SEGGER/OS/SEGGER_SYSVIEW_FreeRTOS.c" -mcpu=cortex-m4 -std=gnu11 -g3 -DDEBUG -DUSE_HAL_DRIVER -DSTM32F446xx -c -I../Core/Inc -I"C:/Users/JadduVenkatesh/Desktop/FreeRTOS/RTOS_WorkSpace/Sample_Project/Third_Party/SEGGER/Config" -I"C:/Users/JadduVenkatesh/Desktop/FreeRTOS/RTOS_WorkSpace/Sample_Project/Third_Party/SEGGER/OS" -I"C:/Users/JadduVenkatesh/Desktop/FreeRTOS/RTOS_WorkSpace/Sample_Project/Third_Party/SEGGER/SEGGER" -I"C:/Users/JadduVenkatesh/Desktop/FreeRTOS/RTOS_WorkSpace/Sample_Project/Third_Party/FreeRTOS/include" -I"C:/Users/JadduVenkatesh/Desktop/FreeRTOS/RTOS_WorkSpace/Sample_Project/Third_Party/FreeRTOS/portable/GCC/ARM_CM4F" -I"C:/Users/JadduVenkatesh/Desktop/FreeRTOS/RTOS_WorkSpace/Sample_Project/Third_Party/FreeRTOS" -I../Drivers/STM32F4xx_HAL_Driver/Inc -I../Drivers/STM32F4xx_HAL_Driver/Inc/Legacy -I../Drivers/CMSIS/Device/ST/STM32F4xx/Include -I../Drivers/CMSIS/Include -O0 -ffunction-sections -fdata-sections -Wall -fstack-usage -fcyclomatic-complexity -MMD -MP -MF"Third_Party/SEGGER/OS/SEGGER_SYSVIEW_FreeRTOS.d" -MT"Third_Party/SEGGER/OS/SEGGER_SYSVIEW_FreeRTOS.o" --specs=nano.specs -mfpu=fpv4-sp-d16 -mfloat-abi=hard -mthumb -o "Third_Party/SEGGER/OS/SEGGER_SYSVIEW_FreeRTOS.o"
arm-none-eabi-gcc "../Third_Party/SEGGER/Config/SEGGER_SYSVIEW_Config_FreeRTOS.c" -mcpu=cortex-m4 -std=gnu11 -g3 -DDEBUG -DUSE_HAL_DRIVER -DSTM32F446xx -c -I../Core/Inc -I"C:/Users/JadduVenkatesh/Desktop/FreeRTOS/RTOS_WorkSpace/Sample_Project/Third_Party/SEGGER/Config" -I"C:/Users/JadduVenkatesh/Desktop/FreeRTOS/RTOS_WorkSpace/Sample_Project/Third_Party/SEGGER/OS" -I"C:/Users/JadduVenkatesh/Desktop/FreeRTOS/RTOS_WorkSpace/Sample_Project/Third_Party/SEGGER/SEGGER" -I"C:/Users/JadduVenkatesh/Desktop/FreeRTOS/RTOS_WorkSpace/Sample_Project/Third_Party/FreeRTOS/include" -I"C:/Users/JadduVenkatesh/Desktop/FreeRTOS/RTOS_WorkSpace/Sample_Project/Third_Party/FreeRTOS/portable/GCC/ARM_CM4F" -I"C:/Users/JadduVenkatesh/Desktop/FreeRTOS/RTOS_WorkSpace/Sample_Project/Third_Party/FreeRTOS" -I../Drivers/STM32F4xx_HAL_Driver/Inc -I../Drivers/STM32F4xx_HAL_Driver/Inc/Legacy -I../Drivers/CMSIS/Device/ST/STM32F4xx/Include -I../Drivers/CMSIS/Include -O0 -ffunction-sections -fdata-sections -Wall -fstack-usage -fcyclomatic-complexity -MMD -MP -MF"Third_Party/SEGGER/Config/SEGGER_SYSVIEW_Config_FreeRTOS.d" -MT"Third_Party/SEGGER/Config/SEGGER_SYSVIEW_Config_FreeRTOS.o" --specs=nano.specs -mfpu=fpv4-sp-d16 -mfloat-abi=hard -mthumb -o "Third_Party/SEGGER/Config/SEGGER_SYSVIEW_Config_FreeRTOS.o"
arm-none-eabi-gcc "../Third_Party/FreeRTOS/portable/MemMang/heap_4.c" -mcpu=cortex-m4 -std=gnu11 -g3 -DDEBUG -DUSE_HAL_DRIVER -DSTM32F446xx -c -I../Core/Inc -I"C:/Users/JadduVenkatesh/Desktop/FreeRTOS/RTOS_WorkSpace/Sample_Project/Third_Party/SEGGER/Config" -I"C:/Users/JadduVenkatesh/Desktop/FreeRTOS/RTOS_WorkSpace/Sample_Project/Third_Party/SEGGER/OS" -I"C:/Users/JadduVenkatesh/Desktop/FreeRTOS/RTOS_WorkSpace/Sample_Project/Third_Party/SEGGER/SEGGER" -I"C:/Users/JadduVenkatesh/Desktop/FreeRTOS/RTOS_WorkSpace/Sample_Project/Third_Party/FreeRTOS/include" -I"C:/Users/JadduVenkatesh/Desktop/FreeRTOS/RTOS_WorkSpace/Sample_Project/Third_Party/FreeRTOS/portable/GCC/ARM_CM4F" -I"C:/Users/JadduVenkatesh/Desktop/FreeRTOS/RTOS_WorkSpace/Sample_Project/Third_Party/FreeRTOS" -I../Drivers/STM32F4xx_HAL_Driver/Inc -I../Drivers/STM32F4xx_HAL_Driver/Inc/Legacy -I../Drivers/CMSIS/Device/ST/STM32F4xx/Include -I../Drivers/CMSIS/Include -O0 -ffunction-sections -fdata-sections -Wall -fstack-usage -fcyclomatic-complexity -MMD -MP -MF"Third_Party/FreeRTOS/portable/MemMang/heap_4.d" -MT"Third_Party/FreeRTOS/portable/MemMang/heap_4.o" --specs=nano.specs -mfpu=fpv4-sp-d16 -mfloat-abi=hard -mthumb -o "Third_Party/FreeRTOS/portable/MemMang/heap_4.o"
arm-none-eabi-gcc "../Third_Party/FreeRTOS/portable/GCC/ARM_CM4F/port.c" -mcpu=cortex-m4 -std=gnu11 -g3 -DDEBUG -DUSE_HAL_DRIVER -DSTM32F446xx -c -I../Core/Inc -I"C:/Users/JadduVenkatesh/Desktop/FreeRTOS/RTOS_WorkSpace/Sample_Project/Third_Party/SEGGER/Config" -I"C:/Users/JadduVenkatesh/Desktop/FreeRTOS/RTOS_WorkSpace/Sample_Project/Third_Party/SEGGER/OS" -I"C:/Users/JadduVenkatesh/Desktop/FreeRTOS/RTOS_WorkSpace/Sample_Project/Third_Party/SEGGER/SEGGER" -I"C:/Users/JadduVenkatesh/Desktop/FreeRTOS/RTOS_WorkSpace/Sample_Project/Third_Party/FreeRTOS/include" -I"C:/Users/JadduVenkatesh/Desktop/FreeRTOS/RTOS_WorkSpace/Sample_Project/Third_Party/FreeRTOS/portable/GCC/ARM_CM4F" -I"C:/Users/JadduVenkatesh/Desktop/FreeRTOS/RTOS_WorkSpace/Sample_Project/Third_Party/FreeRTOS" -I../Drivers/STM32F4xx_HAL_Driver/Inc -I../Drivers/STM32F4xx_HAL_Driver/Inc/Legacy -I../Drivers/CMSIS/Device/ST/STM32F4xx/Include -I../Drivers/CMSIS/Include -O0 -ffunction-sections -fdata-sections -Wall -fstack-usage -fcyclomatic-complexity -MMD -MP -MF"Third_Party/FreeRTOS/portable/GCC/ARM_CM4F/port.d" -MT"Third_Party/FreeRTOS/portable/GCC/ARM_CM4F/port.o" --specs=nano.specs -mfpu=fpv4-sp-d16 -mfloat-abi=hard -mthumb -o "Third_Party/FreeRTOS/portable/GCC/ARM_CM4F/port.o"
arm-none-eabi-gcc "../Third_Party/FreeRTOS/croutine.c" -mcpu=cortex-m4 -std=gnu11 -g3 -DDEBUG -DUSE_HAL_DRIVER -DSTM32F446xx -c -I../Core/Inc -I"C:/Users/JadduVenkatesh/Desktop/FreeRTOS/RTOS_WorkSpace/Sample_Project/Third_Party/SEGGER/Config" -I"C:/Users/JadduVenkatesh/Desktop/FreeRTOS/RTOS_WorkSpace/Sample_Project/Third_Party/SEGGER/OS" -I"C:/Users/JadduVenkatesh/Desktop/FreeRTOS/RTOS_WorkSpace/Sample_Project/Third_Party/SEGGER/SEGGER" -I"C:/Users/JadduVenkatesh/Desktop/FreeRTOS/RTOS_WorkSpace/Sample_Project/Third_Party/FreeRTOS/include" -I"C:/Users/JadduVenkatesh/Desktop/FreeRTOS/RTOS_WorkSpace/Sample_Project/Third_Party/FreeRTOS/portable/GCC/ARM_CM4F" -I"C:/Users/JadduVenkatesh/Desktop/FreeRTOS/RTOS_WorkSpace/Sample_Project/Third_Party/FreeRTOS" -I../Drivers/STM32F4xx_HAL_Driver/Inc -I../Drivers/STM32F4xx_HAL_Driver/Inc/Legacy -I../Drivers/CMSIS/Device/ST/STM32F4xx/Include -I../Drivers/CMSIS/Include -O0 -ffunction-sections -fdata-sections -Wall -fstack-usage -fcyclomatic-complexity -MMD -MP -MF"Third_Party/FreeRTOS/croutine.d" -MT"Third_Party/FreeRTOS/croutine.o" --specs=nano.specs -mfpu=fpv4-sp-d16 -mfloat-abi=hard -mthumb -o "Third_Party/FreeRTOS/croutine.o"
arm-none-eabi-gcc "../Third_Party/FreeRTOS/event_groups.c" -mcpu=cortex-m4 -std=gnu11 -g3 -DDEBUG -DUSE_HAL_DRIVER -DSTM32F446xx -c -I../Core/Inc -I"C:/Users/JadduVenkatesh/Desktop/FreeRTOS/RTOS_WorkSpace/Sample_Project/Third_Party/SEGGER/Config" -I"C:/Users/JadduVenkatesh/Desktop/FreeRTOS/RTOS_WorkSpace/Sample_Project/Third_Party/SEGGER/OS" -I"C:/Users/JadduVenkatesh/Desktop/FreeRTOS/RTOS_WorkSpace/Sample_Project/Third_Party/SEGGER/SEGGER" -I"C:/Users/JadduVenkatesh/Desktop/FreeRTOS/RTOS_WorkSpace/Sample_Project/Third_Party/FreeRTOS/include" -I"C:/Users/JadduVenkatesh/Desktop/FreeRTOS/RTOS_WorkSpace/Sample_Project/Third_Party/FreeRTOS/portable/GCC/ARM_CM4F" -I"C:/Users/JadduVenkatesh/Desktop/FreeRTOS/RTOS_WorkSpace/Sample_Project/Third_Party/FreeRTOS" -I../Drivers/STM32F4xx_HAL_Driver/Inc -I../Drivers/STM32F4xx_HAL_Driver/Inc/Legacy -I../Drivers/CMSIS/Device/ST/STM32F4xx/Include -I../Drivers/CMSIS/Include -O0 -ffunction-sections -fdata-sections -Wall -fstack-usage -fcyclomatic-complexity -MMD -MP -MF"Third_Party/FreeRTOS/event_groups.d" -MT"Third_Party/FreeRTOS/event_groups.o" --specs=nano.specs -mfpu=fpv4-sp-d16 -mfloat-abi=hard -mthumb -o "Third_Party/FreeRTOS/event_groups.o"
arm-none-eabi-gcc "../Third_Party/FreeRTOS/list.c" -mcpu=cortex-m4 -std=gnu11 -g3 -DDEBUG -DUSE_HAL_DRIVER -DSTM32F446xx -c -I../Core/Inc -I"C:/Users/JadduVenkatesh/Desktop/FreeRTOS/RTOS_WorkSpace/Sample_Project/Third_Party/SEGGER/Config" -I"C:/Users/JadduVenkatesh/Desktop/FreeRTOS/RTOS_WorkSpace/Sample_Project/Third_Party/SEGGER/OS" -I"C:/Users/JadduVenkatesh/Desktop/FreeRTOS/RTOS_WorkSpace/Sample_Project/Third_Party/SEGGER/SEGGER" -I"C:/Users/JadduVenkatesh/Desktop/FreeRTOS/RTOS_WorkSpace/Sample_Project/Third_Party/FreeRTOS/include" -I"C:/Users/JadduVenkatesh/Desktop/FreeRTOS/RTOS_WorkSpace/Sample_Project/Third_Party/FreeRTOS/portable/GCC/ARM_CM4F" -I"C:/Users/JadduVenkatesh/Desktop/FreeRTOS/RTOS_WorkSpace/Sample_Project/Third_Party/FreeRTOS" -I../Drivers/STM32F4xx_HAL_Driver/Inc -I../Drivers/STM32F4xx_HAL_Driver/Inc/Legacy -I../Drivers/CMSIS/Device/ST/STM32F4xx/Include -I../Drivers/CMSIS/Include -O0 -ffunction-sections -fdata-sections -Wall -fstack-usage -fcyclomatic-complexity -MMD -MP -MF"Third_Party/FreeRTOS/list.d" -MT"Third_Party/FreeRTOS/list.o" --specs=nano.specs -mfpu=fpv4-sp-d16 -mfloat-abi=hard -mthumb -o "Third_Party/FreeRTOS/list.o"
arm-none-eabi-gcc "../Third_Party/FreeRTOS/queue.c" -mcpu=cortex-m4 -std=gnu11 -g3 -DDEBUG -DUSE_HAL_DRIVER -DSTM32F446xx -c -I../Core/Inc -I"C:/Users/JadduVenkatesh/Desktop/FreeRTOS/RTOS_WorkSpace/Sample_Project/Third_Party/SEGGER/Config" -I"C:/Users/JadduVenkatesh/Desktop/FreeRTOS/RTOS_WorkSpace/Sample_Project/Third_Party/SEGGER/OS" -I"C:/Users/JadduVenkatesh/Desktop/FreeRTOS/RTOS_WorkSpace/Sample_Project/Third_Party/SEGGER/SEGGER" -I"C:/Users/JadduVenkatesh/Desktop/FreeRTOS/RTOS_WorkSpace/Sample_Project/Third_Party/FreeRTOS/include" -I"C:/Users/JadduVenkatesh/Desktop/FreeRTOS/RTOS_WorkSpace/Sample_Project/Third_Party/FreeRTOS/portable/GCC/ARM_CM4F" -I"C:/Users/JadduVenkatesh/Desktop/FreeRTOS/RTOS_WorkSpace/Sample_Project/Third_Party/FreeRTOS" -I../Drivers/STM32F4xx_HAL_Driver/Inc -I../Drivers/STM32F4xx_HAL_Driver/Inc/Legacy -I../Drivers/CMSIS/Device/ST/STM32F4xx/Include -I../Drivers/CMSIS/Include -O0 -ffunction-sections -fdata-sections -Wall -fstack-usage -fcyclomatic-complexity -MMD -MP -MF"Third_Party/FreeRTOS/queue.d" -MT"Third_Party/FreeRTOS/queue.o" --specs=nano.specs -mfpu=fpv4-sp-d16 -mfloat-abi=hard -mthumb -o "Third_Party/FreeRTOS/queue.o"
arm-none-eabi-gcc "../Third_Party/FreeRTOS/stream_buffer.c" -mcpu=cortex-m4 -std=gnu11 -g3 -DDEBUG -DUSE_HAL_DRIVER -DSTM32F446xx -c -I../Core/Inc -I"C:/Users/JadduVenkatesh/Desktop/FreeRTOS/RTOS_WorkSpace/Sample_Project/Third_Party/SEGGER/Config" -I"C:/Users/JadduVenkatesh/Desktop/FreeRTOS/RTOS_WorkSpace/Sample_Project/Third_Party/SEGGER/OS" -I"C:/Users/JadduVenkatesh/Desktop/FreeRTOS/RTOS_WorkSpace/Sample_Project/Third_Party/SEGGER/SEGGER" -I"C:/Users/JadduVenkatesh/Desktop/FreeRTOS/RTOS_WorkSpace/Sample_Project/Third_Party/FreeRTOS/include" -I"C:/Users/JadduVenkatesh/Desktop/FreeRTOS/RTOS_WorkSpace/Sample_Project/Third_Party/FreeRTOS/portable/GCC/ARM_CM4F" -I"C:/Users/JadduVenkatesh/Desktop/FreeRTOS/RTOS_WorkSpace/Sample_Project/Third_Party/FreeRTOS" -I../Drivers/STM32F4xx_HAL_Driver/Inc -I../Drivers/STM32F4xx_HAL_Driver/Inc/Legacy -I../Drivers/CMSIS/Device/ST/STM32F4xx/Include -I../Drivers/CMSIS/Include -O0 -ffunction-sections -fdata-sections -Wall -fstack-usage -fcyclomatic-complexity -MMD -MP -MF"Third_Party/FreeRTOS/stream_buffer.d" -MT"Third_Party/FreeRTOS/stream_buffer.o" --specs=nano.specs -mfpu=fpv4-sp-d16 -mfloat-abi=hard -mthumb -o "Third_Party/FreeRTOS/stream_buffer.o"
arm-none-eabi-gcc "../Third_Party/FreeRTOS/tasks.c" -mcpu=cortex-m4 -std=gnu11 -g3 -DDEBUG -DUSE_HAL_DRIVER -DSTM32F446xx -c -I../Core/Inc -I"C:/Users/JadduVenkatesh/Desktop/FreeRTOS/RTOS_WorkSpace/Sample_Project/Third_Party/SEGGER/Config" -I"C:/Users/JadduVenkatesh/Desktop/FreeRTOS/RTOS_WorkSpace/Sample_Project/Third_Party/SEGGER/OS" -I"C:/Users/JadduVenkatesh/Desktop/FreeRTOS/RTOS_WorkSpace/Sample_Project/Third_Party/SEGGER/SEGGER" -I"C:/Users/JadduVenkatesh/Desktop/FreeRTOS/RTOS_WorkSpace/Sample_Project/Third_Party/FreeRTOS/include" -I"C:/Users/JadduVenkatesh/Desktop/FreeRTOS/RTOS_WorkSpace/Sample_Project/Third_Party/FreeRTOS/portable/GCC/ARM_CM4F" -I"C:/Users/JadduVenkatesh/Desktop/FreeRTOS/RTOS_WorkSpace/Sample_Project/Third_Party/FreeRTOS" -I../Drivers/STM32F4xx_HAL_Driver/Inc -I../Drivers/STM32F4xx_HAL_Driver/Inc/Legacy -I../Drivers/CMSIS/Device/ST/STM32F4xx/Include -I../Drivers/CMSIS/Include -O0 -ffunction-sections -fdata-sections -Wall -fstack-usage -fcyclomatic-complexity -MMD -MP -MF"Third_Party/FreeRTOS/tasks.d" -MT"Third_Party/FreeRTOS/tasks.o" --specs=nano.specs -mfpu=fpv4-sp-d16 -mfloat-abi=hard -mthumb -o "Third_Party/FreeRTOS/tasks.o"
arm-none-eabi-gcc "../Third_Party/FreeRTOS/timers.c" -mcpu=cortex-m4 -std=gnu11 -g3 -DDEBUG -DUSE_HAL_DRIVER -DSTM32F446xx -c -I../Core/Inc -I"C:/Users/JadduVenkatesh/Desktop/FreeRTOS/RTOS_WorkSpace/Sample_Project/Third_Party/SEGGER/Config" -I"C:/Users/JadduVenkatesh/Desktop/FreeRTOS/RTOS_WorkSpace/Sample_Project/Third_Party/SEGGER/OS" -I"C:/Users/JadduVenkatesh/Desktop/FreeRTOS/RTOS_WorkSpace/Sample_Project/Third_Party/SEGGER/SEGGER" -I"C:/Users/JadduVenkatesh/Desktop/FreeRTOS/RTOS_WorkSpace/Sample_Project/Third_Party/FreeRTOS/include" -I"C:/Users/JadduVenkatesh/Desktop/FreeRTOS/RTOS_WorkSpace/Sample_Project/Third_Party/FreeRTOS/portable/GCC/ARM_CM4F" -I"C:/Users/JadduVenkatesh/Desktop/FreeRTOS/RTOS_WorkSpace/Sample_Project/Third_Party/FreeRTOS" -I../Drivers/STM32F4xx_HAL_Driver/Inc -I../Drivers/STM32F4xx_HAL_Driver/Inc/Legacy -I../Drivers/CMSIS/Device/ST/STM32F4xx/Include -I../Drivers/CMSIS/Include -O0 -ffunction-sections -fdata-sections -Wall -fstack-usage -fcyclomatic-complexity -MMD -MP -MF"Third_Party/FreeRTOS/timers.d" -MT"Third_Party/FreeRTOS/timers.o" --specs=nano.specs -mfpu=fpv4-sp-d16 -mfloat-abi=hard -mthumb -o "Third_Party/FreeRTOS/timers.o"
arm-none-eabi-gcc "../Drivers/STM32F4xx_HAL_Driver/Src/stm32f4xx_hal.c" -mcpu=cortex-m4 -std=gnu11 -g3 -DDEBUG -DUSE_HAL_DRIVER -DSTM32F446xx -c -I../Core/Inc -I"C:/Users/JadduVenkatesh/Desktop/FreeRTOS/RTOS_WorkSpace/Sample_Project/Third_Party/SEGGER/Config" -I"C:/Users/JadduVenkatesh/Desktop/FreeRTOS/RTOS_WorkSpace/Sample_Project/Third_Party/SEGGER/OS" -I"C:/Users/JadduVenkatesh/Desktop/FreeRTOS/RTOS_WorkSpace/Sample_Project/Third_Party/SEGGER/SEGGER" -I"C:/Users/JadduVenkatesh/Desktop/FreeRTOS/RTOS_WorkSpace/Sample_Project/Third_Party/FreeRTOS/include" -I"C:/Users/JadduVenkatesh/Desktop/FreeRTOS/RTOS_WorkSpace/Sample_Project/Third_Party/FreeRTOS/portable/GCC/ARM_CM4F" -I"C:/Users/JadduVenkatesh/Desktop/FreeRTOS/RTOS_WorkSpace/Sample_Project/Third_Party/FreeRTOS" -I../Drivers/STM32F4xx_HAL_Driver/Inc -I../Drivers/STM32F4xx_HAL_Driver/Inc/Legacy -I../Drivers/CMSIS/Device/ST/STM32F4xx/Include -I../Drivers/CMSIS/Include -O0 -ffunction-sections -fdata-sections -Wall -fstack-usage -fcyclomatic-complexity -MMD -MP -MF"Drivers/STM32F4xx_HAL_Driver/Src/stm32f4xx_hal.d" -MT"Drivers/STM32F4xx_HAL_Driver/Src/stm32f4xx_hal.o" --specs=nano.specs -mfpu=fpv4-sp-d16 -mfloat-abi=hard -mthumb -o "Drivers/STM32F4xx_HAL_Driver/Src/stm32f4xx_hal.o"
arm-none-eabi-gcc "../Drivers/STM32F4xx_HAL_Driver/Src/stm32f4xx_hal_cortex.c" -mcpu=cortex-m4 -std=gnu11 -g3 -DDEBUG -DUSE_HAL_DRIVER -DSTM32F446xx -c -I../Core/Inc -I"C:/Users/JadduVenkatesh/Desktop/FreeRTOS/RTOS_WorkSpace/Sample_Project/Third_Party/SEGGER/Config" -I"C:/Users/JadduVenkatesh/Desktop/FreeRTOS/RTOS_WorkSpace/Sample_Project/Third_Party/SEGGER/OS" -I"C:/Users/JadduVenkatesh/Desktop/FreeRTOS/RTOS_WorkSpace/Sample_Project/Third_Party/SEGGER/SEGGER" -I"C:/Users/JadduVenkatesh/Desktop/FreeRTOS/RTOS_WorkSpace/Sample_Project/Third_Party/FreeRTOS/include" -I"C:/Users/JadduVenkatesh/Desktop/FreeRTOS/RTOS_WorkSpace/Sample_Project/Third_Party/FreeRTOS/portable/GCC/ARM_CM4F" -I"C:/Users/JadduVenkatesh/Desktop/FreeRTOS/RTOS_WorkSpace/Sample_Project/Third_Party/FreeRTOS" -I../Drivers/STM32F4xx_HAL_Driver/Inc -I../Drivers/STM32F4xx_HAL_Driver/Inc/Legacy -I../Drivers/CMSIS/Device/ST/STM32F4xx/Include -I../Drivers/CMSIS/Include -O0 -ffunction-sections -fdata-sections -Wall -fstack-usage -fcyclomatic-complexity -MMD -MP -MF"Drivers/STM32F4xx_HAL_Driver/Src/stm32f4xx_hal_cortex.d" -MT"Drivers/STM32F4xx_HAL_Driver/Src/stm32f4xx_hal_cortex.o" --specs=nano.specs -mfpu=fpv4-sp-d16 -mfloat-abi=hard -mthumb -o "Drivers/STM32F4xx_HAL_Driver/Src/stm32f4xx_hal_cortex.o"
arm-none-eabi-gcc "../Drivers/STM32F4xx_HAL_Driver/Src/stm32f4xx_hal_dma.c" -mcpu=cortex-m4 -std=gnu11 -g3 -DDEBUG -DUSE_HAL_DRIVER -DSTM32F446xx -c -I../Core/Inc -I"C:/Users/JadduVenkatesh/Desktop/FreeRTOS/RTOS_WorkSpace/Sample_Project/Third_Party/SEGGER/Config" -I"C:/Users/JadduVenkatesh/Desktop/FreeRTOS/RTOS_WorkSpace/Sample_Project/Third_Party/SEGGER/OS" -I"C:/Users/JadduVenkatesh/Desktop/FreeRTOS/RTOS_WorkSpace/Sample_Project/Third_Party/SEGGER/SEGGER" -I"C:/Users/JadduVenkatesh/Desktop/FreeRTOS/RTOS_WorkSpace/Sample_Project/Third_Party/FreeRTOS/include" -I"C:/Users/JadduVenkatesh/Desktop/FreeRTOS/RTOS_WorkSpace/Sample_Project/Third_Party/FreeRTOS/portable/GCC/ARM_CM4F" -I"C:/Users/JadduVenkatesh/Desktop/FreeRTOS/RTOS_WorkSpace/Sample_Project/Third_Party/FreeRTOS" -I../Drivers/STM32F4xx_HAL_Driver/Inc -I../Drivers/STM32F4xx_HAL_Driver/Inc/Legacy -I../Drivers/CMSIS/Device/ST/STM32F4xx/Include -I../Drivers/CMSIS/Include -O0 -ffunction-sections -fdata-sections -Wall -fstack-usage -fcyclomatic-complexity -MMD -MP -MF"Drivers/STM32F4xx_HAL_Driver/Src/stm32f4xx_hal_dma.d" -MT"Drivers/STM32F4xx_HAL_Driver/Src/stm32f4xx_hal_dma.o" --specs=nano.specs -mfpu=fpv4-sp-d16 -mfloat-abi=hard -mthumb -o "Drivers/STM32F4xx_HAL_Driver/Src/stm32f4xx_hal_dma.o"
arm-none-eabi-gcc "../Drivers/STM32F4xx_HAL_Driver/Src/stm32f4xx_hal_dma_ex.c" -mcpu=cortex-m4 -std=gnu11 -g3 -DDEBUG -DUSE_HAL_DRIVER -DSTM32F446xx -c -I../Core/Inc -I"C:/Users/JadduVenkatesh/Desktop/FreeRTOS/RTOS_WorkSpace/Sample_Project/Third_Party/SEGGER/Config" -I"C:/Users/JadduVenkatesh/Desktop/FreeRTOS/RTOS_WorkSpace/Sample_Project/Third_Party/SEGGER/OS" -I"C:/Users/JadduVenkatesh/Desktop/FreeRTOS/RTOS_WorkSpace/Sample_Project/Third_Party/SEGGER/SEGGER" -I"C:/Users/JadduVenkatesh/Desktop/FreeRTOS/RTOS_WorkSpace/Sample_Project/Third_Party/FreeRTOS/include" -I"C:/Users/JadduVenkatesh/Desktop/FreeRTOS/RTOS_WorkSpace/Sample_Project/Third_Party/FreeRTOS/portable/GCC/ARM_CM4F" -I"C:/Users/JadduVenkatesh/Desktop/FreeRTOS/RTOS_WorkSpace/Sample_Project/Third_Party/FreeRTOS" -I../Drivers/STM32F4xx_HAL_Driver/Inc -I../Drivers/STM32F4xx_HAL_Driver/Inc/Legacy -I../Drivers/CMSIS/Device/ST/STM32F4xx/Include -I../Drivers/CMSIS/Include -O0 -ffunction-sections -fdata-sections -Wall -fstack-usage -fcyclomatic-complexity -MMD -MP -MF"Drivers/STM32F4xx_HAL_Driver/Src/stm32f4xx_hal_dma_ex.d" -MT"Drivers/STM32F4xx_HAL_Driver/Src/stm32f4xx_hal_dma_ex.o" --specs=nano.specs -mfpu=fpv4-sp-d16 -mfloat-abi=hard -mthumb -o "Drivers/STM32F4xx_HAL_Driver/Src/stm32f4xx_hal_dma_ex.o"
arm-none-eabi-gcc "../Drivers/STM32F4xx_HAL_Driver/Src/stm32f4xx_hal_exti.c" -mcpu=cortex-m4 -std=gnu11 -g3 -DDEBUG -DUSE_HAL_DRIVER -DSTM32F446xx -c -I../Core/Inc -I"C:/Users/JadduVenkatesh/Desktop/FreeRTOS/RTOS_WorkSpace/Sample_Project/Third_Party/SEGGER/Config" -I"C:/Users/JadduVenkatesh/Desktop/FreeRTOS/RTOS_WorkSpace/Sample_Project/Third_Party/SEGGER/OS" -I"C:/Users/JadduVenkatesh/Desktop/FreeRTOS/RTOS_WorkSpace/Sample_Project/Third_Party/SEGGER/SEGGER" -I"C:/Users/JadduVenkatesh/Desktop/FreeRTOS/RTOS_WorkSpace/Sample_Project/Third_Party/FreeRTOS/include" -I"C:/Users/JadduVenkatesh/Desktop/FreeRTOS/RTOS_WorkSpace/Sample_Project/Third_Party/FreeRTOS/portable/GCC/ARM_CM4F" -I"C:/Users/JadduVenkatesh/Desktop/FreeRTOS/RTOS_WorkSpace/Sample_Project/Third_Party/FreeRTOS" -I../Drivers/STM32F4xx_HAL_Driver/Inc -I../Drivers/STM32F4xx_HAL_Driver/Inc/Legacy -I../Drivers/CMSIS/Device/ST/STM32F4xx/Include -I../Drivers/CMSIS/Include -O0 -ffunction-sections -fdata-sections -Wall -fstack-usage -fcyclomatic-complexity -MMD -MP -MF"Drivers/STM32F4xx_HAL_Driver/Src/stm32f4xx_hal_exti.d" -MT"Drivers/STM32F4xx_HAL_Driver/Src/stm32f4xx_hal_exti.o" --specs=nano.specs -mfpu=fpv4-sp-d16 -mfloat-abi=hard -mthumb -o "Drivers/STM32F4xx_HAL_Driver/Src/stm32f4xx_hal_exti.o"
arm-none-eabi-gcc "../Drivers/STM32F4xx_HAL_Driver/Src/stm32f4xx_hal_flash.c" -mcpu=cortex-m4 -std=gnu11 -g3 -DDEBUG -DUSE_HAL_DRIVER -DSTM32F446xx -c -I../Core/Inc -I"C:/Users/JadduVenkatesh/Desktop/FreeRTOS/RTOS_WorkSpace/Sample_Project/Third_Party/SEGGER/Config" -I"C:/Users/JadduVenkatesh/Desktop/FreeRTOS/RTOS_WorkSpace/Sample_Project/Third_Party/SEGGER/OS" -I"C:/Users/JadduVenkatesh/Desktop/FreeRTOS/RTOS_WorkSpace/Sample_Project/Third_Party/SEGGER/SEGGER" -I"C:/Users/JadduVenkatesh/Desktop/FreeRTOS/RTOS_WorkSpace/Sample_Project/Third_Party/FreeRTOS/include" -I"C:/Users/JadduVenkatesh/Desktop/FreeRTOS/RTOS_WorkSpace/Sample_Project/Third_Party/FreeRTOS/portable/GCC/ARM_CM4F" -I"C:/Users/JadduVenkatesh/Desktop/FreeRTOS/RTOS_WorkSpace/Sample_Project/Third_Party/FreeRTOS" -I../Drivers/STM32F4xx_HAL_Driver/Inc -I../Drivers/STM32F4xx_HAL_Driver/Inc/Legacy -I../Drivers/CMSIS/Device/ST/STM32F4xx/Include -I../Drivers/CMSIS/Include -O0 -ffunction-sections -fdata-sections -Wall -fstack-usage -fcyclomatic-complexity -MMD -MP -MF"Drivers/STM32F4xx_HAL_Driver/Src/stm32f4xx_hal_flash.d" -MT"Drivers/STM32F4xx_HAL_Driver/Src/stm32f4xx_hal_flash.o" --specs=nano.specs -mfpu=fpv4-sp-d16 -mfloat-abi=hard -mthumb -o "Drivers/STM32F4xx_HAL_Driver/Src/stm32f4xx_hal_flash.o"
arm-none-eabi-gcc "../Drivers/STM32F4xx_HAL_Driver/Src/stm32f4xx_hal_flash_ex.c" -mcpu=cortex-m4 -std=gnu11 -g3 -DDEBUG -DUSE_HAL_DRIVER -DSTM32F446xx -c -I../Core/Inc -I"C:/Users/JadduVenkatesh/Desktop/FreeRTOS/RTOS_WorkSpace/Sample_Project/Third_Party/SEGGER/Config" -I"C:/Users/JadduVenkatesh/Desktop/FreeRTOS/RTOS_WorkSpace/Sample_Project/Third_Party/SEGGER/OS" -I"C:/Users/JadduVenkatesh/Desktop/FreeRTOS/RTOS_WorkSpace/Sample_Project/Third_Party/SEGGER/SEGGER" -I"C:/Users/JadduVenkatesh/Desktop/FreeRTOS/RTOS_WorkSpace/Sample_Project/Third_Party/FreeRTOS/include" -I"C:/Users/JadduVenkatesh/Desktop/FreeRTOS/RTOS_WorkSpace/Sample_Project/Third_Party/FreeRTOS/portable/GCC/ARM_CM4F" -I"C:/Users/JadduVenkatesh/Desktop/FreeRTOS/RTOS_WorkSpace/Sample_Project/Third_Party/FreeRTOS" -I../Drivers/STM32F4xx_HAL_Driver/Inc -I../Drivers/STM32F4xx_HAL_Driver/Inc/Legacy -I../Drivers/CMSIS/Device/ST/STM32F4xx/Include -I../Drivers/CMSIS/Include -O0 -ffunction-sections -fdata-sections -Wall -fstack-usage -fcyclomatic-complexity -MMD -MP -MF"Drivers/STM32F4xx_HAL_Driver/Src/stm32f4xx_hal_flash_ex.d" -MT"Drivers/STM32F4xx_HAL_Driver/Src/stm32f4xx_hal_flash_ex.o" --specs=nano.specs -mfpu=fpv4-sp-d16 -mfloat-abi=hard -mthumb -o "Drivers/STM32F4xx_HAL_Driver/Src/stm32f4xx_hal_flash_ex.o"
arm-none-eabi-gcc "../Drivers/STM32F4xx_HAL_Driver/Src/stm32f4xx_hal_flash_ramfunc.c" -mcpu=cortex-m4 -std=gnu11 -g3 -DDEBUG -DUSE_HAL_DRIVER -DSTM32F446xx -c -I../Core/Inc -I"C:/Users/JadduVenkatesh/Desktop/FreeRTOS/RTOS_WorkSpace/Sample_Project/Third_Party/SEGGER/Config" -I"C:/Users/JadduVenkatesh/Desktop/FreeRTOS/RTOS_WorkSpace/Sample_Project/Third_Party/SEGGER/OS" -I"C:/Users/JadduVenkatesh/Desktop/FreeRTOS/RTOS_WorkSpace/Sample_Project/Third_Party/SEGGER/SEGGER" -I"C:/Users/JadduVenkatesh/Desktop/FreeRTOS/RTOS_WorkSpace/Sample_Project/Third_Party/FreeRTOS/include" -I"C:/Users/JadduVenkatesh/Desktop/FreeRTOS/RTOS_WorkSpace/Sample_Project/Third_Party/FreeRTOS/portable/GCC/ARM_CM4F" -I"C:/Users/JadduVenkatesh/Desktop/FreeRTOS/RTOS_WorkSpace/Sample_Project/Third_Party/FreeRTOS" -I../Drivers/STM32F4xx_HAL_Driver/Inc -I../Drivers/STM32F4xx_HAL_Driver/Inc/Legacy -I../Drivers/CMSIS/Device/ST/STM32F4xx/Include -I../Drivers/CMSIS/Include -O0 -ffunction-sections -fdata-sections -Wall -fstack-usage -fcyclomatic-complexity -MMD -MP -MF"Drivers/STM32F4xx_HAL_Driver/Src/stm32f4xx_hal_flash_ramfunc.d" -MT"Drivers/STM32F4xx_HAL_Driver/Src/stm32f4xx_hal_flash_ramfunc.o" --specs=nano.specs -mfpu=fpv4-sp-d16 -mfloat-abi=hard -mthumb -o "Drivers/STM32F4xx_HAL_Driver/Src/stm32f4xx_hal_flash_ramfunc.o"
arm-none-eabi-gcc "../Drivers/STM32F4xx_HAL_Driver/Src/stm32f4xx_hal_gpio.c" -mcpu=cortex-m4 -std=gnu11 -g3 -DDEBUG -DUSE_HAL_DRIVER -DSTM32F446xx -c -I../Core/Inc -I"C:/Users/JadduVenkatesh/Desktop/FreeRTOS/RTOS_WorkSpace/Sample_Project/Third_Party/SEGGER/Config" -I"C:/Users/JadduVenkatesh/Desktop/FreeRTOS/RTOS_WorkSpace/Sample_Project/Third_Party/SEGGER/OS" -I"C:/Users/JadduVenkatesh/Desktop/FreeRTOS/RTOS_WorkSpace/Sample_Project/Third_Party/SEGGER/SEGGER" -I"C:/Users/JadduVenkatesh/Desktop/FreeRTOS/RTOS_WorkSpace/Sample_Project/Third_Party/FreeRTOS/include" -I"C:/Users/JadduVenkatesh/Desktop/FreeRTOS/RTOS_WorkSpace/Sample_Project/Third_Party/FreeRTOS/portable/GCC/ARM_CM4F" -I"C:/Users/JadduVenkatesh/Desktop/FreeRTOS/RTOS_WorkSpace/Sample_Project/Third_Party/FreeRTOS" -I../Drivers/STM32F4xx_HAL_Driver/Inc -I../Drivers/STM32F4xx_HAL_Driver/Inc/Legacy -I../Drivers/CMSIS/Device/ST/STM32F4xx/Include -I../Drivers/CMSIS/Include -O0 -ffunction-sections -fdata-sections -Wall -fstack-usage -fcyclomatic-complexity -MMD -MP -MF"Drivers/STM32F4xx_HAL_Driver/Src/stm32f4xx_hal_gpio.d" -MT"Drivers/STM32F4xx_HAL_Driver/Src/stm32f4xx_hal_gpio.o" --specs=nano.specs -mfpu=fpv4-sp-d16 -mfloat-abi=hard -mthumb -o "Drivers/STM32F4xx_HAL_Driver/Src/stm32f4xx_hal_gpio.o"
arm-none-eabi-gcc "../Drivers/STM32F4xx_HAL_Driver/Src/stm32f4xx_hal_pwr.c" -mcpu=cortex-m4 -std=gnu11 -g3 -DDEBUG -DUSE_HAL_DRIVER -DSTM32F446xx -c -I../Core/Inc -I"C:/Users/JadduVenkatesh/Desktop/FreeRTOS/RTOS_WorkSpace/Sample_Project/Third_Party/SEGGER/Config" -I"C:/Users/JadduVenkatesh/Desktop/FreeRTOS/RTOS_WorkSpace/Sample_Project/Third_Party/SEGGER/OS" -I"C:/Users/JadduVenkatesh/Desktop/FreeRTOS/RTOS_WorkSpace/Sample_Project/Third_Party/SEGGER/SEGGER" -I"C:/Users/JadduVenkatesh/Desktop/FreeRTOS/RTOS_WorkSpace/Sample_Project/Third_Party/FreeRTOS/include" -I"C:/Users/JadduVenkatesh/Desktop/FreeRTOS/RTOS_WorkSpace/Sample_Project/Third_Party/FreeRTOS/portable/GCC/ARM_CM4F" -I"C:/Users/JadduVenkatesh/Desktop/FreeRTOS/RTOS_WorkSpace/Sample_Project/Third_Party/FreeRTOS" -I../Drivers/STM32F4xx_HAL_Driver/Inc -I../Drivers/STM32F4xx_HAL_Driver/Inc/Legacy -I../Drivers/CMSIS/Device/ST/STM32F4xx/Include -I../Drivers/CMSIS/Include -O0 -ffunction-sections -fdata-sections -Wall -fstack-usage -fcyclomatic-complexity -MMD -MP -MF"Drivers/STM32F4xx_HAL_Driver/Src/stm32f4xx_hal_pwr.d" -MT"Drivers/STM32F4xx_HAL_Driver/Src/stm32f4xx_hal_pwr.o" --specs=nano.specs -mfpu=fpv4-sp-d16 -mfloat-abi=hard -mthumb -o "Drivers/STM32F4xx_HAL_Driver/Src/stm32f4xx_hal_pwr.o"
arm-none-eabi-gcc "../Drivers/STM32F4xx_HAL_Driver/Src/stm32f4xx_hal_pwr_ex.c" -mcpu=cortex-m4 -std=gnu11 -g3 -DDEBUG -DUSE_HAL_DRIVER -DSTM32F446xx -c -I../Core/Inc -I"C:/Users/JadduVenkatesh/Desktop/FreeRTOS/RTOS_WorkSpace/Sample_Project/Third_Party/SEGGER/Config" -I"C:/Users/JadduVenkatesh/Desktop/FreeRTOS/RTOS_WorkSpace/Sample_Project/Third_Party/SEGGER/OS" -I"C:/Users/JadduVenkatesh/Desktop/FreeRTOS/RTOS_WorkSpace/Sample_Project/Third_Party/SEGGER/SEGGER" -I"C:/Users/JadduVenkatesh/Desktop/FreeRTOS/RTOS_WorkSpace/Sample_Project/Third_Party/FreeRTOS/include" -I"C:/Users/JadduVenkatesh/Desktop/FreeRTOS/RTOS_WorkSpace/Sample_Project/Third_Party/FreeRTOS/portable/GCC/ARM_CM4F" -I"C:/Users/JadduVenkatesh/Desktop/FreeRTOS/RTOS_WorkSpace/Sample_Project/Third_Party/FreeRTOS" -I../Drivers/STM32F4xx_HAL_Driver/Inc -I../Drivers/STM32F4xx_HAL_Driver/Inc/Legacy -I../Drivers/CMSIS/Device/ST/STM32F4xx/Include -I../Drivers/CMSIS/Include -O0 -ffunction-sections -fdata-sections -Wall -fstack-usage -fcyclomatic-complexity -MMD -MP -MF"Drivers/STM32F4xx_HAL_Driver/Src/stm32f4xx_hal_pwr_ex.d" -MT"Drivers/STM32F4xx_HAL_Driver/Src/stm32f4xx_hal_pwr_ex.o" --specs=nano.specs -mfpu=fpv4-sp-d16 -mfloat-abi=hard -mthumb -o "Drivers/STM32F4xx_HAL_Driver/Src/stm32f4xx_hal_pwr_ex.o"
arm-none-eabi-gcc "../Drivers/STM32F4xx_HAL_Driver/Src/stm32f4xx_hal_rcc.c" -mcpu=cortex-m4 -std=gnu11 -g3 -DDEBUG -DUSE_HAL_DRIVER -DSTM32F446xx -c -I../Core/Inc -I"C:/Users/JadduVenkatesh/Desktop/FreeRTOS/RTOS_WorkSpace/Sample_Project/Third_Party/SEGGER/Config" -I"C:/Users/JadduVenkatesh/Desktop/FreeRTOS/RTOS_WorkSpace/Sample_Project/Third_Party/SEGGER/OS" -I"C:/Users/JadduVenkatesh/Desktop/FreeRTOS/RTOS_WorkSpace/Sample_Project/Third_Party/SEGGER/SEGGER" -I"C:/Users/JadduVenkatesh/Desktop/FreeRTOS/RTOS_WorkSpace/Sample_Project/Third_Party/FreeRTOS/include" -I"C:/Users/JadduVenkatesh/Desktop/FreeRTOS/RTOS_WorkSpace/Sample_Project/Third_Party/FreeRTOS/portable/GCC/ARM_CM4F" -I"C:/Users/JadduVenkatesh/Desktop/FreeRTOS/RTOS_WorkSpace/Sample_Project/Third_Party/FreeRTOS" -I../Drivers/STM32F4xx_HAL_Driver/Inc -I../Drivers/STM32F4xx_HAL_Driver/Inc/Legacy -I../Drivers/CMSIS/Device/ST/STM32F4xx/Include -I../Drivers/CMSIS/Include -O0 -ffunction-sections -fdata-sections -Wall -fstack-usage -fcyclomatic-complexity -MMD -MP -MF"Drivers/STM32F4xx_HAL_Driver/Src/stm32f4xx_hal_rcc.d" -MT"Drivers/STM32F4xx_HAL_Driver/Src/stm32f4xx_hal_rcc.o" --specs=nano.specs -mfpu=fpv4-sp-d16 -mfloat-abi=hard -mthumb -o "Drivers/STM32F4xx_HAL_Driver/Src/stm32f4xx_hal_rcc.o"
arm-none-eabi-gcc "../Drivers/STM32F4xx_HAL_Driver/Src/stm32f4xx_hal_rcc_ex.c" -mcpu=cortex-m4 -std=gnu11 -g3 -DDEBUG -DUSE_HAL_DRIVER -DSTM32F446xx -c -I../Core/Inc -I"C:/Users/JadduVenkatesh/Desktop/FreeRTOS/RTOS_WorkSpace/Sample_Project/Third_Party/SEGGER/Config" -I"C:/Users/JadduVenkatesh/Desktop/FreeRTOS/RTOS_WorkSpace/Sample_Project/Third_Party/SEGGER/OS" -I"C:/Users/JadduVenkatesh/Desktop/FreeRTOS/RTOS_WorkSpace/Sample_Project/Third_Party/SEGGER/SEGGER" -I"C:/Users/JadduVenkatesh/Desktop/FreeRTOS/RTOS_WorkSpace/Sample_Project/Third_Party/FreeRTOS/include" -I"C:/Users/JadduVenkatesh/Desktop/FreeRTOS/RTOS_WorkSpace/Sample_Project/Third_Party/FreeRTOS/portable/GCC/ARM_CM4F" -I"C:/Users/JadduVenkatesh/Desktop/FreeRTOS/RTOS_WorkSpace/Sample_Project/Third_Party/FreeRTOS" -I../Drivers/STM32F4xx_HAL_Driver/Inc -I../Drivers/STM32F4xx_HAL_Driver/Inc/Legacy -I../Drivers/CMSIS/Device/ST/STM32F4xx/Include -I../Drivers/CMSIS/Include -O0 -ffunction-sections -fdata-sections -Wall -fstack-usage -fcyclomatic-complexity -MMD -MP -MF"Drivers/STM32F4xx_HAL_Driver/Src/stm32f4xx_hal_rcc_ex.d" -MT"Drivers/STM32F4xx_HAL_Driver/Src/stm32f4xx_hal_rcc_ex.o" --specs=nano.specs -mfpu=fpv4-sp-d16 -mfloat-abi=hard -mthumb -o "Drivers/STM32F4xx_HAL_Driver/Src/stm32f4xx_hal_rcc_ex.o"
arm-none-eabi-gcc "../Drivers/STM32F4xx_HAL_Driver/Src/stm32f4xx_hal_tim.c" -mcpu=cortex-m4 -std=gnu11 -g3 -DDEBUG -DUSE_HAL_DRIVER -DSTM32F446xx -c -I../Core/Inc -I"C:/Users/JadduVenkatesh/Desktop/FreeRTOS/RTOS_WorkSpace/Sample_Project/Third_Party/SEGGER/Config" -I"C:/Users/JadduVenkatesh/Desktop/FreeRTOS/RTOS_WorkSpace/Sample_Project/Third_Party/SEGGER/OS" -I"C:/Users/JadduVenkatesh/Desktop/FreeRTOS/RTOS_WorkSpace/Sample_Project/Third_Party/SEGGER/SEGGER" -I"C:/Users/JadduVenkatesh/Desktop/FreeRTOS/RTOS_WorkSpace/Sample_Project/Third_Party/FreeRTOS/include" -I"C:/Users/JadduVenkatesh/Desktop/FreeRTOS/RTOS_WorkSpace/Sample_Project/Third_Party/FreeRTOS/portable/GCC/ARM_CM4F" -I"C:/Users/JadduVenkatesh/Desktop/FreeRTOS/RTOS_WorkSpace/Sample_Project/Third_Party/FreeRTOS" -I../Drivers/STM32F4xx_HAL_Driver/Inc -I../Drivers/STM32F4xx_HAL_Driver/Inc/Legacy -I../Drivers/CMSIS/Device/ST/STM32F4xx/Include -I../Drivers/CMSIS/Include -O0 -ffunction-sections -fdata-sections -Wall -fstack-usage -fcyclomatic-complexity -MMD -MP -MF"Drivers/STM32F4xx_HAL_Driver/Src/stm32f4xx_hal_tim.d" -MT"Drivers/STM32F4xx_HAL_Driver/Src/stm32f4xx_hal_tim.o" --specs=nano.specs -mfpu=fpv4-sp-d16 -mfloat-abi=hard -mthumb -o "Drivers/STM32F4xx_HAL_Driver/Src/stm32f4xx_hal_tim.o"
arm-none-eabi-gcc "../Drivers/STM32F4xx_HAL_Driver/Src/stm32f4xx_hal_tim_ex.c" -mcpu=cortex-m4 -std=gnu11 -g3 -DDEBUG -DUSE_HAL_DRIVER -DSTM32F446xx -c -I../Core/Inc -I"C:/Users/JadduVenkatesh/Desktop/FreeRTOS/RTOS_WorkSpace/Sample_Project/Third_Party/SEGGER/Config" -I"C:/Users/JadduVenkatesh/Desktop/FreeRTOS/RTOS_WorkSpace/Sample_Project/Third_Party/SEGGER/OS" -I"C:/Users/JadduVenkatesh/Desktop/FreeRTOS/RTOS_WorkSpace/Sample_Project/Third_Party/SEGGER/SEGGER" -I"C:/Users/JadduVenkatesh/Desktop/FreeRTOS/RTOS_WorkSpace/Sample_Project/Third_Party/FreeRTOS/include" -I"C:/Users/JadduVenkatesh/Desktop/FreeRTOS/RTOS_WorkSpace/Sample_Project/Third_Party/FreeRTOS/portable/GCC/ARM_CM4F" -I"C:/Users/JadduVenkatesh/Desktop/FreeRTOS/RTOS_WorkSpace/Sample_Project/Third_Party/FreeRTOS" -I../Drivers/STM32F4xx_HAL_Driver/Inc -I../Drivers/STM32F4xx_HAL_Driver/Inc/Legacy -I../Drivers/CMSIS/Device/ST/STM32F4xx/Include -I../Drivers/CMSIS/Include -O0 -ffunction-sections -fdata-sections -Wall -fstack-usage -fcyclomatic-complexity -MMD -MP -MF"Drivers/STM32F4xx_HAL_Driver/Src/stm32f4xx_hal_tim_ex.d" -MT"Drivers/STM32F4xx_HAL_Driver/Src/stm32f4xx_hal_tim_ex.o" --specs=nano.specs -mfpu=fpv4-sp-d16 -mfloat-abi=hard -mthumb -o "Drivers/STM32F4xx_HAL_Driver/Src/stm32f4xx_hal_tim_ex.o"
arm-none-eabi-gcc -mcpu=cortex-m4 -g3 -DDEBUG -c -I"C:/Users/JadduVenkatesh/Desktop/FreeRTOS/RTOS_WorkSpace/Sample_Project/Third_Party/SEGGER/Config" -x assembler-with-cpp -MMD -MP -MF"Core/Startup/startup_stm32f446retx.d" -MT"Core/Startup/startup_stm32f446retx.o" --specs=nano.specs -mfpu=fpv4-sp-d16 -mfloat-abi=hard -mthumb -o "Core/Startup/startup_stm32f446retx.o" "../Core/Startup/startup_stm32f446retx.s"
arm-none-eabi-gcc "../Core/Src/main.c" -mcpu=cortex-m4 -std=gnu11 -g3 -DDEBUG -DUSE_HAL_DRIVER -DSTM32F446xx -c -I../Core/Inc -I"C:/Users/JadduVenkatesh/Desktop/FreeRTOS/RTOS_WorkSpace/Sample_Project/Third_Party/SEGGER/Config" -I"C:/Users/JadduVenkatesh/Desktop/FreeRTOS/RTOS_WorkSpace/Sample_Project/Third_Party/SEGGER/OS" -I"C:/Users/JadduVenkatesh/Desktop/FreeRTOS/RTOS_WorkSpace/Sample_Project/Third_Party/SEGGER/SEGGER" -I"C:/Users/JadduVenkatesh/Desktop/FreeRTOS/RTOS_WorkSpace/Sample_Project/Third_Party/FreeRTOS/include" -I"C:/Users/JadduVenkatesh/Desktop/FreeRTOS/RTOS_WorkSpace/Sample_Project/Third_Party/FreeRTOS/portable/GCC/ARM_CM4F" -I"C:/Users/JadduVenkatesh/Desktop/FreeRTOS/RTOS_WorkSpace/Sample_Project/Third_Party/FreeRTOS" -I../Drivers/STM32F4xx_HAL_Driver/Inc -I../Drivers/STM32F4xx_HAL_Driver/Inc/Legacy -I../Drivers/CMSIS/Device/ST/STM32F4xx/Include -I../Drivers/CMSIS/Include -O0 -ffunction-sections -fdata-sections -Wall -fstack-usage -fcyclomatic-complexity -MMD -MP -MF"Core/Src/main.d" -MT"Core/Src/main.o" --specs=nano.specs -mfpu=fpv4-sp-d16 -mfloat-abi=hard -mthumb -o "Core/Src/main.o"
arm-none-eabi-gcc "../Core/Src/stm32f4xx_hal_msp.c" -mcpu=cortex-m4 -std=gnu11 -g3 -DDEBUG -DUSE_HAL_DRIVER -DSTM32F446xx -c -I../Core/Inc -I"C:/Users/JadduVenkatesh/Desktop/FreeRTOS/RTOS_WorkSpace/Sample_Project/Third_Party/SEGGER/Config" -I"C:/Users/JadduVenkatesh/Desktop/FreeRTOS/RTOS_WorkSpace/Sample_Project/Third_Party/SEGGER/OS" -I"C:/Users/JadduVenkatesh/Desktop/FreeRTOS/RTOS_WorkSpace/Sample_Project/Third_Party/SEGGER/SEGGER" -I"C:/Users/JadduVenkatesh/Desktop/FreeRTOS/RTOS_WorkSpace/Sample_Project/Third_Party/FreeRTOS/include" -I"C:/Users/JadduVenkatesh/Desktop/FreeRTOS/RTOS_WorkSpace/Sample_Project/Third_Party/FreeRTOS/portable/GCC/ARM_CM4F" -I"C:/Users/JadduVenkatesh/Desktop/FreeRTOS/RTOS_WorkSpace/Sample_Project/Third_Party/FreeRTOS" -I../Drivers/STM32F4xx_HAL_Driver/Inc -I../Drivers/STM32F4xx_HAL_Driver/Inc/Legacy -I../Drivers/CMSIS/Device/ST/STM32F4xx/Include -I../Drivers/CMSIS/Include -O0 -ffunction-sections -fdata-sections -Wall -fstack-usage -fcyclomatic-complexity -MMD -MP -MF"Core/Src/stm32f4xx_hal_msp.d" -MT"Core/Src/stm32f4xx_hal_msp.o" --specs=nano.specs -mfpu=fpv4-sp-d16 -mfloat-abi=hard -mthumb -o "Core/Src/stm32f4xx_hal_msp.o"
arm-none-eabi-gcc "../Core/Src/stm32f4xx_hal_timebase_tim.c" -mcpu=cortex-m4 -std=gnu11 -g3 -DDEBUG -DUSE_HAL_DRIVER -DSTM32F446xx -c -I../Core/Inc -I"C:/Users/JadduVenkatesh/Desktop/FreeRTOS/RTOS_WorkSpace/Sample_Project/Third_Party/SEGGER/Config" -I"C:/Users/JadduVenkatesh/Desktop/FreeRTOS/RTOS_WorkSpace/Sample_Project/Third_Party/SEGGER/OS" -I"C:/Users/JadduVenkatesh/Desktop/FreeRTOS/RTOS_WorkSpace/Sample_Project/Third_Party/SEGGER/SEGGER" -I"C:/Users/JadduVenkatesh/Desktop/FreeRTOS/RTOS_WorkSpace/Sample_Project/Third_Party/FreeRTOS/include" -I"C:/Users/JadduVenkatesh/Desktop/FreeRTOS/RTOS_WorkSpace/Sample_Project/Third_Party/FreeRTOS/portable/GCC/ARM_CM4F" -I"C:/Users/JadduVenkatesh/Desktop/FreeRTOS/RTOS_WorkSpace/Sample_Project/Third_Party/FreeRTOS" -I../Drivers/STM32F4xx_HAL_Driver/Inc -I../Drivers/STM32F4xx_HAL_Driver/Inc/Legacy -I../Drivers/CMSIS/Device/ST/STM32F4xx/Include -I../Drivers/CMSIS/Include -O0 -ffunction-sections -fdata-sections -Wall -fstack-usage -fcyclomatic-complexity -MMD -MP -MF"Core/Src/stm32f4xx_hal_timebase_tim.d" -MT"Core/Src/stm32f4xx_hal_timebase_tim.o" --specs=nano.specs -mfpu=fpv4-sp-d16 -mfloat-abi=hard -mthumb -o "Core/Src/stm32f4xx_hal_timebase_tim.o"
arm-none-eabi-gcc "../Core/Src/stm32f4xx_it.c" -mcpu=cortex-m4 -std=gnu11 -g3 -DDEBUG -DUSE_HAL_DRIVER -DSTM32F446xx -c -I../Core/Inc -I"C:/Users/JadduVenkatesh/Desktop/FreeRTOS/RTOS_WorkSpace/Sample_Project/Third_Party/SEGGER/Config" -I"C:/Users/JadduVenkatesh/Desktop/FreeRTOS/RTOS_WorkSpace/Sample_Project/Third_Party/SEGGER/OS" -I"C:/Users/JadduVenkatesh/Desktop/FreeRTOS/RTOS_WorkSpace/Sample_Project/Third_Party/SEGGER/SEGGER" -I"C:/Users/JadduVenkatesh/Desktop/FreeRTOS/RTOS_WorkSpace/Sample_Project/Third_Party/FreeRTOS/include" -I"C:/Users/JadduVenkatesh/Desktop/FreeRTOS/RTOS_WorkSpace/Sample_Project/Third_Party/FreeRTOS/portable/GCC/ARM_CM4F" -I"C:/Users/JadduVenkatesh/Desktop/FreeRTOS/RTOS_WorkSpace/Sample_Project/Third_Party/FreeRTOS" -I../Drivers/STM32F4xx_HAL_Driver/Inc -I../Drivers/STM32F4xx_HAL_Driver/Inc/Legacy -I../Drivers/CMSIS/Device/ST/STM32F4xx/Include -I../Drivers/CMSIS/Include -O0 -ffunction-sections -fdata-sections -Wall -fstack-usage -fcyclomatic-complexity -MMD -MP -MF"Core/Src/stm32f4xx_it.d" -MT"Core/Src/stm32f4xx_it.o" --specs=nano.specs -mfpu=fpv4-sp-d16 -mfloat-abi=hard -mthumb -o "Core/Src/stm32f4xx_it.o"
arm-none-eabi-gcc "../Core/Src/syscalls.c" -mcpu=cortex-m4 -std=gnu11 -g3 -DDEBUG -DUSE_HAL_DRIVER -DSTM32F446xx -c -I../Core/Inc -I"C:/Users/JadduVenkatesh/Desktop/FreeRTOS/RTOS_WorkSpace/Sample_Project/Third_Party/SEGGER/Config" -I"C:/Users/JadduVenkatesh/Desktop/FreeRTOS/RTOS_WorkSpace/Sample_Project/Third_Party/SEGGER/OS" -I"C:/Users/JadduVenkatesh/Desktop/FreeRTOS/RTOS_WorkSpace/Sample_Project/Third_Party/SEGGER/SEGGER" -I"C:/Users/JadduVenkatesh/Desktop/FreeRTOS/RTOS_WorkSpace/Sample_Project/Third_Party/FreeRTOS/include" -I"C:/Users/JadduVenkatesh/Desktop/FreeRTOS/RTOS_WorkSpace/Sample_Project/Third_Party/FreeRTOS/portable/GCC/ARM_CM4F" -I"C:/Users/JadduVenkatesh/Desktop/FreeRTOS/RTOS_WorkSpace/Sample_Project/Third_Party/FreeRTOS" -I../Drivers/STM32F4xx_HAL_Driver/Inc -I../Drivers/STM32F4xx_HAL_Driver/Inc/Legacy -I../Drivers/CMSIS/Device/ST/STM32F4xx/Include -I../Drivers/CMSIS/Include -O0 -ffunction-sections -fdata-sections -Wall -fstack-usage -fcyclomatic-complexity -MMD -MP -MF"Core/Src/syscalls.d" -MT"Core/Src/syscalls.o" --specs=nano.specs -mfpu=fpv4-sp-d16 -mfloat-abi=hard -mthumb -o "Core/Src/syscalls.o"
arm-none-eabi-gcc "../Core/Src/sysmem.c" -mcpu=cortex-m4 -std=gnu11 -g3 -DDEBUG -DUSE_HAL_DRIVER -DSTM32F446xx -c -I../Core/Inc -I"C:/Users/JadduVenkatesh/Desktop/FreeRTOS/RTOS_WorkSpace/Sample_Project/Third_Party/SEGGER/Config" -I"C:/Users/JadduVenkatesh/Desktop/FreeRTOS/RTOS_WorkSpace/Sample_Project/Third_Party/SEGGER/OS" -I"C:/Users/JadduVenkatesh/Desktop/FreeRTOS/RTOS_WorkSpace/Sample_Project/Third_Party/SEGGER/SEGGER" -I"C:/Users/JadduVenkatesh/Desktop/FreeRTOS/RTOS_WorkSpace/Sample_Project/Third_Party/FreeRTOS/include" -I"C:/Users/JadduVenkatesh/Desktop/FreeRTOS/RTOS_WorkSpace/Sample_Project/Third_Party/FreeRTOS/portable/GCC/ARM_CM4F" -I"C:/Users/JadduVenkatesh/Desktop/FreeRTOS/RTOS_WorkSpace/Sample_Project/Third_Party/FreeRTOS" -I../Drivers/STM32F4xx_HAL_Driver/Inc -I../Drivers/STM32F4xx_HAL_Driver/Inc/Legacy -I../Drivers/CMSIS/Device/ST/STM32F4xx/Include -I../Drivers/CMSIS/Include -O0 -ffunction-sections -fdata-sections -Wall -fstack-usage -fcyclomatic-complexity -MMD -MP -MF"Core/Src/sysmem.d" -MT"Core/Src/sysmem.o" --specs=nano.specs -mfpu=fpv4-sp-d16 -mfloat-abi=hard -mthumb -o "Core/Src/sysmem.o"
arm-none-eabi-gcc "../Core/Src/system_stm32f4xx.c" -mcpu=cortex-m4 -std=gnu11 -g3 -DDEBUG -DUSE_HAL_DRIVER -DSTM32F446xx -c -I../Core/Inc -I"C:/Users/JadduVenkatesh/Desktop/FreeRTOS/RTOS_WorkSpace/Sample_Project/Third_Party/SEGGER/Config" -I"C:/Users/JadduVenkatesh/Desktop/FreeRTOS/RTOS_WorkSpace/Sample_Project/Third_Party/SEGGER/OS" -I"C:/Users/JadduVenkatesh/Desktop/FreeRTOS/RTOS_WorkSpace/Sample_Project/Third_Party/SEGGER/SEGGER" -I"C:/Users/JadduVenkatesh/Desktop/FreeRTOS/RTOS_WorkSpace/Sample_Project/Third_Party/FreeRTOS/include" -I"C:/Users/JadduVenkatesh/Desktop/FreeRTOS/RTOS_WorkSpace/Sample_Project/Third_Party/FreeRTOS/portable/GCC/ARM_CM4F" -I"C:/Users/JadduVenkatesh/Desktop/FreeRTOS/RTOS_WorkSpace/Sample_Project/Third_Party/FreeRTOS" -I../Drivers/STM32F4xx_HAL_Driver/Inc -I../Drivers/STM32F4xx_HAL_Driver/Inc/Legacy -I../Drivers/CMSIS/Device/ST/STM32F4xx/Include -I../Drivers/CMSIS/Include -O0 -ffunction-sections -fdata-sections -Wall -fstack-usage -fcyclomatic-complexity -MMD -MP -MF"Core/Src/system_stm32f4xx.d" -MT"Core/Src/system_stm32f4xx.o" --specs=nano.specs -mfpu=fpv4-sp-d16 -mfloat-abi=hard -mthumb -o "Core/Src/system_stm32f4xx.o"
arm-none-eabi-gcc -o "Sample_Project.elf" @"objects.list"   -mcpu=cortex-m4 -T"C:\Users\JadduVenkatesh\Desktop\FreeRTOS\RTOS_WorkSpace\Sample_Project\STM32F446RETX_FLASH.ld" --specs=nosys.specs -Wl,-Map="Sample_Project.map" -Wl,--gc-sections -static -L"C:\Users\JadduVenkatesh\Desktop\FreeRTOS\RTOS_WorkSpace\Sample_Project\Third_Party\FreeRTOS" -v --specs=nano.specs -mfpu=fpv4-sp-d16 -mfloat-abi=hard -mthumb -Wl,--start-group -lc -lm -Wl,--end-group
Using built-in specs.
Reading specs from C:/ST/STM32CubeIDE_1.17.0/STM32CubeIDE/plugins/com.st.stm32cube.ide.mcu.externaltools.gnu-tools-for-stm32.12.3.rel1.win32_1.1.0.202410251130/tools/bin/../lib/gcc/arm-none-eabi/12.3.1/../../../../arm-none-eabi/lib/nosys.specs
rename spec link_gcc_c_sequence to nosys_link_gcc_c_sequence
Reading specs from C:/ST/STM32CubeIDE_1.17.0/STM32CubeIDE/plugins/com.st.stm32cube.ide.mcu.externaltools.gnu-tools-for-stm32.12.3.rel1.win32_1.1.0.202410251130/tools/bin/../lib/gcc/arm-none-eabi/12.3.1/../../../../arm-none-eabi/lib/nano.specs
rename spec link to nano_link
rename spec link_gcc_c_sequence to nano_link_gcc_c_sequence
rename spec cpp_unique_options to nano_cpp_unique_options
COLLECT_GCC=arm-none-eabi-gcc
COLLECT_LTO_WRAPPER=C:/ST/STM32CubeIDE_1.17.0/STM32CubeIDE/plugins/com.st.stm32cube.ide.mcu.externaltools.gnu-tools-for-stm32.12.3.rel1.win32_1.1.0.202410251130/tools/bin/../lib/gcc/arm-none-eabi/12.3.1/lto-wrapper.exe
Target: arm-none-eabi
Configured with: /build/gnu-tools-for-stm32_12.3.rel1.20240926-1715/src/gcc/configure --build=x86_64-linux-gnu --host=x86_64-w64-mingw32 --target=arm-none-eabi --prefix=/build/gnu-tools-for-stm32_12.3.rel1.20240926-1715/install-mingw --libexecdir=/build/gnu-tools-for-stm32_12.3.rel1.20240926-1715/install-mingw/lib --infodir=/build/gnu-tools-for-stm32_12.3.rel1.20240926-1715/install-mingw/share/doc/gcc-arm-none-eabi/info --mandir=/build/gnu-tools-for-stm32_12.3.rel1.20240926-1715/install-mingw/share/doc/gcc-arm-none-eabi/man --htmldir=/build/gnu-tools-for-stm32_12.3.rel1.20240926-1715/install-mingw/share/doc/gcc-arm-none-eabi/html --pdfdir=/build/gnu-tools-for-stm32_12.3.rel1.20240926-1715/install-mingw/share/doc/gcc-arm-none-eabi/pdf --enable-languages=c,c++ --enable-mingw-wildcard --disable-decimal-float --disable-libffi --disable-libgomp --disable-libmudflap --disable-libquadmath --disable-libssp --disable-libstdcxx-pch --disable-nls --disable-shared --disable-threads --disable-tls --with-gnu-as --with-gnu-ld --with-headers=yes --with-newlib --with-python-dir=share/gcc-arm-none-eabi --with-sysroot=/build/gnu-tools-for-stm32_12.3.rel1.20240926-1715/install-mingw/arm-none-eabi --with-libiconv-prefix=/build/gnu-tools-for-stm32_12.3.rel1.20240926-1715/build-mingw/host-libs/usr --with-gmp=/build/gnu-tools-for-stm32_12.3.rel1.20240926-1715/build-mingw/host-libs/usr --with-mpfr=/build/gnu-tools-for-stm32_12.3.rel1.20240926-1715/build-mingw/host-libs/usr --with-mpc=/build/gnu-tools-for-stm32_12.3.rel1.20240926-1715/build-mingw/host-libs/usr --with-isl=/build/gnu-tools-for-stm32_12.3.rel1.20240926-1715/build-mingw/host-libs/usr --with-host-libstdcxx='-static-libgcc -Wl,-Bstatic,-lstdc++,-Bdynamic -lm' --with-pkgversion='GNU Tools for STM32 12.3.rel1.20240926-1715' --with-multilib-list=rmprofile,aprofile
Thread model: single
Supported LTO compression algorithms: zlib
gcc version 12.3.1 20230626 (GNU Tools for STM32 12.3.rel1.20240926-1715) 
MAKEFLAGS= -j8 
COMPILER_PATH=C:/ST/STM32CubeIDE_1.17.0/STM32CubeIDE/plugins/com.st.stm32cube.ide.mcu.externaltools.gnu-tools-for-stm32.12.3.rel1.win32_1.1.0.202410251130/tools/bin/../lib/gcc/arm-none-eabi/12.3.1/;C:/ST/STM32CubeIDE_1.17.0/STM32CubeIDE/plugins/com.st.stm32cube.ide.mcu.externaltools.gnu-tools-for-stm32.12.3.rel1.win32_1.1.0.202410251130/tools/bin/../lib/gcc/;C:/ST/STM32CubeIDE_1.17.0/STM32CubeIDE/plugins/com.st.stm32cube.ide.mcu.externaltools.gnu-tools-for-stm32.12.3.rel1.win32_1.1.0.202410251130/tools/bin/../lib/gcc/arm-none-eabi/12.3.1/../../../../arm-none-eabi/bin/
LIBRARY_PATH=C:/ST/STM32CubeIDE_1.17.0/STM32CubeIDE/plugins/com.st.stm32cube.ide.mcu.externaltools.gnu-tools-for-stm32.12.3.rel1.win32_1.1.0.202410251130/tools/bin/../lib/gcc/arm-none-eabi/12.3.1/thumb/v7e-m+fp/hard/;C:/ST/STM32CubeIDE_1.17.0/STM32CubeIDE/plugins/com.st.stm32cube.ide.mcu.externaltools.gnu-tools-for-stm32.12.3.rel1.win32_1.1.0.202410251130/tools/bin/../lib/gcc/arm-none-eabi/12.3.1/../../../../arm-none-eabi/lib/thumb/v7e-m+fp/hard/;C:/ST/STM32CubeIDE_1.17.0/STM32CubeIDE/plugins/com.st.stm32cube.ide.mcu.externaltools.gnu-tools-for-stm32.12.3.rel1.win32_1.1.0.202410251130/tools/bin/../arm-none-eabi/lib/thumb/v7e-m+fp/hard/;C:/ST/STM32CubeIDE_1.17.0/STM32CubeIDE/plugins/com.st.stm32cube.ide.mcu.externaltools.gnu-tools-for-stm32.12.3.rel1.win32_1.1.0.202410251130/tools/bin/../lib/gcc/arm-none-eabi/12.3.1/;C:/ST/STM32CubeIDE_1.17.0/STM32CubeIDE/plugins/com.st.stm32cube.ide.mcu.externaltools.gnu-tools-for-stm32.12.3.rel1.win32_1.1.0.202410251130/tools/bin/../lib/gcc/;C:/ST/STM32CubeIDE_1.17.0/STM32CubeIDE/plugins/com.st.stm32cube.ide.mcu.externaltools.gnu-tools-for-stm32.12.3.rel1.win32_1.1.0.202410251130/tools/bin/../lib/gcc/arm-none-eabi/12.3.1/../../../../arm-none-eabi/lib/;C:/ST/STM32CubeIDE_1.17.0/STM32CubeIDE/plugins/com.st.stm32cube.ide.mcu.externaltools.gnu-tools-for-stm32.12.3.rel1.win32_1.1.0.202410251130/tools/bin/../arm-none-eabi/lib/
COLLECT_GCC_OPTIONS='-o' 'Sample_Project.elf' '-mcpu=cortex-m4' '-T' 'C:\Users\JadduVenkatesh\Desktop\FreeRTOS\RTOS_WorkSpace\Sample_Project\STM32F446RETX_FLASH.ld' '-specs=nosys.specs' '-static' '-LC:\Users\JadduVenkatesh\Desktop\FreeRTOS\RTOS_WorkSpace\Sample_Project\Third_Party\FreeRTOS' '-v' '-specs=nano.specs' '-mfpu=fpv4-sp-d16' '-mfloat-abi=hard' '-mthumb' '-mlibarch=armv7e-m+fp' '-march=armv7e-m+fp' '-dumpdir' 'Sample_Project.elf.'
 C:/ST/STM32CubeIDE_1.17.0/STM32CubeIDE/plugins/com.st.stm32cube.ide.mcu.externaltools.gnu-tools-for-stm32.12.3.rel1.win32_1.1.0.202410251130/tools/bin/../lib/gcc/arm-none-eabi/12.3.1/collect2.exe -plugin C:/ST/STM32CubeIDE_1.17.0/STM32CubeIDE/plugins/com.st.stm32cube.ide.mcu.externaltools.gnu-tools-for-stm32.12.3.rel1.win32_1.1.0.202410251130/tools/bin/../lib/gcc/arm-none-eabi/12.3.1/liblto_plugin.dll -plugin-opt=C:/ST/STM32CubeIDE_1.17.0/STM32CubeIDE/plugins/com.st.stm32cube.ide.mcu.externaltools.gnu-tools-for-stm32.12.3.rel1.win32_1.1.0.202410251130/tools/bin/../lib/gcc/arm-none-eabi/12.3.1/lto-wrapper.exe -plugin-opt=-fresolution=C:\Users\JADDUV~1\AppData\Local\Temp\ccYdzNYc.res -plugin-opt=-pass-through=-lgcc -plugin-opt=-pass-through=-lc_nano -plugin-opt=-pass-through=-lgcc -plugin-opt=-pass-through=-lc_nano -plugin-opt=-pass-through=-lnosys -plugin-opt=-pass-through=-lgcc -plugin-opt=-pass-through=-lc_nano -plugin-opt=-pass-through=-lnosys --sysroot=C:\ST\STM32CubeIDE_1.17.0\STM32CubeIDE\plugins\com.st.stm32cube.ide.mcu.externaltools.gnu-tools-for-stm32.12.3.rel1.win32_1.1.0.202410251130\tools\bin/../arm-none-eabi -Bstatic -X -o Sample_Project.elf C:/ST/STM32CubeIDE_1.17.0/STM32CubeIDE/plugins/com.st.stm32cube.ide.mcu.externaltools.gnu-tools-for-stm32.12.3.rel1.win32_1.1.0.202410251130/tools/bin/../lib/gcc/arm-none-eabi/12.3.1/thumb/v7e-m+fp/hard/crti.o C:/ST/STM32CubeIDE_1.17.0/STM32CubeIDE/plugins/com.st.stm32cube.ide.mcu.externaltools.gnu-tools-for-stm32.12.3.rel1.win32_1.1.0.202410251130/tools/bin/../lib/gcc/arm-none-eabi/12.3.1/thumb/v7e-m+fp/hard/crtbegin.o C:/ST/STM32CubeIDE_1.17.0/STM32CubeIDE/plugins/com.st.stm32cube.ide.mcu.externaltools.gnu-tools-for-stm32.12.3.rel1.win32_1.1.0.202410251130/tools/bin/../lib/gcc/arm-none-eabi/12.3.1/../../../../arm-none-eabi/lib/thumb/v7e-m+fp/hard/crt0.o @C:\Users\JADDUV~1\AppData\Local\Temp\cccxTlsj -LC:/ST/STM32CubeIDE_1.17.0/STM32CubeIDE/plugins/com.st.stm32cube.ide.mcu.externaltools.gnu-tools-for-stm32.12.3.rel1.win32_1.1.0.202410251130/tools/bin/../lib/gcc/arm-none-eabi/12.3.1/thumb/v7e-m+fp/hard -LC:/ST/STM32CubeIDE_1.17.0/STM32CubeIDE/plugins/com.st.stm32cube.ide.mcu.externaltools.gnu-tools-for-stm32.12.3.rel1.win32_1.1.0.202410251130/tools/bin/../lib/gcc/arm-none-eabi/12.3.1/../../../../arm-none-eabi/lib/thumb/v7e-m+fp/hard -LC:/ST/STM32CubeIDE_1.17.0/STM32CubeIDE/plugins/com.st.stm32cube.ide.mcu.externaltools.gnu-tools-for-stm32.12.3.rel1.win32_1.1.0.202410251130/tools/bin/../arm-none-eabi/lib/thumb/v7e-m+fp/hard -LC:/ST/STM32CubeIDE_1.17.0/STM32CubeIDE/plugins/com.st.stm32cube.ide.mcu.externaltools.gnu-tools-for-stm32.12.3.rel1.win32_1.1.0.202410251130/tools/bin/../lib/gcc/arm-none-eabi/12.3.1 -LC:/ST/STM32CubeIDE_1.17.0/STM32CubeIDE/plugins/com.st.stm32cube.ide.mcu.externaltools.gnu-tools-for-stm32.12.3.rel1.win32_1.1.0.202410251130/tools/bin/../lib/gcc -LC:/ST/STM32CubeIDE_1.17.0/STM32CubeIDE/plugins/com.st.stm32cube.ide.mcu.externaltools.gnu-tools-for-stm32.12.3.rel1.win32_1.1.0.202410251130/tools/bin/../lib/gcc/arm-none-eabi/12.3.1/../../../../arm-none-eabi/lib -LC:/ST/STM32CubeIDE_1.17.0/STM32CubeIDE/plugins/com.st.stm32cube.ide.mcu.externaltools.gnu-tools-for-stm32.12.3.rel1.win32_1.1.0.202410251130/tools/bin/../arm-none-eabi/lib @C:\Users\JADDUV~1\AppData\Local\Temp\cc0ggV4p --start-group -lgcc -lc_nano --end-group --start-group -lgcc -lc_nano -lnosys --end-group --start-group -lgcc -lc_nano -lnosys --end-group C:/ST/STM32CubeIDE_1.17.0/STM32CubeIDE/plugins/com.st.stm32cube.ide.mcu.externaltools.gnu-tools-for-stm32.12.3.rel1.win32_1.1.0.202410251130/tools/bin/../lib/gcc/arm-none-eabi/12.3.1/thumb/v7e-m+fp/hard/crtend.o C:/ST/STM32CubeIDE_1.17.0/STM32CubeIDE/plugins/com.st.stm32cube.ide.mcu.externaltools.gnu-tools-for-stm32.12.3.rel1.win32_1.1.0.202410251130/tools/bin/../lib/gcc/arm-none-eabi/12.3.1/thumb/v7e-m+fp/hard/crtn.o -T C:\Users\JadduVenkatesh\Desktop\FreeRTOS\RTOS_WorkSpace\Sample_Project\STM32F446RETX_FLASH.ld
COLLECT_GCC_OPTIONS='-o' 'Sample_Project.elf' '-mcpu=cortex-m4' '-T' 'C:\Users\JadduVenkatesh\Desktop\FreeRTOS\RTOS_WorkSpace\Sample_Project\STM32F446RETX_FLASH.ld' '-specs=nosys.specs' '-static' '-LC:\Users\JadduVenkatesh\Desktop\FreeRTOS\RTOS_WorkSpace\Sample_Project\Third_Party\FreeRTOS' '-v' '-specs=nano.specs' '-mfpu=fpv4-sp-d16' '-mfloat-abi=hard' '-mthumb' '-mlibarch=armv7e-m+fp' '-march=armv7e-m+fp' '-dumpdir' 'Sample_Project.elf.'
Finished building target: Sample_Project.elf
 
arm-none-eabi-size  Sample_Project.elf 
arm-none-eabi-objdump -h -S Sample_Project.elf  > "Sample_Project.list"
   text	   data	    bss	    dec	    hex	filename
  30592	    108	  84956	 115656	  1c3c8	Sample_Project.elf
Finished building: default.size.stdout
 
Finished building: Sample_Project.list
 

00:07:25 Build Finished. 0 errors, 0 warnings. (took 15s.780ms)

